Component: ARM Compiler 5.06 update 7 (build 960) Tool: armlink [4d3601]

==============================================================================

Section Cross References

    robot.o(.text) refers to robot.o(.data) for robotInf
    chassis_task.o(.text) refers to detect_task.o(.text) for toe_is_error
    chassis_task.o(.text) refers to can.o(.text) for djiMotorCurrentSendQueue
    chassis_task.o(.text) refers to f2d.o(.text) for __aeabi_f2d
    chassis_task.o(.text) refers to ddiv.o(.text) for __aeabi_ddiv
    chassis_task.o(.text) refers to dmul.o(.text) for __aeabi_dmul
    chassis_task.o(.text) refers to d2f.o(.text) for __aeabi_d2f
    chassis_task.o(.text) refers to sin.o(i.__hardfp_sin) for __hardfp_sin
    chassis_task.o(.text) refers to cos.o(i.__hardfp_cos) for __hardfp_cos
    chassis_task.o(.text) refers to dadd.o(.text) for __aeabi_dsub
    chassis_task.o(.text) refers to user_lib.o(.text) for RAMP_float
    chassis_task.o(.text) refers to pid.o(.text) for PID_Calc
    chassis_task.o(.text) refers to chassis_task.o(.bss) for chassisTaskStructure
    chassis_task.o(.text) refers to kalman.o(.text) for KalmanFilter
    chassis_task.o(.text) refers to remote_control.o(.text) for get_remote_control_point
    chassis_task.o(.text) refers to remote_control.o(.bss) for rc_ctrl
    chassis_task.o(.text) refers to boardb_link.o(.bss) for BoardBLink
    chassis_task.o(.text) refers to tasks.o(.text) for vTaskDelay
    chassis_task.o(.text) refers to gimbal_task.o(.bss) for gimbalTaskStructure
    chassis_task.o(.text) refers to chassis_behaviour.o(.text) for chassisDebugHandleFun
    chassis_task.o(.text) refers to chassis_task.o(.data) for view_chassis_1
    chassis_task.o(.text) refers to chassis_task.o(.constdata) for power_data
    chassis_behaviour.o(.text) refers to detect_task.o(.text) for toe_is_error
    chassis_behaviour.o(.text) refers to dflti.o(.text) for __aeabi_i2d
    chassis_behaviour.o(.text) refers to ddiv.o(.text) for __aeabi_ddiv
    chassis_behaviour.o(.text) refers to dmul.o(.text) for __aeabi_dmul
    chassis_behaviour.o(.text) refers to d2f.o(.text) for __aeabi_d2f
    chassis_behaviour.o(.text) refers to f2d.o(.text) for __aeabi_f2d
    chassis_behaviour.o(.text) refers to cos.o(i.__hardfp_cos) for __hardfp_cos
    chassis_behaviour.o(.text) refers to dadd.o(.text) for __aeabi_dadd
    chassis_behaviour.o(.text) refers to remote_control.o(.bss) for rc_ctrl
    chassis_behaviour.o(.text) refers to robot.o(.data) for robotInf
    chassis_behaviour.o(.text) refers to gimbal_task.o(.bss) for gimbalTaskStructure
    chassis_behaviour.o(.text) refers to chassis_task.o(.bss) for chassisTaskStructure
    chassis_behaviour.o(.text) refers to chassis_behaviour.o(.data) for Key_ROTATE_Vx
    chassis_behaviour.o(.text) refers to user_lib.o(.text) for loop_ramp_float
    chassis_behaviour.o(.text) refers to pid.o(.text) for PID_Calc
    gimbal_task.o(.text) refers to pid.o(.text) for PID_Calc
    gimbal_task.o(.text) refers to user_lib.o(.text) for loop_fp32_constrain
    gimbal_task.o(.text) refers to gimbal_task.o(.bss) for gimbalTaskStructure
    gimbal_task.o(.text) refers to gimbal_task.o(.data) for pitchLastMode
    gimbal_task.o(.text) refers to remote_control.o(.text) for get_remote_control_point
    gimbal_task.o(.text) refers to tasks.o(.text) for xTaskGetTickCount
    gimbal_task.o(.text) refers to motor.o(.text) for motorSpeedCalcInit
    gimbal_task.o(.text) refers to ins_task.o(.bss) for imu_
    gimbal_task.o(.text) refers to robot.o(.data) for robotInf
    gimbal_task.o(.text) refers to gimbal_behaviour.o(.text) for gimbalDebugBehaviourOutCondition
    gimbal_task.o(.text) refers to detect_task.o(.text) for toe_is_error
    gimbal_task.o(.text) refers to can.o(.text) for djiMotorCurrentSendQueue
    gimbal_behaviour.o(.text) refers to detect_task.o(.text) for toe_is_error
    gimbal_behaviour.o(.text) refers to f2d.o(.text) for __aeabi_f2d
    gimbal_behaviour.o(.text) refers to ddiv.o(.text) for __aeabi_ddiv
    gimbal_behaviour.o(.text) refers to dmul.o(.text) for __aeabi_dmul
    gimbal_behaviour.o(.text) refers to d2f.o(.text) for __aeabi_d2f
    gimbal_behaviour.o(.text) refers to dflti.o(.text) for __aeabi_i2d
    gimbal_behaviour.o(.text) refers to dadd.o(.text) for __aeabi_dadd
    gimbal_behaviour.o(.text) refers to gimbal_task.o(.text) for gimbalBehaviourChange
    gimbal_behaviour.o(.text) refers to user_lib.o(.text) for loop_ramp_float
    gimbal_behaviour.o(.text) refers to remote_control.o(.bss) for rc_ctrl
    gimbal_behaviour.o(.text) refers to gimbal_task.o(.bss) for gimbalTaskStructure
    gimbal_behaviour.o(.text) refers to gimbal_behaviour.o(.data) for pitInc
    gimbal_behaviour.o(.text) refers to shoot_behaviour.o(.data) for beijing_fla
    shoot_task.o(.text) refers to stm32f4xx_exti.o(.text) for EXTI_GetITStatus
    shoot_task.o(.text) refers to user_lib.o(.text) for f_abs
    shoot_task.o(.text) refers to pid.o(.text) for PID_Calc
[...]
    uxQueueMessagesWaiting                   0x08009f0d   Thumb Code    42  queue.o(.text)
    uxQueueSpacesAvailable                   0x08009f37   Thumb Code    48  queue.o(.text)
    uxQueueMessagesWaitingFromISR            0x08009f67   Thumb Code    30  queue.o(.text)
    vQueueUnregisterQueue                    0x08009f85   Thumb Code    44  queue.o(.text)
    vQueueDelete                             0x08009fb1   Thumb Code    44  queue.o(.text)
    uxQueueGetQueueNumber                    0x08009fdd   Thumb Code     6  queue.o(.text)
    vQueueSetQueueNumber                     0x08009fe3   Thumb Code     4  queue.o(.text)
    ucQueueGetQueueType                      0x08009fe7   Thumb Code     8  queue.o(.text)
    xQueueIsQueueEmptyFromISR                0x08009fef   Thumb Code    38  queue.o(.text)
    xQueueIsQueueFullFromISR                 0x0800a015   Thumb Code    42  queue.o(.text)
    vQueueAddToRegistry                      0x0800a03f   Thumb Code    38  queue.o(.text)
    pcQueueGetName                           0x0800a065   Thumb Code    38  queue.o(.text)
    vQueueWaitForMessageRestricted           0x0800a08b   Thumb Code    74  queue.o(.text)
    xQueueCreateSet                          0x0800a0d5   Thumb Code    20  queue.o(.text)
    xQueueAddToSet                           0x0800a0e9   Thumb Code    38  queue.o(.text)
    xQueueRemoveFromSet                      0x0800a10f   Thumb Code    48  queue.o(.text)
    xQueueSelectFromSet                      0x0800a13f   Thumb Code    26  queue.o(.text)
    xQueueSelectFromSetFromISR               0x0800a159   Thumb Code    22  queue.o(.text)
    xTaskCreate                              0x0800a30b   Thumb Code    96  tasks.o(.text)
    vTaskDelete                              0x0800a3a7   Thumb Code   202  tasks.o(.text)
    xTaskIncrementTick                       0x0800a471   Thumb Code   358  tasks.o(.text)
    xTaskResumeAll                           0x0800a5d7   Thumb Code   224  tasks.o(.text)
    vTaskSuspendAll                          0x0800a733   Thumb Code    12  tasks.o(.text)
    vTaskDelayUntil                          0x0800a73f   Thumb Code   200  tasks.o(.text)
    vTaskDelay                               0x0800a807   Thumb Code    82  tasks.o(.text)
    eTaskGetState                            0x0800a859   Thumb Code   112  tasks.o(.text)
    uxTaskPriorityGet                        0x0800a8c9   Thumb Code    30  tasks.o(.text)
    uxTaskPriorityGetFromISR                 0x0800a8e7   Thumb Code    62  tasks.o(.text)
    vTaskPrioritySet                         0x0800a925   Thumb Code   322  tasks.o(.text)
    vTaskSwitchContext                       0x0800aa67   Thumb Code   118  tasks.o(.text)
    vTaskSuspend                             0x0800aadd   Thumb Code   196  tasks.o(.text)
    vTaskResume                              0x0800abf1   Thumb Code   128  tasks.o(.text)
    xTaskResumeFromISR                       0x0800ac71   Thumb Code   158  tasks.o(.text)
    vTaskStartScheduler                      0x0800ad85   Thumb Code   192  tasks.o(.text)
    vTaskEndScheduler                        0x0800ae45   Thumb Code    32  tasks.o(.text)
    xTaskGetTickCount                        0x0800ae65   Thumb Code     6  tasks.o(.text)
    xTaskGetTickCountFromISR                 0x0800ae6b   Thumb Code    16  tasks.o(.text)
    uxTaskGetNumberOfTasks                   0x0800ae7b   Thumb Code     6  tasks.o(.text)
    pcTaskGetName                            0x0800ae81   Thumb Code    44  tasks.o(.text)
    xTaskGetHandle                           0x0800af4b   Thumb Code   142  tasks.o(.text)
    vTaskGetInfo                             0x0800afef   Thumb Code   114  tasks.o(.text)
    uxTaskGetSystemState                     0x0800b0cb   Thumb Code   152  tasks.o(.text)
    vTaskPlaceOnEventList                    0x0800b163   Thumb Code    52  tasks.o(.text)
    vTaskPlaceOnUnorderedEventList           0x0800b197   Thumb Code   100  tasks.o(.text)
    vTaskPlaceOnEventListRestricted          0x0800b1fb   Thumb Code   102  tasks.o(.text)
    xTaskRemoveFromEventList                 0x0800b261   Thumb Code   128  tasks.o(.text)
    xTaskRemoveFromUnorderedEventList        0x0800b2e1   Thumb Code   154  tasks.o(.text)
    vTaskSetTimeOutState                     0x0800b37b   Thumb Code    38  tasks.o(.text)
    xTaskCheckForTimeOut                     0x0800b3a1   Thumb Code   132  tasks.o(.text)
    vTaskMissedYield                         0x0800b425   Thumb Code     8  tasks.o(.text)
    uxTaskGetTaskNumber                      0x0800b42d   Thumb Code    14  tasks.o(.text)
    vTaskSetTaskNumber                       0x0800b43b   Thumb Code     8  tasks.o(.text)
    uxTaskGetStackHighWaterMark              0x0800b443   Thumb Code    34  tasks.o(.text)
    xTaskGetCurrentTaskHandle                0x0800b465   Thumb Code     6  tasks.o(.text)
    xTaskGetSchedulerState                   0x0800b46b   Thumb Code    24  tasks.o(.text)
    vTaskPriorityInherit                     0x0800b483   Thumb Code   164  tasks.o(.text)
    xTaskPriorityDisinherit                  0x0800b527   Thumb Code   188  tasks.o(.text)
    vTaskList                                0x0800b60d   Thumb Code   246  tasks.o(.text)
    uxTaskResetEventItemValue                0x0800b703   Thumb Code    24  tasks.o(.text)
    pvTaskIncrementMutexHeldCount            0x0800b71b   Thumb Code    26  tasks.o(.text)
    ulTaskNotifyTake                         0x0800b735   Thumb Code   108  tasks.o(.text)
    xTaskNotifyWait                          0x0800b7a1   Thumb Code   150  tasks.o(.text)
    xTaskGenericNotify                       0x0800b837   Thumb Code   242  tasks.o(.text)
    xTaskGenericNotifyFromISR                0x0800b929   Thumb Code   298  tasks.o(.text)
    vTaskNotifyGiveFromISR                   0x0800ba53   Thumb Code   260  tasks.o(.text)
    xTaskNotifyStateClear                    0x0800bb57   Thumb Code    48  tasks.o(.text)
    xTimerGenericCommand                     0x0800bbf1   Thumb Code   126  timers.o(.text)
    xTimerCreateTimerTask                    0x0800bf69   Thumb Code   116  timers.o(.text)
    xTimerCreate                             0x0800c02b   Thumb Code    48  timers.o(.text)
    xTimerGetTimerDaemonTaskHandle           0x0800c05b   Thumb Code    42  timers.o(.text)
    xTimerGetPeriod                          0x0800c085   Thumb Code    32  timers.o(.text)
    xTimerGetExpiryTime                      0x0800c0a5   Thumb Code    34  timers.o(.text)
    pcTimerGetName                           0x0800c0c7   Thumb Code    32  timers.o(.text)
    xTimerIsTimerActive                      0x0800c0e7   Thumb Code    56  timers.o(.text)
    pvTimerGetTimerID                        0x0800c11f   Thumb Code    44  timers.o(.text)
    vTimerSetTimerID                         0x0800c14b   Thumb Code    44  timers.o(.text)
    NVIC_PriorityGroupConfig                 0x0800c17d   Thumb Code    10  misc.o(.text)
    NVIC_Init                                0x0800c187   Thumb Code   106  misc.o(.text)
    NVIC_SetVectorTable                      0x0800c1f1   Thumb Code    14  misc.o(.text)
    NVIC_SystemLPConfig                      0x0800c1ff   Thumb Code    34  misc.o(.text)
    SysTick_CLKSourceConfig                  0x0800c221   Thumb Code    40  misc.o(.text)
    GPIO_DeInit                              0x0800c25d   Thumb Code   268  stm32f4xx_gpio.o(.text)
    GPIO_Init                                0x0800c369   Thumb Code   144  stm32f4xx_gpio.o(.text)
    GPIO_StructInit                          0x0800c3f9   Thumb Code    18  stm32f4xx_gpio.o(.text)
    GPIO_PinLockConfig                       0x0800c40b   Thumb Code    34  stm32f4xx_gpio.o(.text)
    GPIO_ReadInputDataBit                    0x0800c42d   Thumb Code    18  stm32f4xx_gpio.o(.text)
    GPIO_ReadInputData                       0x0800c43f   Thumb Code     8  stm32f4xx_gpio.o(.text)
    GPIO_ReadOutputDataBit                   0x0800c447   Thumb Code    18  stm32f4xx_gpio.o(.text)
    GPIO_ReadOutputData                      0x0800c459   Thumb Code     8  stm32f4xx_gpio.o(.text)
    GPIO_SetBits                             0x0800c461   Thumb Code     4  stm32f4xx_gpio.o(.text)
    GPIO_ResetBits                           0x0800c465   Thumb Code     4  stm32f4xx_gpio.o(.text)
    GPIO_WriteBit                            0x0800c469   Thumb Code    10  stm32f4xx_gpio.o(.text)
    GPIO_Write                               0x0800c473   Thumb Code     4  stm32f4xx_gpio.o(.text)
    GPIO_ToggleBits                          0x0800c477   Thumb Code     8  stm32f4xx_gpio.o(.text)
    GPIO_PinAFConfig                         0x0800c47f   Thumb Code    70  stm32f4xx_gpio.o(.text)
    RCC_DeInit                               0x0800c4f1   Thumb Code    82  stm32f4xx_rcc.o(.text)
    RCC_HSEConfig                            0x0800c543   Thumb Code    14  stm32f4xx_rcc.o(.text)
    RCC_GetFlagStatus                        0x0800c551   Thumb Code    60  stm32f4xx_rcc.o(.text)
    RCC_WaitForHSEStartUp                    0x0800c58d   Thumb Code    56  stm32f4xx_rcc.o(.text)
    RCC_AdjustHSICalibrationValue            0x0800c5c5   Thumb Code    20  stm32f4xx_rcc.o(.text)
    RCC_HSICmd                               0x0800c5d9   Thumb Code     6  stm32f4xx_rcc.o(.text)
    RCC_LSEConfig                            0x0800c5df   Thumb Code    46  stm32f4xx_rcc.o(.text)
    RCC_LSICmd                               0x0800c60d   Thumb Code     6  stm32f4xx_rcc.o(.text)
    RCC_PLLConfig                            0x0800c613   Thumb Code    32  stm32f4xx_rcc.o(.text)
    RCC_PLLCmd                               0x0800c633   Thumb Code     6  stm32f4xx_rcc.o(.text)
    RCC_PLLI2SConfig                         0x0800c639   Thumb Code    20  stm32f4xx_rcc.o(.text)
    RCC_PLLI2SCmd                            0x0800c64d   Thumb Code     6  stm32f4xx_rcc.o(.text)
    RCC_PLLSAIConfig                         0x0800c653   Thumb Code    20  stm32f4xx_rcc.o(.text)
    RCC_PLLSAICmd                            0x0800c667   Thumb Code     6  stm32f4xx_rcc.o(.text)
    RCC_ClockSecuritySystemCmd               0x0800c66d   Thumb Code     6  stm32f4xx_rcc.o(.text)
    RCC_MCO1Config                           0x0800c673   Thumb Code    28  stm32f4xx_rcc.o(.text)
    RCC_MCO2Config                           0x0800c68f   Thumb Code    28  stm32f4xx_rcc.o(.text)
    RCC_SYSCLKConfig                         0x0800c6ab   Thumb Code    20  stm32f4xx_rcc.o(.text)
    RCC_GetSYSCLKSource                      0x0800c6bf   Thumb Code    12  stm32f4xx_rcc.o(.text)
    RCC_HCLKConfig                           0x0800c6cb   Thumb Code    20  stm32f4xx_rcc.o(.text)
    RCC_PCLK1Config                          0x0800c6df   Thumb Code    20  stm32f4xx_rcc.o(.text)
    RCC_PCLK2Config                          0x0800c6f3   Thumb Code    22  stm32f4xx_rcc.o(.text)
    RCC_GetClocksFreq                        0x0800c709   Thumb Code   222  stm32f4xx_rcc.o(.text)
    RCC_RTCCLKConfig                         0x0800c7e7   Thumb Code    54  stm32f4xx_rcc.o(.text)
    RCC_RTCCLKCmd                            0x0800c81d   Thumb Code     8  stm32f4xx_rcc.o(.text)
    RCC_BackupResetCmd                       0x0800c825   Thumb Code     8  stm32f4xx_rcc.o(.text)
    RCC_I2SCLKConfig                         0x0800c82d   Thumb Code     6  stm32f4xx_rcc.o(.text)
    RCC_SAIBlockACLKConfig                   0x0800c833   Thumb Code    20  stm32f4xx_rcc.o(.text)
    RCC_SAIBlockBCLKConfig                   0x0800c847   Thumb Code    20  stm32f4xx_rcc.o(.text)
    RCC_SAIPLLI2SClkDivConfig                0x0800c85b   Thumb Code    26  stm32f4xx_rcc.o(.text)
    RCC_SAIPLLSAIClkDivConfig                0x0800c875   Thumb Code    28  stm32f4xx_rcc.o(.text)
    RCC_LTDCCLKDivConfig                     0x0800c891   Thumb Code    20  stm32f4xx_rcc.o(.text)
    RCC_TIMCLKPresConfig                     0x0800c8a5   Thumb Code     6  stm32f4xx_rcc.o(.text)
    RCC_AHB1PeriphClockCmd                   0x0800c8ab   Thumb Code    82  stm32f4xx_rcc.o(.text)
    RCC_AHB2PeriphClockCmd                   0x0800c8fd   Thumb Code    26  stm32f4xx_rcc.o(.text)
    RCC_AHB3PeriphClockCmd                   0x0800c917   Thumb Code    34  stm32f4xx_rcc.o(.text)
    RCC_APB1PeriphClockCmd                   0x0800c939   Thumb Code    34  stm32f4xx_rcc.o(.text)
    RCC_APB2PeriphClockCmd                   0x0800c95b   Thumb Code    34  stm32f4xx_rcc.o(.text)
    RCC_AHB1PeriphResetCmd                   0x0800c97d   Thumb Code    34  stm32f4xx_rcc.o(.text)
    RCC_AHB2PeriphResetCmd                   0x0800c99f   Thumb Code    34  stm32f4xx_rcc.o(.text)
    RCC_AHB3PeriphResetCmd                   0x0800c9c1   Thumb Code    34  stm32f4xx_rcc.o(.text)
    RCC_APB1PeriphResetCmd                   0x0800c9e3   Thumb Code    34  stm32f4xx_rcc.o(.text)
    RCC_APB2PeriphResetCmd                   0x0800ca05   Thumb Code    34  stm32f4xx_rcc.o(.text)
    RCC_AHB1PeriphClockLPModeCmd             0x0800ca27   Thumb Code    34  stm32f4xx_rcc.o(.text)
    RCC_AHB2PeriphClockLPModeCmd             0x0800ca49   Thumb Code    34  stm32f4xx_rcc.o(.text)
    RCC_AHB3PeriphClockLPModeCmd             0x0800ca6b   Thumb Code    34  stm32f4xx_rcc.o(.text)
    RCC_APB1PeriphClockLPModeCmd             0x0800ca8d   Thumb Code    34  stm32f4xx_rcc.o(.text)
    RCC_APB2PeriphClockLPModeCmd             0x0800caaf   Thumb Code    34  stm32f4xx_rcc.o(.text)
    RCC_LSEModeConfig                        0x0800cad1   Thumb Code    40  stm32f4xx_rcc.o(.text)
    RCC_ITConfig                             0x0800caf9   Thumb Code    34  stm32f4xx_rcc.o(.text)
    RCC_ClearFlag                            0x0800cb1b   Thumb Code    18  stm32f4xx_rcc.o(.text)
    RCC_GetITStatus                          0x0800cb2d   Thumb Code    22  stm32f4xx_rcc.o(.text)
    RCC_ClearITPendingBit                    0x0800cb43   Thumb Code     8  stm32f4xx_rcc.o(.text)
    SYSCFG_DeInit                            0x0800cb51   Thumb Code    22  stm32f4xx_syscfg.o(.text)
    SYSCFG_MemoryRemapConfig                 0x0800cb67   Thumb Code     6  stm32f4xx_syscfg.o(.text)
    SYSCFG_MemorySwappingBank                0x0800cb6d   Thumb Code     6  stm32f4xx_syscfg.o(.text)
    SYSCFG_EXTILineConfig                    0x0800cb73   Thumb Code    66  stm32f4xx_syscfg.o(.text)
    SYSCFG_ETH_MediaInterfaceConfig          0x0800cbb5   Thumb Code     8  stm32f4xx_syscfg.o(.text)
    SYSCFG_CompensationCellCmd               0x0800cbbd   Thumb Code     6  stm32f4xx_syscfg.o(.text)
    SYSCFG_GetCompensationCellStatus         0x0800cbc3   Thumb Code    22  stm32f4xx_syscfg.o(.text)
    USART_DeInit                             0x0800cbe5   Thumb Code   206  stm32f4xx_usart.o(.text)
    USART_Init                               0x0800ccb3   Thumb Code   204  stm32f4xx_usart.o(.text)
    USART_StructInit                         0x0800cd7f   Thumb Code    24  stm32f4xx_usart.o(.text)
    USART_ClockInit                          0x0800cd97   Thumb Code    32  stm32f4xx_usart.o(.text)
    USART_ClockStructInit                    0x0800cdb7   Thumb Code    12  stm32f4xx_usart.o(.text)
    USART_Cmd                                0x0800cdc3   Thumb Code    24  stm32f4xx_usart.o(.text)
    USART_SetPrescaler                       0x0800cddb   Thumb Code    16  stm32f4xx_usart.o(.text)
    USART_OverSampling8Cmd                   0x0800cdeb   Thumb Code    22  stm32f4xx_usart.o(.text)
    USART_OneBitMethodCmd                    0x0800ce01   Thumb Code    24  stm32f4xx_usart.o(.text)
    USART_SendData                           0x0800ce19   Thumb Code     8  stm32f4xx_usart.o(.text)
    USART_ReceiveData                        0x0800ce21   Thumb Code    10  stm32f4xx_usart.o(.text)
    USART_SetAddress                         0x0800ce2b   Thumb Code    18  stm32f4xx_usart.o(.text)
    USART_ReceiverWakeUpCmd                  0x0800ce3d   Thumb Code    24  stm32f4xx_usart.o(.text)
    USART_WakeUpConfig                       0x0800ce55   Thumb Code    18  stm32f4xx_usart.o(.text)
    USART_LINBreakDetectLengthConfig         0x0800ce67   Thumb Code    18  stm32f4xx_usart.o(.text)
    USART_LINCmd                             0x0800ce79   Thumb Code    24  stm32f4xx_usart.o(.text)
    USART_SendBreak                          0x0800ce91   Thumb Code    10  stm32f4xx_usart.o(.text)
    USART_HalfDuplexCmd                      0x0800ce9b   Thumb Code    24  stm32f4xx_usart.o(.text)
    USART_SetGuardTime                       0x0800ceb3   Thumb Code    16  stm32f4xx_usart.o(.text)
    USART_SmartCardCmd                       0x0800cec3   Thumb Code    24  stm32f4xx_usart.o(.text)
    USART_SmartCardNACKCmd                   0x0800cedb   Thumb Code    24  stm32f4xx_usart.o(.text)
    USART_IrDAConfig                         0x0800cef3   Thumb Code    18  stm32f4xx_usart.o(.text)
    USART_IrDACmd                            0x0800cf05   Thumb Code    24  stm32f4xx_usart.o(.text)
    USART_DMACmd                             0x0800cf1d   Thumb Code    18  stm32f4xx_usart.o(.text)
    USART_ITConfig                           0x0800cf2f   Thumb Code    74  stm32f4xx_usart.o(.text)
    USART_GetFlagStatus                      0x0800cf79   Thumb Code    26  stm32f4xx_usart.o(.text)
    USART_ClearFlag                          0x0800cf93   Thumb Code    18  stm32f4xx_usart.o(.text)
    USART_GetITStatus                        0x0800cfa5   Thumb Code   118  stm32f4xx_usart.o(.text)
    USART_ClearITPendingBit                  0x0800d01b   Thumb Code    30  stm32f4xx_usart.o(.text)
    CAN_DeInit                               0x0800d039   Thumb Code    50  stm32f4xx_can.o(.text)
    CAN_Init                                 0x0800d06b   Thumb Code   276  stm32f4xx_can.o(.text)
    CAN_FilterInit                           0x0800d17f   Thumb Code   258  stm32f4xx_can.o(.text)
    CAN_StructInit                           0x0800d281   Thumb Code    32  stm32f4xx_can.o(.text)
    CAN_SlaveStartBank                       0x0800d2a1   Thumb Code    48  stm32f4xx_can.o(.text)
    CAN_DBGFreeze                            0x0800d2d1   Thumb Code    22  stm32f4xx_can.o(.text)
    CAN_TTComModeCmd                         0x0800d2e7   Thumb Code   118  stm32f4xx_can.o(.text)
    CAN_Transmit                             0x0800d35d   Thumb Code   304  stm32f4xx_can.o(.text)
    CAN_TransmitStatus                       0x0800d48d   Thumb Code   138  stm32f4xx_can.o(.text)
    CAN_CancelTransmit                       0x0800d517   Thumb Code    48  stm32f4xx_can.o(.text)
    CAN_Receive                              0x0800d547   Thumb Code   240  stm32f4xx_can.o(.text)
    CAN_FIFORelease                          0x0800d637   Thumb Code    22  stm32f4xx_can.o(.text)
    CAN_MessagePending                       0x0800d64d   Thumb Code    30  stm32f4xx_can.o(.text)
    CAN_OperatingModeRequest                 0x0800d66b   Thumb Code   162  stm32f4xx_can.o(.text)
    CAN_Sleep                                0x0800d70d   Thumb Code    30  stm32f4xx_can.o(.text)
    CAN_WakeUp                               0x0800d72b   Thumb Code    48  stm32f4xx_can.o(.text)
    CAN_GetLastErrorCode                     0x0800d75b   Thumb Code    12  stm32f4xx_can.o(.text)
    CAN_GetReceiveErrorCounter               0x0800d767   Thumb Code    10  stm32f4xx_can.o(.text)
    CAN_GetLSBTransmitErrorCounter           0x0800d771   Thumb Code    12  stm32f4xx_can.o(.text)
    CAN_ITConfig                             0x0800d77d   Thumb Code    18  stm32f4xx_can.o(.text)
    CAN_GetFlagStatus                        0x0800d78f   Thumb Code   120  stm32f4xx_can.o(.text)
    CAN_ClearFlag                            0x0800d807   Thumb Code    52  stm32f4xx_can.o(.text)
    CAN_GetITStatus                          0x0800d84d   Thumb Code   310  stm32f4xx_can.o(.text)
    CAN_ClearITPendingBit                    0x0800d983   Thumb Code   162  stm32f4xx_can.o(.text)
    DMA_DeInit                               0x0800da29   Thumb Code   324  stm32f4xx_dma.o(.text)
    DMA_Init                                 0x0800db6d   Thumb Code    82  stm32f4xx_dma.o(.text)
    DMA_StructInit                           0x0800dbbf   Thumb Code    34  stm32f4xx_dma.o(.text)
    DMA_Cmd                                  0x0800dbe1   Thumb Code    22  stm32f4xx_dma.o(.text)
    DMA_PeriphIncOffsetSizeConfig            0x0800dbf7   Thumb Code    22  stm32f4xx_dma.o(.text)
    DMA_FlowControllerConfig                 0x0800dc0d   Thumb Code    22  stm32f4xx_dma.o(.text)
    DMA_SetCurrDataCounter                   0x0800dc23   Thumb Code     4  stm32f4xx_dma.o(.text)
    DMA_GetCurrDataCounter                   0x0800dc27   Thumb Code     8  stm32f4xx_dma.o(.text)
    DMA_DoubleBufferModeConfig               0x0800dc2f   Thumb Code    24  stm32f4xx_dma.o(.text)
    DMA_DoubleBufferModeCmd                  0x0800dc47   Thumb Code    22  stm32f4xx_dma.o(.text)
    DMA_MemoryTargetConfig                   0x0800dc5d   Thumb Code    10  stm32f4xx_dma.o(.text)
    DMA_GetCurrentMemoryTarget               0x0800dc67   Thumb Code    20  stm32f4xx_dma.o(.text)
    DMA_GetCmdStatus                         0x0800dc7b   Thumb Code    20  stm32f4xx_dma.o(.text)
    DMA_GetFIFOStatus                        0x0800dc8f   Thumb Code    12  stm32f4xx_dma.o(.text)
    DMA_GetFlagStatus                        0x0800dc9b   Thumb Code    56  stm32f4xx_dma.o(.text)
    DMA_ClearFlag                            0x0800dcd3   Thumb Code    40  stm32f4xx_dma.o(.text)
    DMA_ITConfig                             0x0800dcfb   Thumb Code    58  stm32f4xx_dma.o(.text)
    DMA_GetITStatus                          0x0800dd35   Thumb Code    84  stm32f4xx_dma.o(.text)
    DMA_ClearITPendingBit                    0x0800dd89   Thumb Code    40  stm32f4xx_dma.o(.text)
    TIM_DeInit                               0x0800ddd1   Thumb Code   346  stm32f4xx_tim.o(.text)
    TIM_TimeBaseInit                         0x0800df2b   Thumb Code   104  stm32f4xx_tim.o(.text)
    TIM_TimeBaseStructInit                   0x0800df93   Thumb Code    18  stm32f4xx_tim.o(.text)
    TIM_PrescalerConfig                      0x0800dfa5   Thumb Code     6  stm32f4xx_tim.o(.text)
    TIM_CounterModeConfig                    0x0800dfab   Thumb Code    18  stm32f4xx_tim.o(.text)
    TIM_SetCounter                           0x0800dfbd   Thumb Code     4  stm32f4xx_tim.o(.text)
    TIM_SetAutoreload                        0x0800dfc1   Thumb Code     4  stm32f4xx_tim.o(.text)
    TIM_GetCounter                           0x0800dfc5   Thumb Code     6  stm32f4xx_tim.o(.text)
    TIM_GetPrescaler                         0x0800dfcb   Thumb Code     6  stm32f4xx_tim.o(.text)
    TIM_UpdateDisableConfig                  0x0800dfd1   Thumb Code    24  stm32f4xx_tim.o(.text)
    TIM_UpdateRequestConfig                  0x0800dfe9   Thumb Code    24  stm32f4xx_tim.o(.text)
    TIM_ARRPreloadConfig                     0x0800e001   Thumb Code    24  stm32f4xx_tim.o(.text)
    TIM_SelectOnePulseMode                   0x0800e019   Thumb Code    18  stm32f4xx_tim.o(.text)
    TIM_SetClockDivision                     0x0800e02b   Thumb Code    18  stm32f4xx_tim.o(.text)
    TIM_Cmd                                  0x0800e03d   Thumb Code    24  stm32f4xx_tim.o(.text)
    TIM_OC1Init                              0x0800e055   Thumb Code   114  stm32f4xx_tim.o(.text)
    TIM_OC2Init                              0x0800e0c7   Thumb Code   154  stm32f4xx_tim.o(.text)
    TIM_OC3Init                              0x0800e161   Thumb Code   204  stm32f4xx_tim.o(.text)
    TIM_OC4Init                              0x0800e22d   Thumb Code   112  stm32f4xx_tim.o(.text)
    TIM_OCStructInit                         0x0800e29d   Thumb Code    20  stm32f4xx_tim.o(.text)
    TIM_SelectOCxM                           0x0800e2b1   Thumb Code    86  stm32f4xx_tim.o(.text)
    TIM_SetCompare1                          0x0800e307   Thumb Code     4  stm32f4xx_tim.o(.text)
    TIM_SetCompare2                          0x0800e30b   Thumb Code     4  stm32f4xx_tim.o(.text)
    TIM_SetCompare3                          0x0800e30f   Thumb Code     4  stm32f4xx_tim.o(.text)
    TIM_SetCompare4                          0x0800e313   Thumb Code     4  stm32f4xx_tim.o(.text)
    TIM_ForcedOC1Config                      0x0800e317   Thumb Code    18  stm32f4xx_tim.o(.text)
    TIM_ForcedOC2Config                      0x0800e329   Thumb Code    26  stm32f4xx_tim.o(.text)
    TIM_ForcedOC3Config                      0x0800e343   Thumb Code    18  stm32f4xx_tim.o(.text)
    TIM_ForcedOC4Config                      0x0800e355   Thumb Code    26  stm32f4xx_tim.o(.text)
    TIM_OC1PreloadConfig                     0x0800e36f   Thumb Code    18  stm32f4xx_tim.o(.text)
    TIM_OC2PreloadConfig                     0x0800e381   Thumb Code    26  stm32f4xx_tim.o(.text)
    TIM_OC3PreloadConfig                     0x0800e39b   Thumb Code    18  stm32f4xx_tim.o(.text)
    TIM_OC4PreloadConfig                     0x0800e3ad   Thumb Code    26  stm32f4xx_tim.o(.text)
    TIM_OC1FastConfig                        0x0800e3c7   Thumb Code    18  stm32f4xx_tim.o(.text)
    TIM_OC2FastConfig                        0x0800e3d9   Thumb Code    26  stm32f4xx_tim.o(.text)
    TIM_OC3FastConfig                        0x0800e3f3   Thumb Code    18  stm32f4xx_tim.o(.text)
    TIM_OC4FastConfig                        0x0800e405   Thumb Code    26  stm32f4xx_tim.o(.text)
    TIM_ClearOC1Ref                          0x0800e41f   Thumb Code    18  stm32f4xx_tim.o(.text)
    TIM_ClearOC2Ref                          0x0800e431   Thumb Code    24  stm32f4xx_tim.o(.text)
    TIM_ClearOC3Ref                          0x0800e449   Thumb Code    18  stm32f4xx_tim.o(.text)
    TIM_ClearOC4Ref                          0x0800e45b   Thumb Code    24  stm32f4xx_tim.o(.text)
    TIM_OC1PolarityConfig                    0x0800e473   Thumb Code    18  stm32f4xx_tim.o(.text)
    TIM_OC1NPolarityConfig                   0x0800e485   Thumb Code    18  stm32f4xx_tim.o(.text)
    TIM_OC2PolarityConfig                    0x0800e497   Thumb Code    26  stm32f4xx_tim.o(.text)
    TIM_OC2NPolarityConfig                   0x0800e4b1   Thumb Code    26  stm32f4xx_tim.o(.text)
    TIM_OC3PolarityConfig                    0x0800e4cb   Thumb Code    26  stm32f4xx_tim.o(.text)
    TIM_OC3NPolarityConfig                   0x0800e4e5   Thumb Code    26  stm32f4xx_tim.o(.text)
    TIM_OC4PolarityConfig                    0x0800e4ff   Thumb Code    26  stm32f4xx_tim.o(.text)
    TIM_CCxCmd                               0x0800e519   Thumb Code    30  stm32f4xx_tim.o(.text)
    TIM_CCxNCmd                              0x0800e537   Thumb Code    30  stm32f4xx_tim.o(.text)
    TIM_SetIC4Prescaler                      0x0800e555   Thumb Code    26  stm32f4xx_tim.o(.text)
    TIM_SetIC3Prescaler                      0x0800e5bf   Thumb Code    18  stm32f4xx_tim.o(.text)
    TIM_SetIC2Prescaler                      0x0800e619   Thumb Code    26  stm32f4xx_tim.o(.text)
    TIM_SetIC1Prescaler                      0x0800e68d   Thumb Code    18  stm32f4xx_tim.o(.text)
    TIM_ICInit                               0x0800e6d9   Thumb Code   110  stm32f4xx_tim.o(.text)
    TIM_ICStructInit                         0x0800e747   Thumb Code    18  stm32f4xx_tim.o(.text)
    TIM_PWMIConfig                           0x0800e759   Thumb Code   124  stm32f4xx_tim.o(.text)
    TIM_GetCapture1                          0x0800e7d5   Thumb Code     6  stm32f4xx_tim.o(.text)
    TIM_GetCapture2                          0x0800e7db   Thumb Code     6  stm32f4xx_tim.o(.text)
    TIM_GetCapture3                          0x0800e7e1   Thumb Code     6  stm32f4xx_tim.o(.text)
    TIM_GetCapture4                          0x0800e7e7   Thumb Code     6  stm32f4xx_tim.o(.text)
    TIM_BDTRConfig                           0x0800e7ed   Thumb Code    32  stm32f4xx_tim.o(.text)
    TIM_BDTRStructInit                       0x0800e80d   Thumb Code    18  stm32f4xx_tim.o(.text)
    TIM_CtrlPWMOutputs                       0x0800e81f   Thumb Code    30  stm32f4xx_tim.o(.text)
    TIM_SelectCOM                            0x0800e83d   Thumb Code    24  stm32f4xx_tim.o(.text)
    TIM_CCPreloadControl                     0x0800e855   Thumb Code    24  stm32f4xx_tim.o(.text)
    TIM_ITConfig                             0x0800e86d   Thumb Code    18  stm32f4xx_tim.o(.text)
    TIM_GenerateEvent                        0x0800e87f   Thumb Code     4  stm32f4xx_tim.o(.text)
    TIM_GetFlagStatus                        0x0800e883   Thumb Code    18  stm32f4xx_tim.o(.text)
    TIM_ClearFlag                            0x0800e895   Thumb Code     6  stm32f4xx_tim.o(.text)
    TIM_GetITStatus                          0x0800e89b   Thumb Code    34  stm32f4xx_tim.o(.text)
    TIM_ClearITPendingBit                    0x0800e8bd   Thumb Code     6  stm32f4xx_tim.o(.text)
    TIM_DMAConfig                            0x0800e8c3   Thumb Code    10  stm32f4xx_tim.o(.text)
    TIM_DMACmd                               0x0800e8cd   Thumb Code    18  stm32f4xx_tim.o(.text)
    TIM_SelectCCDMA                          0x0800e8df   Thumb Code    24  stm32f4xx_tim.o(.text)
    TIM_InternalClockConfig                  0x0800e8f7   Thumb Code    12  stm32f4xx_tim.o(.text)
    TIM_SelectInputTrigger                   0x0800e903   Thumb Code    18  stm32f4xx_tim.o(.text)
    TIM_ITRxExternalClockConfig              0x0800e915   Thumb Code    24  stm32f4xx_tim.o(.text)
    TIM_TIxExternalClockConfig               0x0800e92d   Thumb Code    62  stm32f4xx_tim.o(.text)
    TIM_ETRConfig                            0x0800e96b   Thumb Code    28  stm32f4xx_tim.o(.text)
    TIM_ETRClockMode1Config                  0x0800e987   Thumb Code    54  stm32f4xx_tim.o(.text)
    TIM_ETRClockMode2Config                  0x0800e9bd   Thumb Code    32  stm32f4xx_tim.o(.text)
    TIM_SelectOutputTrigger                  0x0800e9dd   Thumb Code    18  stm32f4xx_tim.o(.text)
    TIM_SelectSlaveMode                      0x0800e9ef   Thumb Code    18  stm32f4xx_tim.o(.text)
    TIM_SelectMasterSlaveMode                0x0800ea01   Thumb Code    18  stm32f4xx_tim.o(.text)
    TIM_EncoderInterfaceConfig               0x0800ea13   Thumb Code    66  stm32f4xx_tim.o(.text)
    TIM_SelectHallSensor                     0x0800ea55   Thumb Code    24  stm32f4xx_tim.o(.text)
    TIM_RemapConfig                          0x0800ea6d   Thumb Code     6  stm32f4xx_tim.o(.text)
    SPI_I2S_DeInit                           0x0800ea75   Thumb Code   152  stm32f4xx_spi.o(.text)
    SPI_Init                                 0x0800eb0d   Thumb Code    60  stm32f4xx_spi.o(.text)
    I2S_Init                                 0x0800eb49   Thumb Code   396  stm32f4xx_spi.o(.text)
    SPI_StructInit                           0x0800ecd5   Thumb Code    24  stm32f4xx_spi.o(.text)
    I2S_StructInit                           0x0800eced   Thumb Code    20  stm32f4xx_spi.o(.text)
    SPI_Cmd                                  0x0800ed01   Thumb Code    24  stm32f4xx_spi.o(.text)
    I2S_Cmd                                  0x0800ed19   Thumb Code    24  stm32f4xx_spi.o(.text)
    SPI_DataSizeConfig                       0x0800ed31   Thumb Code    18  stm32f4xx_spi.o(.text)
    SPI_BiDirectionalLineConfig              0x0800ed43   Thumb Code    28  stm32f4xx_spi.o(.text)
    SPI_NSSInternalSoftwareConfig            0x0800ed5f   Thumb Code    30  stm32f4xx_spi.o(.text)
    SPI_SSOutputCmd                          0x0800ed7d   Thumb Code    24  stm32f4xx_spi.o(.text)
    SPI_TIModeCmd                            0x0800ed95   Thumb Code    24  stm32f4xx_spi.o(.text)
    I2S_FullDuplexConfig                     0x0800edad   Thumb Code    80  stm32f4xx_spi.o(.text)
    SPI_I2S_ReceiveData                      0x0800edfd   Thumb Code     6  stm32f4xx_spi.o(.text)
    SPI_I2S_SendData                         0x0800ee03   Thumb Code     4  stm32f4xx_spi.o(.text)
    SPI_CalculateCRC                         0x0800ee07   Thumb Code    24  stm32f4xx_spi.o(.text)
    SPI_TransmitCRC                          0x0800ee1f   Thumb Code    10  stm32f4xx_spi.o(.text)
    SPI_GetCRC                               0x0800ee29   Thumb Code    16  stm32f4xx_spi.o(.text)
    SPI_GetCRCPolynomial                     0x0800ee39   Thumb Code     6  stm32f4xx_spi.o(.text)
    SPI_I2S_DMACmd                           0x0800ee3f   Thumb Code    18  stm32f4xx_spi.o(.text)
    SPI_I2S_ITConfig                         0x0800ee51   Thumb Code    68  stm32f4xx_spi.o(.text)
    SPI_I2S_GetFlagStatus                    0x0800ee95   Thumb Code    18  stm32f4xx_spi.o(.text)
    SPI_I2S_ClearFlag                        0x0800eea7   Thumb Code     6  stm32f4xx_spi.o(.text)
    SPI_I2S_GetITStatus                      0x0800eead   Thumb Code    52  stm32f4xx_spi.o(.text)
    SPI_I2S_ClearITPendingBit                0x0800eee1   Thumb Code    20  stm32f4xx_spi.o(.text)
    EXTI_DeInit                              0x0800eef5   Thumb Code    28  stm32f4xx_exti.o(.text)
    EXTI_Init                                0x0800ef11   Thumb Code   142  stm32f4xx_exti.o(.text)
    EXTI_StructInit                          0x0800ef9f   Thumb Code    16  stm32f4xx_exti.o(.text)
    EXTI_GenerateSWInterrupt                 0x0800efaf   Thumb Code    16  stm32f4xx_exti.o(.text)
    EXTI_GetFlagStatus                       0x0800efbf   Thumb Code    22  stm32f4xx_exti.o(.text)
    EXTI_ClearFlag                           0x0800efd5   Thumb Code     8  stm32f4xx_exti.o(.text)
    EXTI_GetITStatus                         0x0800efdd   Thumb Code    22  stm32f4xx_exti.o(.text)
    EXTI_ClearITPendingBit                   0x0800eff3   Thumb Code     8  stm32f4xx_exti.o(.text)
    SystemInit                               0x0800f115   Thumb Code    88  system_stm32f4xx.o(.text)
    SystemCoreClockUpdate                    0x0800f16d   Thumb Code   174  system_stm32f4xx.o(.text)
    Reset_Handler                            0x0800f249   Thumb Code    18  startup_stm32f427xx.o(.text)
    ADC_IRQHandler                           0x0800f26d   Thumb Code     0  startup_stm32f427xx.o(.text)
    CAN1_RX1_IRQHandler                      0x0800f26d   Thumb Code     0  startup_stm32f427xx.o(.text)
    CAN1_SCE_IRQHandler                      0x0800f26d   Thumb Code     0  startup_stm32f427xx.o(.text)
    CAN1_TX_IRQHandler                       0x0800f26d   Thumb Code     0  startup_stm32f427xx.o(.text)
    CAN2_RX1_IRQHandler                      0x0800f26d   Thumb Code     0  startup_stm32f427xx.o(.text)
    CAN2_SCE_IRQHandler                      0x0800f26d   Thumb Code     0  startup_stm32f427xx.o(.text)
    CAN2_TX_IRQHandler                       0x0800f26d   Thumb Code     0  startup_stm32f427xx.o(.text)
    DCMI_IRQHandler                          0x0800f26d   Thumb Code     0  startup_stm32f427xx.o(.text)
    DMA1_Stream0_IRQHandler                  0x0800f26d   Thumb Code     0  startup_stm32f427xx.o(.text)
    DMA1_Stream1_IRQHandler                  0x0800f26d   Thumb Code     0  startup_stm32f427xx.o(.text)
    DMA1_Stream2_IRQHandler                  0x0800f26d   Thumb Code     0  startup_stm32f427xx.o(.text)
    DMA1_Stream3_IRQHandler                  0x0800f26d   Thumb Code     0  startup_stm32f427xx.o(.text)
    DMA1_Stream4_IRQHandler                  0x0800f26d   Thumb Code     0  startup_stm32f427xx.o(.text)
    DMA1_Stream5_IRQHandler                  0x0800f26d   Thumb Code     0  startup_stm32f427xx.o(.text)
    DMA1_Stream6_IRQHandler                  0x0800f26d   Thumb Code     0  startup_stm32f427xx.o(.text)
    DMA1_Stream7_IRQHandler                  0x0800f26d   Thumb Code     0  startup_stm32f427xx.o(.text)
    DMA2D_IRQHandler                         0x0800f26d   Thumb Code     0  startup_stm32f427xx.o(.text)
    DMA2_Stream0_IRQHandler                  0x0800f26d   Thumb Code     0  startup_stm32f427xx.o(.text)
    DMA2_Stream1_IRQHandler                  0x0800f26d   Thumb Code     0  startup_stm32f427xx.o(.text)
    DMA2_Stream2_IRQHandler                  0x0800f26d   Thumb Code     0  startup_stm32f427xx.o(.text)
    DMA2_Stream3_IRQHandler                  0x0800f26d   Thumb Code     0  startup_stm32f427xx.o(.text)
    DMA2_Stream4_IRQHandler                  0x0800f26d   Thumb Code     0  startup_stm32f427xx.o(.text)
    DMA2_Stream5_IRQHandler                  0x0800f26d   Thumb Code     0  startup_stm32f427xx.o(.text)
    DMA2_Stream6_IRQHandler                  0x0800f26d   Thumb Code     0  startup_stm32f427xx.o(.text)
    DMA2_Stream7_IRQHandler                  0x0800f26d   Thumb Code     0  startup_stm32f427xx.o(.text)
    ETH_IRQHandler                           0x0800f26d   Thumb Code     0  startup_stm32f427xx.o(.text)
    ETH_WKUP_IRQHandler                      0x0800f26d   Thumb Code     0  startup_stm32f427xx.o(.text)
    EXTI0_IRQHandler                         0x0800f26d   Thumb Code     0  startup_stm32f427xx.o(.text)
    EXTI1_IRQHandler                         0x0800f26d   Thumb Code     0  startup_stm32f427xx.o(.text)
    EXTI2_IRQHandler                         0x0800f26d   Thumb Code     0  startup_stm32f427xx.o(.text)
    EXTI3_IRQHandler                         0x0800f26d   Thumb Code     0  startup_stm32f427xx.o(.text)
    EXTI4_IRQHandler                         0x0800f26d   Thumb Code     0  startup_stm32f427xx.o(.text)
    EXTI9_5_IRQHandler                       0x0800f26d   Thumb Code     0  startup_stm32f427xx.o(.text)
    FLASH_IRQHandler                         0x0800f26d   Thumb Code     0  startup_stm32f427xx.o(.text)
    FMC_IRQHandler                           0x0800f26d   Thumb Code     0  startup_stm32f427xx.o(.text)
    FPU_IRQHandler                           0x0800f26d   Thumb Code     0  startup_stm32f427xx.o(.text)
    HASH_RNG_IRQHandler                      0x0800f26d   Thumb Code     0  startup_stm32f427xx.o(.text)
    I2C1_ER_IRQHandler                       0x0800f26d   Thumb Code     0  startup_stm32f427xx.o(.text)
    I2C1_EV_IRQHandler                       0x0800f26d   Thumb Code     0  startup_stm32f427xx.o(.text)
    I2C2_ER_IRQHandler                       0x0800f26d   Thumb Code     0  startup_stm32f427xx.o(.text)
    I2C2_EV_IRQHandler                       0x0800f26d   Thumb Code     0  startup_stm32f427xx.o(.text)
    I2C3_ER_IRQHandler                       0x0800f26d   Thumb Code     0  startup_stm32f427xx.o(.text)
    I2C3_EV_IRQHandler                       0x0800f26d   Thumb Code     0  startup_stm32f427xx.o(.text)
    OTG_FS_IRQHandler                        0x0800f26d   Thumb Code     0  startup_stm32f427xx.o(.text)
    OTG_FS_WKUP_IRQHandler                   0x0800f26d   Thumb Code     0  startup_stm32f427xx.o(.text)
    OTG_HS_EP1_IN_IRQHandler                 0x0800f26d   Thumb Code     0  startup_stm32f427xx.o(.text)
    OTG_HS_EP1_OUT_IRQHandler                0x0800f26d   Thumb Code     0  startup_stm32f427xx.o(.text)
    OTG_HS_IRQHandler                        0x0800f26d   Thumb Code     0  startup_stm32f427xx.o(.text)
    OTG_HS_WKUP_IRQHandler                   0x0800f26d   Thumb Code     0  startup_stm32f427xx.o(.text)
    PVD_IRQHandler                           0x0800f26d   Thumb Code     0  startup_stm32f427xx.o(.text)
    RCC_IRQHandler                           0x0800f26d   Thumb Code     0  startup_stm32f427xx.o(.text)
    RTC_Alarm_IRQHandler                     0x0800f26d   Thumb Code     0  startup_stm32f427xx.o(.text)
    RTC_WKUP_IRQHandler                      0x0800f26d   Thumb Code     0  startup_stm32f427xx.o(.text)
    SAI1_IRQHandler                          0x0800f26d   Thumb Code     0  startup_stm32f427xx.o(.text)
    SDIO_IRQHandler                          0x0800f26d   Thumb Code     0  startup_stm32f427xx.o(.text)
    SPI1_IRQHandler                          0x0800f26d   Thumb Code     0  startup_stm32f427xx.o(.text)
    SPI2_IRQHandler                          0x0800f26d   Thumb Code     0  startup_stm32f427xx.o(.text)
    SPI3_IRQHandler                          0x0800f26d   Thumb Code     0  startup_stm32f427xx.o(.text)
    SPI4_IRQHandler                          0x0800f26d   Thumb Code     0  startup_stm32f427xx.o(.text)
    SPI5_IRQHandler                          0x0800f26d   Thumb Code     0  startup_stm32f427xx.o(.text)
    SPI6_IRQHandler                          0x0800f26d   Thumb Code     0  startup_stm32f427xx.o(.text)
    TAMP_STAMP_IRQHandler                    0x0800f26d   Thumb Code     0  startup_stm32f427xx.o(.text)
    TIM1_BRK_TIM9_IRQHandler                 0x0800f26d   Thumb Code     0  startup_stm32f427xx.o(.text)
    TIM1_CC_IRQHandler                       0x0800f26d   Thumb Code     0  startup_stm32f427xx.o(.text)
    TIM1_TRG_COM_TIM11_IRQHandler            0x0800f26d   Thumb Code     0  startup_stm32f427xx.o(.text)
    TIM1_UP_TIM10_IRQHandler                 0x0800f26d   Thumb Code     0  startup_stm32f427xx.o(.text)
    TIM2_IRQHandler                          0x0800f26d   Thumb Code     0  startup_stm32f427xx.o(.text)
    TIM4_IRQHandler                          0x0800f26d   Thumb Code     0  startup_stm32f427xx.o(.text)
    TIM5_IRQHandler                          0x0800f26d   Thumb Code     0  startup_stm32f427xx.o(.text)
    TIM6_DAC_IRQHandler                      0x0800f26d   Thumb Code     0  startup_stm32f427xx.o(.text)
    TIM7_IRQHandler                          0x0800f26d   Thumb Code     0  startup_stm32f427xx.o(.text)
    TIM8_BRK_TIM12_IRQHandler                0x0800f26d   Thumb Code     0  startup_stm32f427xx.o(.text)
    TIM8_CC_IRQHandler                       0x0800f26d   Thumb Code     0  startup_stm32f427xx.o(.text)
    TIM8_TRG_COM_TIM14_IRQHandler            0x0800f26d   Thumb Code     0  startup_stm32f427xx.o(.text)
    TIM8_UP_TIM13_IRQHandler                 0x0800f26d   Thumb Code     0  startup_stm32f427xx.o(.text)
    UART4_IRQHandler                         0x0800f26d   Thumb Code     0  startup_stm32f427xx.o(.text)
    UART5_IRQHandler                         0x0800f26d   Thumb Code     0  startup_stm32f427xx.o(.text)
    UART8_IRQHandler                         0x0800f26d   Thumb Code     0  startup_stm32f427xx.o(.text)
    WWDG_IRQHandler                          0x0800f26d   Thumb Code     0  startup_stm32f427xx.o(.text)
    arm_cos_f32                              0x0800f27d   Thumb Code   108  arm_cos_f32.o(.text)
    arm_sin_f32                              0x0800f2f5   Thumb Code   104  arm_sin_f32.o(.text)
    __aeabi_memcpy                           0x0800f369   Thumb Code    36  memcpya.o(.text)
    __aeabi_memcpy4                          0x0800f369   Thumb Code     0  memcpya.o(.text)
    __aeabi_memcpy8                          0x0800f369   Thumb Code     0  memcpya.o(.text)
    __aeabi_memset                           0x0800f38d   Thumb Code    14  memseta.o(.text)
    __aeabi_memset4                          0x0800f38d   Thumb Code     0  memseta.o(.text)
    __aeabi_memset8                          0x0800f38d   Thumb Code     0  memseta.o(.text)
    __aeabi_memclr                           0x0800f39b   Thumb Code     4  memseta.o(.text)
    __aeabi_memclr4                          0x0800f39b   Thumb Code     0  memseta.o(.text)
    __aeabi_memclr8                          0x0800f39b   Thumb Code     0  memseta.o(.text)
    _memset$wrapper                          0x0800f39f   Thumb Code    18  memseta.o(.text)
    strlen                                   0x0800f3b1   Thumb Code    14  strlen.o(.text)
    strcpy                                   0x0800f3bf   Thumb Code    18  strcpy.o(.text)
    __aeabi_dadd                             0x0800f3d1   Thumb Code   322  dadd.o(.text)
    __aeabi_dsub                             0x0800f513   Thumb Code     6  dadd.o(.text)
    __aeabi_drsub                            0x0800f519   Thumb Code     6  dadd.o(.text)
    __aeabi_dmul                             0x0800f51f   Thumb Code   228  dmul.o(.text)
    __aeabi_ddiv                             0x0800f603   Thumb Code   222  ddiv.o(.text)
    __aeabi_i2d                              0x0800f6e1   Thumb Code    34  dflti.o(.text)
    __aeabi_ui2d                             0x0800f703   Thumb Code    26  dfltui.o(.text)
    __aeabi_f2d                              0x0800f71d   Thumb Code    38  f2d.o(.text)
    __aeabi_cdcmpeq                          0x0800f745   Thumb Code     0  cdcmple.o(.text)
    __aeabi_cdcmple                          0x0800f745   Thumb Code    48  cdcmple.o(.text)
    __aeabi_d2f                              0x0800f775   Thumb Code    56  d2f.o(.text)
    __aeabi_uidiv                            0x0800f7ad   Thumb Code     0  uidiv.o(.text)
    __aeabi_uidivmod                         0x0800f7ad   Thumb Code    44  uidiv.o(.text)
    __aeabi_llsl                             0x0800f7d9   Thumb Code    30  llshl.o(.text)
    _ll_shift_l                              0x0800f7d9   Thumb Code     0  llshl.o(.text)
    __aeabi_lasr                             0x0800f7f7   Thumb Code    36  llsshr.o(.text)
    _ll_sshift_r                             0x0800f7f7   Thumb Code     0  llsshr.o(.text)
    __I$use$fp                               0x0800f81b   Thumb Code     0  iusefp.o(.text)
    _float_round                             0x0800f81b   Thumb Code    18  fepilogue.o(.text)
    _float_epilogue                          0x0800f82d   Thumb Code    92  fepilogue.o(.text)
    _double_round                            0x0800f889   Thumb Code    30  depilogue.o(.text)
    _double_epilogue                         0x0800f8a7   Thumb Code   156  depilogue.o(.text)
    _dsqrt                                   0x0800f943   Thumb Code   162  dsqrt.o(.text)
    __scatterload                            0x0800f9e5   Thumb Code    28  init.o(.text)
    __scatterload_rt2                        0x0800f9e5   Thumb Code     0  init.o(.text)
    __aeabi_llsr                             0x0800fa09   Thumb Code    32  llushr.o(.text)
    _ll_ushift_r                             0x0800fa09   Thumb Code     0  llushr.o(.text)
    __aeabi_d2iz                             0x0800fa29   Thumb Code    62  dfixi.o(.text)
    __decompress                             0x0800fa67   Thumb Code     0  __dczerorl2.o(.text)
    __decompress1                            0x0800fa67   Thumb Code    86  __dczerorl2.o(.text)
    AHRS_init                                0x0800fabd   Thumb Code   626  ahrs.o(i.AHRS_init)
    __0sprintf$3                             0x0800fd59   Thumb Code    34  printf3.o(i.__0sprintf$3)
    __1sprintf$3                             0x0800fd59   Thumb Code     0  printf3.o(i.__0sprintf$3)
    __2sprintf                               0x0800fd59   Thumb Code     0  printf3.o(i.__0sprintf$3)
    __ARM_fpclassify                         0x0800fd81   Thumb Code    48  fpclassify.o(i.__ARM_fpclassify)
    __ARM_fpclassifyf                        0x0800fdb1   Thumb Code    38  fpclassifyf.o(i.__ARM_fpclassifyf)
    __hardfp_acosf                           0x0800fdd9   Thumb Code   234  acosf.o(i.__hardfp_acosf)
    __hardfp_asin                            0x0800fef1   Thumb Code   770  asin.o(i.__hardfp_asin)
    __hardfp_asinf                           0x08010251   Thumb Code   258  asinf.o(i.__hardfp_asinf)
    __hardfp_atan                            0x08010381   Thumb Code   622  atan.o(i.__hardfp_atan)
    __hardfp_atan2                           0x08010659   Thumb Code   448  atan2.o(i.__hardfp_atan2)
    __hardfp_atan2f                          0x08010859   Thumb Code   594  atan2f.o(i.__hardfp_atan2f)
    __hardfp_cos                             0x08010b09   Thumb Code   180  cos.o(i.__hardfp_cos)
    __hardfp_sin                             0x08010bd1   Thumb Code   180  sin.o(i.__hardfp_sin)
    __hardfp_sqrt                            0x08010c99   Thumb Code   122  sqrt_full.o(i.__hardfp_sqrt)
    __hardfp_tanf                            0x08010d15   Thumb Code   322  tanf.o(i.__hardfp_tanf)
    __ieee754_rem_pio2                       0x08010e91   Thumb Code   938  rred.o(i.__ieee754_rem_pio2)
    __kernel_cos                             0x080112c9   Thumb Code   322  cos_i.o(i.__kernel_cos)
    __kernel_poly                            0x08011439   Thumb Code   248  poly.o(i.__kernel_poly)
    __kernel_sin                             0x08011531   Thumb Code   280  sin_i.o(i.__kernel_sin)
    __mathlib_dbl_infnan                     0x08011661   Thumb Code    20  dunder.o(i.__mathlib_dbl_infnan)
    __mathlib_dbl_infnan2                    0x08011675   Thumb Code    20  dunder.o(i.__mathlib_dbl_infnan2)
    __mathlib_dbl_invalid                    0x08011689   Thumb Code    24  dunder.o(i.__mathlib_dbl_invalid)
    __mathlib_dbl_underflow                  0x080116a9   Thumb Code    24  dunder.o(i.__mathlib_dbl_underflow)
    __mathlib_flt_infnan                     0x080116c9   Thumb Code     6  funder.o(i.__mathlib_flt_infnan)
    __mathlib_flt_infnan2                    0x080116cf   Thumb Code     6  funder.o(i.__mathlib_flt_infnan2)
    __mathlib_flt_invalid                    0x080116d5   Thumb Code    10  funder.o(i.__mathlib_flt_invalid)
    __mathlib_flt_underflow                  0x080116e5   Thumb Code    10  funder.o(i.__mathlib_flt_underflow)
    __mathlib_rredf2                         0x080116f5   Thumb Code   316  rredf.o(i.__mathlib_rredf2)
    __scatterload_copy                       0x08011849   Thumb Code    14  handlers.o(i.__scatterload_copy)
    __scatterload_null                       0x08011857   Thumb Code     2  handlers.o(i.__scatterload_null)
    __scatterload_zeroinit                   0x08011859   Thumb Code    14  handlers.o(i.__scatterload_zeroinit)
    __set_errno                              0x08011869   Thumb Code     6  errno.o(i.__set_errno)
    atan                                     0x08011ba3   Thumb Code    16  atan.o(i.atan)
    fabs                                     0x08011bb3   Thumb Code    24  fabs.o(i.fabs)
    sqrt                                     0x08011bcb   Thumb Code   110  sqrt_full.o(i.sqrt)
    sqrtf                                    0x08011c39   Thumb Code    62  sqrtf_full.o(i.sqrtf)
    power_data                               0x08011c78   Data         244  chassis_task.o(.constdata)
    MPU6500_CONFIG_NUM                       0x08011dc6   Data           1  imu_onboard.o(.constdata)
    MPU6500_CONFIG_DATA                      0x08011dc7   Data          42  imu_onboard.o(.constdata)
    IST8310_CONFIG_NUM                       0x08011df1   Data           1  imu_onboard.o(.constdata)
    IST8310_CONFIG_DATA                      0x08011df2   Data          12  imu_onboard.o(.constdata)
    CRC8_INIT                                0x08011dfe   Data           1  usart6.o(.constdata)
    CRC8_TAB                                 0x08011dff   Data         256  usart6.o(.constdata)
    wCRC_Table                               0x08011f00   Data         512  usart6.o(.constdata)
    sinTable_f32                             0x08012100   Data        2052  arm_common_tables.o(.constdata)
    __mathlib_zero                           0x08012a20   Data           8  qnan.o(.constdata)
    Region$$Table$$Base                      0x08012b38   Number         0  anon$$obj.o(Region$$Table)
    Region$$Table$$Limit                     0x08012b58   Number         0  anon$$obj.o(Region$$Table)
    robotInf                                 0x20000000   Data           2  robot.o(.data)
    real_date                                0x20000004   Data           2  chassis_task.o(.data)
    exp_date                                 0x20000006   Data           2  chassis_task.o(.data)
    real_agle                                0x20000008   Data           2  chassis_task.o(.data)
    exp_agle                                 0x2000000a   Data           2  chassis_task.o(.data)
    view_chassis_1                           0x2000000c   Data           4  chassis_task.o(.data)
    view_chassis_2                           0x20000010   Data           4  chassis_task.o(.data)
    view_chassis_3                           0x20000014   Data           4  chassis_task.o(.data)
    view_chassis_4                           0x20000018   Data           4  chassis_task.o(.data)
    Pit_exp_speed                            0x20000038   Data           4  gimbal_task.o(.data)
    Pit_real_speed                           0x2000003c   Data           4  gimbal_task.o(.data)
    Pit_exp_angle                            0x20000040   Data           4  gimbal_task.o(.data)
    Pit_real_angle                           0x20000044   Data           4  gimbal_task.o(.data)
    Yaw_exp_speed                            0x20000048   Data           4  gimbal_task.o(.data)
    Yaw_real_speed                           0x2000004c   Data           4  gimbal_task.o(.data)
    Yaw_exp_angle                            0x20000050   Data           4  gimbal_task.o(.data)
    Yaw_real_angle                           0x20000054   Data           4  gimbal_task.o(.data)
    pit_postion                              0x20000058   Data           4  gimbal_task.o(.data)
    yaw_postion                              0x2000005c   Data           4  gimbal_task.o(.data)
    pitch                                    0x20000060   Data           4  gimbal_task.o(.data)
    yaw                                      0x20000064   Data           4  gimbal_task.o(.data)
    roll                                     0x20000068   Data           4  gimbal_task.o(.data)
    autoRampPara                             0x20000070   Data         112  gimbal_behaviour.o(.data)
    l_speed_real                             0x200000ec   Data           4  shoot_task.o(.data)
    l_speed_set                              0x200000f0   Data           4  shoot_task.o(.data)
    r_speed_set                              0x200000f4   Data           4  shoot_task.o(.data)
    r_speed_real                             0x200000f8   Data           4  shoot_task.o(.data)
    bomb_real                                0x200000fc   Data           4  shoot_task.o(.data)
    l_speed_exp                              0x20000100   Data           4  shoot_task.o(.data)
    r_speed_exp                              0x20000104   Data           4  shoot_task.o(.data)
    PL_REAL                                  0x20000108   Data           2  shoot_task.o(.data)
    PL_EXP                                   0x2000010a   Data           2  shoot_task.o(.data)
    error_l_r                                0x2000010c   Data           2  shoot_task.o(.data)
    sensorStatus                             0x20000110   Data           4  shoot_task.o(.data)
    bulletflag                               0x20000114   Data           4  shoot_task.o(.data)
    sFlagStatus                              0x20000118   Data           4  shoot_task.o(.data)
    fla_jiance                               0x2000011c   Data           4  shoot_task.o(.data)
    beijing_fla                              0x20000138   Data           4  shoot_behaviour.o(.data)
    singleFlag                               0x2000013c   Data           4  shoot_behaviour.o(.data)
    singletime                               0x20000140   Data           4  shoot_behaviour.o(.data)
    singletimeflag                           0x20000144   Data           4  shoot_behaviour.o(.data)
    gongdan_tim                              0x20000148   Data           4  shoot_behaviour.o(.data)
    gongdan_fla                              0x2000014c   Data           1  shoot_behaviour.o(.data)
    Electricpushflag                         0x20000150   Data           4  shoot_behaviour.o(.data)
    Electricpushtime                         0x20000154   Data           4  shoot_behaviour.o(.data)
    Electricpushtimeflag                     0x20000158   Data           4  shoot_behaviour.o(.data)
    plateflag                                0x2000015c   Data           4  shoot_behaviour.o(.data)
    tuigan_flag                              0x20000160   Data           4  shoot_behaviour.o(.data)
    tuigan_tim                               0x20000164   Data           4  shoot_behaviour.o(.data)
    Electricpush2_flag                       0x20000168   Data           4  shoot_behaviour.o(.data)
    douji_flag                               0x2000016c   Data           4  shoot_behaviour.o(.data)
    qiangzhi_gongdan_fla                     0x20000170   Data           1  shoot_behaviour.o(.data)
    qiangzhi_gongdan_tim                     0x20000174   Data           4  shoot_behaviour.o(.data)
    fan_zhuan                                0x20000178   Data           1  shoot_behaviour.o(.data)
    fan_zhuan_tim                            0x2000017c   Data           4  shoot_behaviour.o(.data)
    Firmortor_flag                           0x20000180   Data           1  shoot_behaviour.o(.data)
    mocalun_flag                             0x20000181   Data           1  shoot_behaviour.o(.data)
    CAN1_Timer_Handle                        0x20000190   Data           4  timer_send_task.o(.data)
    CAN2_Timer_Handle                        0x20000194   Data           4  timer_send_task.o(.data)
    VISION_Timer_Handle                      0x20000198   Data           4  timer_send_task.o(.data)
    CAN1_Queue                               0x2000019c   Data           4  timer_send_task.o(.data)
    CAN2_Queue                               0x200001a0   Data           4  timer_send_task.o(.data)
    VISION_Send_Queue                        0x200001a4   Data           4  timer_send_task.o(.data)
    DetectTaskStack                          0x200001b4   Data           4  detect_task.o(.data)
    FreeRTOSRunTimeTicks                     0x200001f0   Data           8  freertos_middleware.o(.data)
    visionDataLength                         0x2000027c   Data           2  usart3_dma.o(.data)
    usart3IRQIn_sum                          0x2000027e   Data           2  usart3_dma.o(.data)
    roll_p                                   0x20000284   Data           2  usart2.o(.data)
    roll_i                                   0x20000286   Data           2  usart2.o(.data)
    roll_d                                   0x20000288   Data           2  usart2.o(.data)
    pitch_p                                  0x2000028a   Data           2  usart2.o(.data)
    pitch_i                                  0x2000028c   Data           2  usart2.o(.data)
    pitch_d                                  0x2000028e   Data           2  usart2.o(.data)
    yaw_p                                    0x20000290   Data           2  usart2.o(.data)
    yaw_i                                    0x20000292   Data           2  usart2.o(.data)
    yaw_d                                    0x20000294   Data           2  usart2.o(.data)
    Rx_Ok                                    0x20000296   Data           1  usart2.o(.data)
    a                                        0x2000029a   Data           1  usart6.o(.data)
    CRC_INIT                                 0x2000029c   Data           2  usart6.o(.data)
    pxCurrentTCB                             0x200002c4   Data           4  tasks.o(.data)
    SystemCoreClock                          0x20000324   Data           4  system_stm32f4xx.o(.data)
    AHBPrescTable                            0x20000328   Data          16  system_stm32f4xx.o(.data)
    chassisTaskStructure                     0x2000034c   Data         940  chassis_task.o(.bss)
    gimbalTaskStructure                      0x200006f8   Data        1576  gimbal_task.o(.bss)
    gimbalPitMotorSpeedCalc                  0x20000d20   Data          20  gimbal_task.o(.bss)
    gimbalLeftPitMotorSpeedCalc              0x20000d34   Data          20  gimbal_task.o(.bss)
    gimbalYawMotorSpeedCalc                  0x20000d48   Data          20  gimbal_task.o(.bss)
    shootTaskStructure                       0x20000d5c   Data         696  shoot_task.o(.bss)
    rc_ctrl                                  0x20001014   Data          22  remote_control.o(.bss)
    oscillographyData                        0x20001072   Data          20  oscillography.o(.bss)
    VisionRevData_test                       0x20001086   Data          43  oscillography.o(.bss)
    imu_data                                 0x200010d8   Data         100  ins_task.o(.bss)
    imu_                                     0x2000113c   Data          48  ins_task.o(.bss)
    imuu_                                    0x2000116c   Data          48  ins_task.o(.bss)
    BoardBLink                               0x200013b0   Data          36  boardb_link.o(.bss)
    rawa                                     0x200013fc   Data        1752  imu_ext.o(.bss)
    visionData                               0x20001ad4   Data          25  usart3_dma.o(.bss)
    Rx_Buf                                   0x20001aed   Data         128  usart2.o(.bss)
    Send_Data_Buf                            0x20001b6d   Data          30  usart2.o(.bss)
    VisionRevData_Struct                     0x20001b8c   Data          43  usart6.o(.bss)
    VisionDataBuffer                         0x20001bb7   Data         255  usart6.o(.bss)
    xQueueRegistry                           0x20021cc4   Data          64  queue.o(.bss)
    __initial_sp                             0x20022410   Data           0  startup_stm32f427xx.o(STACK)



==============================================================================

Memory Map of the image

  Image Entry point : 0x080001ad

  Load Region LR_IROM1 (Base: 0x08000000, Size: 0x00012ea4, Max: 0x00200000, ABSOLUTE, COMPRESSED[0x00012bdc])

    Execution Region ER_IROM1 (Exec base: 0x08000000, Load base: 0x08000000, Size: 0x00012b58, Max: 0x00200000, ABSOLUTE)

    Exec Addr    Load Addr    Size         Type   Attr      Idx    E Section Name        Object

    0x08000000   0x08000000   0x000001ac   Data   RO         2591    RESET               startup_stm32f427xx.o
    0x080001ac   0x080001ac   0x00000000   Code   RO         2952  * .ARM.Collect$$$$00000000  mc_w.l(entry.o)
    0x080001ac   0x080001ac   0x00000004   Code   RO         3328    .ARM.Collect$$$$00000001  mc_w.l(entry2.o)
    0x080001b0   0x080001b0   0x00000004   Code   RO         3331    .ARM.Collect$$$$00000004  mc_w.l(entry5.o)
    0x080001b4   0x080001b4   0x00000000   Code   RO         3333    .ARM.Collect$$$$00000008  mc_w.l(entry7b.o)
    0x080001b4   0x080001b4   0x00000000   Code   RO         3335    .ARM.Collect$$$$0000000A  mc_w.l(entry8b.o)
    0x080001b4   0x080001b4   0x00000008   Code   RO         3336    .ARM.Collect$$$$0000000B  mc_w.l(entry9a.o)
    0x080001bc   0x080001bc   0x00000004   Code   RO         3343    .ARM.Collect$$$$0000000E  mc_w.l(entry12b.o)
    0x080001c0   0x080001c0   0x00000000   Code   RO         3338    .ARM.Collect$$$$0000000F  mc_w.l(entry10a.o)
    0x080001c0   0x080001c0   0x00000000   Code   RO         3340    .ARM.Collect$$$$00000011  mc_w.l(entry11a.o)
    0x080001c0   0x080001c0   0x00000004   Code   RO         3329    .ARM.Collect$$$$00002712  mc_w.l(entry2.o)
    0x080001c4   0x080001c4   0x000000b6   Code   RO         2063    .emb_text           port.o
    0x0800027a   0x0800027a   0x00000002   PAD
    0x0800027c   0x0800027c   0x00000010   Code   RO            1    .text               robot.o
    0x0800028c   0x0800028c   0x00000c2c   Code   RO           27    .text               chassis_task.o
    0x08000eb8   0x08000eb8   0x000007d4   Code   RO          284    .text               chassis_behaviour.o
    0x0800168c   0x0800168c   0x00000bac   Code   RO          327    .text               gimbal_task.o
    0x08002238   0x08002238   0x000006f0   Code   RO          377    .text               gimbal_behaviour.o
    0x08002928   0x08002928   0x00000ae8   Code   RO          413    .text               shoot_task.o
    0x08003410   0x08003410   0x0000046c   Code   RO          465    .text               shoot_behaviour.o
    0x0800387c   0x0800387c   0x000002dc   Code   RO          506    .text               remote_control.o
    0x08003b58   0x08003b58   0x0000012c   Code   RO          537    .text               oscillography.o
    0x08003c84   0x08003c84   0x0000017c   Code   RO          720    .text               timer_send_task.o
    0x08003e00   0x08003e00   0x0000031c   Code   RO          801    .text               ins_task.o
    0x0800411c   0x0800411c   0x00000618   Code   RO          849    .text               detect_task.o
    0x08004734   0x08004734   0x00000020   Code   RO          881    .text               test_task.o
    0x08004754   0x08004754   0x000001c4   Code   RO          924    .text               start_task.o
    0x08004918   0x08004918   0x0000004c   Code   RO          980    .text               freertos_middleware.o
    0x08004964   0x08004964   0x000003c8   Code   RO         1010    .text               boardb_link.o
    0x08004d2c   0x08004d2c   0x0000009c   Code   RO         1066    .text               main.o
    0x08004dc8   0x08004dc8   0x00000014   Code   RO         1127    .text               stm32f4xx_it.o
    0x08004ddc   0x08004ddc   0x00000f68   Code   RO         1154    .text               imu_onboard.o
    0x08005d44   0x08005d44   0x0000075c   Code   RO         1196    .text               imu_ext.o
    0x080064a0   0x080064a0   0x000000c4   Code   RO         1224    .text               kalman.o
    0x08006564   0x08006564   0x000004d8   Code   RO         1278    .text               user_lib.o
    0x08006a3c   0x08006a3c   0x0000039c   Code   RO         1521    .text               pid.o
    0x08006dd8   0x08006dd8   0x000001e8   Code   RO         1551    .text               led.o
    0x08006fc0   0x08006fc0   0x000000dc   Code   RO         1575    .text               buzzer.o
    0x0800709c   0x0800709c   0x00000128   Code   RO         1599    .text               delay.o
    0x080071c4   0x080071c4   0x00000058   Code   RO         1653    .text               laser.o
    0x0800721c   0x0800721c   0x00000094   Code   RO         1677    .text               power_ctrl.o
    0x080072b0   0x080072b0   0x000001a4   Code   RO         1701    .text               rc.o
    0x08007454   0x08007454   0x000002f0   Code   RO         1725    .text               timer.o
    0x08007744   0x08007744   0x00000550   Code   RO         1776    .text               can.o
    0x08007c94   0x08007c94   0x00000264   Code   RO         1804    .text               usart3_dma.o
    0x08007ef8   0x08007ef8   0x00000468   Code   RO         1843    .text               usart2.o
    0x08008360   0x08008360   0x00000438   Code   RO         1875    .text               usart6.o
    0x08008798   0x08008798   0x000002c0   Code   RO         1913    .text               spi5.o
    0x08008a58   0x08008a58   0x000001dc   Code   RO         1948    .text               motor.o
    0x08008c34   0x08008c34   0x00000080   Code   RO         1972    .text               exti.o
    0x08008cb4   0x08008cb4   0x000000e4   Code   RO         1996    .text               uart7.o
    0x08008d98   0x08008d98   0x0000029c   Code   RO         2027    .text               heap_4.o
    0x08009034   0x08009034   0x000002f0   Code   RO         2064    .text               port.o
    0x08009324   0x08009324   0x00000094   Code   RO         2129    .text               list.o
    0x080093b8   0x080093b8   0x00000dbc   Code   RO         2141    .text               queue.o
    0x0800a174   0x0800a174   0x00001a2c   Code   RO         2159    .text               tasks.o
    0x0800bba0   0x0800bba0   0x000005dc   Code   RO         2182    .text               timers.o
    0x0800c17c   0x0800c17c   0x000000e0   Code   RO         2200    .text               misc.o
    0x0800c25c   0x0800c25c   0x00000294   Code   RO         2224    .text               stm32f4xx_gpio.o
    0x0800c4f0   0x0800c4f0   0x00000660   Code   RO         2248    .text               stm32f4xx_rcc.o
    0x0800cb50   0x0800cb50   0x00000094   Code   RO         2274    .text               stm32f4xx_syscfg.o
    0x0800cbe4   0x0800cbe4   0x00000454   Code   RO         2298    .text               stm32f4xx_usart.o
    0x0800d038   0x0800d038   0x000009f0   Code   RO         2322    .text               stm32f4xx_can.o
    0x0800da28   0x0800da28   0x000003a8   Code   RO         2346    .text               stm32f4xx_dma.o
    0x0800ddd0   0x0800ddd0   0x00000ca2   Code   RO         2370    .text               stm32f4xx_tim.o
    0x0800ea72   0x0800ea72   0x00000002   PAD
    0x0800ea74   0x0800ea74   0x00000480   Code   RO         2394    .text               stm32f4xx_spi.o
    0x0800eef4   0x0800eef4   0x00000110   Code   RO         2466    .text               stm32f4xx_exti.o
    0x0800f004   0x0800f004   0x00000244   Code   RO         2565    .text               system_stm32f4xx.o
    0x0800f248   0x0800f248   0x00000034   Code   RO         2592    .text               startup_stm32f427xx.o
    0x0800f27c   0x0800f27c   0x00000078   Code   RO         2686    .text               arm_cortexM4lf_math.lib(arm_cos_f32.o)
    0x0800f2f4   0x0800f2f4   0x00000074   Code   RO         2739    .text               arm_cortexM4lf_math.lib(arm_sin_f32.o)
    0x0800f368   0x0800f368   0x00000024   Code   RO         2955    .text               mc_w.l(memcpya.o)
    0x0800f38c   0x0800f38c   0x00000024   Code   RO         2957    .text               mc_w.l(memseta.o)
    0x0800f3b0   0x0800f3b0   0x0000000e   Code   RO         2959    .text               mc_w.l(strlen.o)
    0x0800f3be   0x0800f3be   0x00000012   Code   RO         2961    .text               mc_w.l(strcpy.o)
    0x0800f3d0   0x0800f3d0   0x0000014e   Code   RO         3226    .text               mf_w.l(dadd.o)
    0x0800f51e   0x0800f51e   0x000000e4   Code   RO         3228    .text               mf_w.l(dmul.o)
    0x0800f602   0x0800f602   0x000000de   Code   RO         3230    .text               mf_w.l(ddiv.o)
    0x0800f6e0   0x0800f6e0   0x00000022   Code   RO         3234    .text               mf_w.l(dflti.o)
    0x0800f702   0x0800f702   0x0000001a   Code   RO         3236    .text               mf_w.l(dfltui.o)
    0x0800f71c   0x0800f71c   0x00000026   Code   RO         3238    .text               mf_w.l(f2d.o)
    0x0800f742   0x0800f742   0x00000002   PAD
    0x0800f744   0x0800f744   0x00000030   Code   RO         3240    .text               mf_w.l(cdcmple.o)
    0x0800f774   0x0800f774   0x00000038   Code   RO         3242    .text               mf_w.l(d2f.o)
    0x0800f7ac   0x0800f7ac   0x0000002c   Code   RO         3345    .text               mc_w.l(uidiv.o)
    0x0800f7d8   0x0800f7d8   0x0000001e   Code   RO         3349    .text               mc_w.l(llshl.o)
    0x0800f7f6   0x0800f7f6   0x00000024   Code   RO         3351    .text               mc_w.l(llsshr.o)
    0x0800f81a   0x0800f81a   0x00000000   Code   RO         3360    .text               mc_w.l(iusefp.o)
    0x0800f81a   0x0800f81a   0x0000006e   Code   RO         3361    .text               mf_w.l(fepilogue.o)
    0x0800f888   0x0800f888   0x000000ba   Code   RO         3363    .text               mf_w.l(depilogue.o)
    0x0800f942   0x0800f942   0x000000a2   Code   RO         3365    .text               mf_w.l(dsqrt.o)
    0x0800f9e4   0x0800f9e4   0x00000024   Code   RO         3371    .text               mc_w.l(init.o)
    0x0800fa08   0x0800fa08   0x00000020   Code   RO         3373    .text               mc_w.l(llushr.o)
    0x0800fa28   0x0800fa28   0x0000003e   Code   RO         3375    .text               mf_w.l(dfixi.o)
    0x0800fa66   0x0800fa66   0x00000056   Code   RO         3385    .text               mc_w.l(__dczerorl2.o)
    0x0800fabc   0x0800fabc   0x0000029c   Code   RO         2597    i.AHRS_init         AHRS.lib(ahrs.o)
    0x0800fd58   0x0800fd58   0x00000028   Code   RO         3056    i.__0sprintf$3      mc_w.l(printf3.o)
    0x0800fd80   0x0800fd80   0x00000030   Code   RO         3281    i.__ARM_fpclassify  m_wm.l(fpclassify.o)
    0x0800fdb0   0x0800fdb0   0x00000026   Code   RO         3283    i.__ARM_fpclassifyf  m_wm.l(fpclassifyf.o)
    0x0800fdd6   0x0800fdd6   0x00000002   PAD
    0x0800fdd8   0x0800fdd8   0x00000118   Code   RO         2842    i.__hardfp_acosf    m_wm.l(acosf.o)
    0x0800fef0   0x0800fef0   0x00000360   Code   RO         2854    i.__hardfp_asin     m_wm.l(asin.o)
    0x08010250   0x08010250   0x0000012c   Code   RO         2868    i.__hardfp_asinf    m_wm.l(asinf.o)
    0x0801037c   0x0801037c   0x00000004   PAD
    0x08010380   0x08010380   0x000002d8   Code   RO         3244    i.__hardfp_atan     m_wm.l(atan.o)
    0x08010658   0x08010658   0x00000200   Code   RO         2880    i.__hardfp_atan2    m_wm.l(atan2.o)
    0x08010858   0x08010858   0x000002ac   Code   RO         2892    i.__hardfp_atan2f   m_wm.l(atan2f.o)
    0x08010b04   0x08010b04   0x00000004   PAD
    0x08010b08   0x08010b08   0x000000c8   Code   RO         2904    i.__hardfp_cos      m_wm.l(cos.o)
    0x08010bd0   0x08010bd0   0x000000c8   Code   RO         2916    i.__hardfp_sin      m_wm.l(sin.o)
    0x08010c98   0x08010c98   0x0000007a   Code   RO         2940    i.__hardfp_sqrt     m_wm.l(sqrt_full.o)
    0x08010d12   0x08010d12   0x00000002   PAD
    0x08010d14   0x08010d14   0x0000017c   Code   RO         2928    i.__hardfp_tanf     m_wm.l(tanf.o)
    0x08010e90   0x08010e90   0x00000438   Code   RO         3302    i.__ieee754_rem_pio2  m_wm.l(rred.o)
    0x080112c8   0x080112c8   0x00000170   Code   RO         3258    i.__kernel_cos      m_wm.l(cos_i.o)
    0x08011438   0x08011438   0x000000f8   Code   RO         3299    i.__kernel_poly     m_wm.l(poly.o)
    0x08011530   0x08011530   0x00000130   Code   RO         3310    i.__kernel_sin      m_wm.l(sin_i.o)
    0x08011660   0x08011660   0x00000014   Code   RO         3262    i.__mathlib_dbl_infnan  m_wm.l(dunder.o)
    0x08011674   0x08011674   0x00000014   Code   RO         3263    i.__mathlib_dbl_infnan2  m_wm.l(dunder.o)
    0x08011688   0x08011688   0x00000020   Code   RO         3264    i.__mathlib_dbl_invalid  m_wm.l(dunder.o)
    0x080116a8   0x080116a8   0x00000020   Code   RO         3267    i.__mathlib_dbl_underflow  m_wm.l(dunder.o)
    0x080116c8   0x080116c8   0x00000006   Code   RO         3286    i.__mathlib_flt_infnan  m_wm.l(funder.o)
    0x080116ce   0x080116ce   0x00000006   Code   RO         3287    i.__mathlib_flt_infnan2  m_wm.l(funder.o)
    0x080116d4   0x080116d4   0x00000010   Code   RO         3288    i.__mathlib_flt_invalid  m_wm.l(funder.o)
    0x080116e4   0x080116e4   0x00000010   Code   RO         3291    i.__mathlib_flt_underflow  m_wm.l(funder.o)
    0x080116f4   0x080116f4   0x00000154   Code   RO         3307    i.__mathlib_rredf2  m_wm.l(rredf.o)
    0x08011848   0x08011848   0x0000000e   Code   RO         3379    i.__scatterload_copy  mc_w.l(handlers.o)
    0x08011856   0x08011856   0x00000002   Code   RO         3380    i.__scatterload_null  mc_w.l(handlers.o)
    0x08011858   0x08011858   0x0000000e   Code   RO         3381    i.__scatterload_zeroinit  mc_w.l(handlers.o)
    0x08011866   0x08011866   0x00000002   PAD
    0x08011868   0x08011868   0x0000000c   Code   RO         3355    i.__set_errno       mc_w.l(errno.o)
    0x08011874   0x08011874   0x000001b8   Code   RO         3061    i._printf_core      mc_w.l(printf3.o)
    0x08011a2c   0x08011a2c   0x0000000a   Code   RO         3063    i._sputc            mc_w.l(printf3.o)
    0x08011a36   0x08011a36   0x0000016c   Code   RO         2601    i.angle_to_quat     AHRS.lib(ahrs.o)
    0x08011ba2   0x08011ba2   0x00000010   Code   RO         3246    i.atan              m_wm.l(atan.o)
    0x08011bb2   0x08011bb2   0x00000018   Code   RO         3277    i.fabs              m_wm.l(fabs.o)
    0x08011bca   0x08011bca   0x0000006e   Code   RO         2942    i.sqrt              m_wm.l(sqrt_full.o)
    0x08011c38   0x08011c38   0x0000003e   Code   RO         3318    i.sqrtf             m_wm.l(sqrtf_full.o)
    0x08011c76   0x08011c76   0x00000002   PAD
    0x08011c78   0x08011c78   0x000000f4   Data   RO           29    .constdata          chassis_task.o
    0x08011d6c   0x08011d6c   0x0000000c   Data   RO          803    .constdata          ins_task.o
    0x08011d78   0x08011d78   0x0000004e   Data   RO          851    .constdata          detect_task.o
    0x08011dc6   0x08011dc6   0x00000038   Data   RO         1156    .constdata          imu_onboard.o
    0x08011dfe   0x08011dfe   0x00000302   Data   RO         1877    .constdata          usart6.o
    0x08012100   0x08012100   0x00000804   Data   RO         2819    .constdata          arm_cortexM4lf_math.lib(arm_common_tables.o)
    0x08012904   0x08012904   0x00000004   PAD
    0x08012908   0x08012908   0x00000050   Data   RO         2857    .constdata          m_wm.l(asin.o)
    0x08012958   0x08012958   0x00000098   Data   RO         3247    .constdata          m_wm.l(atan.o)
    0x080129f0   0x080129f0   0x00000030   Data   RO         3259    .constdata          m_wm.l(cos_i.o)
    0x08012a20   0x08012a20   0x00000008   Data   RO         3301    .constdata          m_wm.l(qnan.o)
    0x08012a28   0x08012a28   0x000000c8   Data   RO         3304    .constdata          m_wm.l(rred.o)
    0x08012af0   0x08012af0   0x00000020   Data   RO         3308    .constdata          m_wm.l(rredf.o)
    0x08012b10   0x08012b10   0x00000028   Data   RO         3311    .constdata          m_wm.l(sin_i.o)
    0x08012b38   0x08012b38   0x00000020   Data   RO         3377    Region$$Table       anon$$obj.o


    Execution Region RW_IRAM1 (Exec base: 0x20000000, Load base: 0x08012b58, Size: 0x00022410, Max: 0x00030000, ABSOLUTE, COMPRESSED[0x00000084])

    Exec Addr    Load Addr    Size         Type   Attr      Idx    E Section Name        Object

    0x20000000   COMPRESSED   0x00000002   Data   RW            2    .data               robot.o
    0x20000002   COMPRESSED   0x00000002   PAD
    0x20000004   COMPRESSED   0x00000018   Data   RW           30    .data               chassis_task.o
    0x2000001c   COMPRESSED   0x0000001c   Data   RW          285    .data               chassis_behaviour.o
    0x20000038   COMPRESSED   0x00000036   Data   RW          329    .data               gimbal_task.o
    0x2000006e   COMPRESSED   0x00000002   PAD
    0x20000070   COMPRESSED   0x0000007c   Data   RW          378    .data               gimbal_behaviour.o
    0x200000ec   COMPRESSED   0x00000049   Data   RW          415    .data               shoot_task.o
    0x20000135   COMPRESSED   0x00000003   PAD
    0x20000138   COMPRESSED   0x00000054   Data   RW          466    .data               shoot_behaviour.o
    0x2000018c   COMPRESSED   0x00000002   Data   RW          508    .data               remote_control.o
    0x2000018e   COMPRESSED   0x00000002   PAD
    0x20000190   COMPRESSED   0x00000018   Data   RW          721    .data               timer_send_task.o
    0x200001a8   COMPRESSED   0x0000000a   Data   RW          804    .data               ins_task.o
    0x200001b2   COMPRESSED   0x00000002   PAD
    0x200001b4   COMPRESSED   0x0000000e   Data   RW          852    .data               detect_task.o
    0x200001c2   COMPRESSED   0x00000002   PAD
    0x200001c4   COMPRESSED   0x00000028   Data   RW          925    .data               start_task.o
    0x200001ec   COMPRESSED   0x00000004   PAD
    0x200001f0   COMPRESSED   0x00000008   Data   RW          981    .data               freertos_middleware.o
    0x200001f8   COMPRESSED   0x00000084   Data   RW         1157    .data               imu_onboard.o
    0x2000027c   COMPRESSED   0x00000008   Data   RW         1806    .data               usart3_dma.o
    0x20000284   COMPRESSED   0x00000015   Data   RW         1845    .data               usart2.o
    0x20000299   COMPRESSED   0x00000001   PAD
    0x2000029a   COMPRESSED   0x00000004   Data   RW         1878    .data               usart6.o
    0x2000029e   COMPRESSED   0x00000001   Data   RW         1914    .data               spi5.o
    0x2000029f   COMPRESSED   0x00000001   Data   RW         1997    .data               uart7.o
    0x200002a0   COMPRESSED   0x00000018   Data   RW         2029    .data               heap_4.o
    0x200002b8   COMPRESSED   0x0000000c   Data   RW         2065    .data               port.o
    0x200002c4   COMPRESSED   0x0000003c   Data   RW         2161    .data               tasks.o
    0x20000300   COMPRESSED   0x00000014   Data   RW         2184    .data               timers.o
    0x20000314   COMPRESSED   0x00000010   Data   RW         2249    .data               stm32f4xx_rcc.o
    0x20000324   COMPRESSED   0x00000014   Data   RW         2566    .data               system_stm32f4xx.o
    0x20000338   COMPRESSED   0x00000010   Data   RW         2610    .data               AHRS.lib(ahrs.o)
    0x20000348   COMPRESSED   0x00000004   Data   RW         3356    .data               mc_w.l(errno.o)
    0x2000034c        -       0x000003ac   Zero   RW           28    .bss                chassis_task.o
    0x200006f8        -       0x00000664   Zero   RW          328    .bss                gimbal_task.o
    0x20000d5c        -       0x000002b8   Zero   RW          414    .bss                shoot_task.o
    0x20001014        -       0x0000005e   Zero   RW          507    .bss                remote_control.o
    0x20001072        -       0x0000003f   Zero   RW          538    .bss                oscillography.o
    0x200010b1   COMPRESSED   0x00000003   PAD
    0x200010b4        -       0x00000104   Zero   RW          802    .bss                ins_task.o
    0x200011b8        -       0x000001f8   Zero   RW          850    .bss                detect_task.o
    0x200013b0        -       0x00000024   Zero   RW         1011    .bss                boardb_link.o
    0x200013d4        -       0x00000017   Zero   RW         1155    .bss                imu_onboard.o
    0x200013eb   COMPRESSED   0x00000001   PAD
    0x200013ec        -       0x000006e8   Zero   RW         1197    .bss                imu_ext.o
    0x20001ad4        -       0x00000019   Zero   RW         1805    .bss                usart3_dma.o
    0x20001aed        -       0x0000009e   Zero   RW         1844    .bss                usart2.o
    0x20001b8b   COMPRESSED   0x00000001   PAD
    0x20001b8c        -       0x00000136   Zero   RW         1876    .bss                usart6.o
    0x20001cc2        -       0x00020000   Zero   RW         2028    .bss                heap_4.o
    0x20021cc2   COMPRESSED   0x00000002   PAD
    0x20021cc4        -       0x00000040   Zero   RW         2142    .bss                queue.o
    0x20021d04        -       0x000002e4   Zero   RW         2160    .bss                tasks.o
    0x20021fe8        -       0x00000028   Zero   RW         2183    .bss                timers.o
    0x20022010        -       0x00000400   Zero   RW         2589    STACK               startup_stm32f427xx.o


==============================================================================

Image component sizes


      Code (inc. data)   RO Data    RW Data    ZI Data      Debug   Object Name

       968         24          0          0         36       7059   boardb_link.o
       220         10          0          0          0        816   buzzer.o
      1360         76          0          0          0       4179   can.o
      2004        118          0         28          0      10190   chassis_behaviour.o
      3116        236        244         24        940     343742   chassis_task.o
       296         10          0          0          0       1212   delay.o
      1560         72         78         14        504       4345   detect_task.o
         0          0          0          0          0       7916   event_groups.o
       128          4          0          0          0        664   exti.o
        76          8          0          8          0       1939   freertos_middleware.o
      1776        148          0        124          0       5427   gimbal_behaviour.o
      2988        244          0         54       1636      18672   gimbal_task.o
       668         24          0         24     131072      13200   heap_4.o
      1884         10          0          0       1768       4755   imu_ext.o
      3944         82         56        132         23       7778   imu_onboard.o
       796         76         12         10        260       5384   ins_task.o
       196          4          0          0          0       1132   kalman.o
        88          6          0          0          0        785   laser.o
       488         26          0          0          0       2556   led.o
       148          0          0          0          0       1966   list.o
       156          6          0          0          0        672   main.o
       224         20          0          0          0       1973   misc.o
       476         14          0          0          0       2693   motor.o
       300         12          0          0         63     344787   oscillography.o
       924         18          0          0          0       2786   pid.o
       934         50          0         12          0       8662   port.o
       148          4          0          0          0       1202   power_ctrl.o
      3516         16          0          0         64      18554   queue.o
       420         24          0          0          0       1619   rc.o
       732         24          0          2         94       7822   remote_control.o
        16          4          0          2          0       3867   robot.o
      1132        118          0         84          0       4215   shoot_behaviour.o
      2792        268          0         73        696      40385   shoot_task.o
       704         28          0          1          0       3751   spi5.o
       452        210          0         40          0       4055   start_task.o
        52         14        428          0       1024        876   startup_stm32f427xx.o
      2544         38          0          0          0       8300   stm32f4xx_can.o
       936         32          0          0          0       6549   stm32f4xx_dma.o
       272         10          0          0          0       2439   stm32f4xx_exti.o
       660         44          0          0          0       4309   stm32f4xx_gpio.o
        20          0          0          0          0        959   stm32f4xx_it.o
      1632         54          0         16          0      13332   stm32f4xx_rcc.o
      1152         36          0          0          0       7061   stm32f4xx_spi.o
       148         12          0          0          0       1905   stm32f4xx_syscfg.o
      3234         60          0          0          0      23164   stm32f4xx_tim.o
      1108         34          0          0          0       8036   stm32f4xx_usart.o
       580         46          0         20          0       2019   system_stm32f4xx.o
      6700        376          0         60        740      28067   tasks.o
        32          0          0          0          0        675   test_task.o
       752         30          0          0          0       1967   timer.o
       380         76          0         24          0     256005   timer_send_task.o
      1500         68          0         20         40       8935   timers.o
       228         22          0          1          0       1030   uart7.o
      1128         76          0         21        158       4772   usart2.o
       612         32          0          8         25       2891   usart3_dma.o
      1080         46        770          4        310       7812   usart6.o
      1240         22          0          0          0       9154   user_lib.o

    ----------------------------------------------------------------------
     61624       3122       1620        824     139460    1291017   Object Totals
         0          0         32          0          0          0   (incl. Generated)
         4          0          0         18          7          0   (incl. Padding)

    ----------------------------------------------------------------------

      Code (inc. data)   RO Data    RW Data    ZI Data      Debug   Library Member Name

      1032         42          0         16          0       4148   ahrs.o
         0          0       2052          0          0       4636   arm_common_tables.o
       120         12          0          0          0      16970   arm_cos_f32.o
       116         12          0          0          0        658   arm_sin_f32.o
       280         46          0          0          0        176   acosf.o
       864         94         80          0          0        280   asin.o
       300         42          0          0          0        176   asinf.o
       744        106        152          0          0        352   atan.o
       512         64          0          0          0        208   atan2.o
       684         90          0          0          0        208   atan2f.o
       200         20          0          0          0        164   cos.o
       368         46         48          0          0        200   cos_i.o
       104         16          0          0          0        496   dunder.o
        24          0          0          0          0        124   fabs.o
        48          0          0          0          0        124   fpclassify.o
        38          0          0          0          0        116   fpclassifyf.o
        44         12          0          0          0        464   funder.o
       248          0          0          0          0        152   poly.o
         0          0          8          0          0          0   qnan.o
      1080        142        200          0          0        188   rred.o
       340         24         32          0          0        160   rredf.o
       200         20          0          0          0        164   sin.o
       304         24         40          0          0        208   sin_i.o
       232          0          0          0          0        296   sqrt_full.o
        62          0          0          0          0        136   sqrtf_full.o
       380         58          0          0          0        200   tanf.o
        86          0          0          0          0          0   __dczerorl2.o
         0          0          0          0          0          0   entry.o
         0          0          0          0          0          0   entry10a.o
         0          0          0          0          0          0   entry11a.o
         4          0          0          0          0          0   entry12b.o
         8          4          0          0          0          0   entry2.o
         4          0          0          0          0          0   entry5.o
         0          0          0          0          0          0   entry7b.o
         0          0          0          0          0          0   entry8b.o
         8          4          0          0          0          0   entry9a.o
        12          6          0          4          0         68   errno.o
        30          0          0          0          0          0   handlers.o
        36          8          0          0          0         68   init.o
         0          0          0          0          0          0   iusefp.o
        30          0          0          0          0         68   llshl.o
        36          0          0          0          0         68   llsshr.o
        32          0          0          0          0         68   llushr.o
        36          0          0          0          0         68   memcpya.o
        36          0          0          0          0        108   memseta.o
       490         10          0          0          0        252   printf3.o
        18          0          0          0          0         68   strcpy.o
        14          0          0          0          0         68   strlen.o
        44          0          0          0          0         80   uidiv.o
        48          0          0          0          0         68   cdcmple.o
        56          0          0          0          0         88   d2f.o
       334          0          0          0          0        148   dadd.o
       222          0          0          0          0        100   ddiv.o
       186          0          0          0          0        176   depilogue.o
        62          0          0          0          0         80   dfixi.o
        34          0          0          0          0         76   dflti.o
        26          0          0          0          0         76   dfltui.o
       228          0          0          0          0         96   dmul.o
       162          0          0          0          0        100   dsqrt.o
        38          0          0          0          0         68   f2d.o
       110          0          0          0          0        168   fepilogue.o

    ----------------------------------------------------------------------
     10772        910       2616         20          0      33232   Library Totals
        18          8          4          0          0          0   (incl. Padding)

    ----------------------------------------------------------------------

      Code (inc. data)   RO Data    RW Data    ZI Data      Debug   Library Name

      1032         42          0         16          0       4148   AHRS.lib
       236         24       2052          0          0      22264   arm_cortexM4lf_math.lib
      7056        804        560          0          0       4592   m_wm.l
       924         32          0          4          0        984   mc_w.l
      1506          0          0          0          0       1244   mf_w.l

    ----------------------------------------------------------------------
     10772        910       2616         20          0      33232   Library Totals

    ----------------------------------------------------------------------

==============================================================================


      Code (inc. data)   RO Data    RW Data    ZI Data      Debug   

     72396       4032       4236        844     139460    1307989   Grand Totals
     72396       4032       4236        132     139460    1307989   ELF Image Totals (compressed)
     72396       4032       4236        132          0          0   ROM Totals

==============================================================================

    Total RO  Size (Code + RO Data)                76632 (  74.84kB)
    Total RW  Size (RW Data + ZI Data)            140304 ( 137.02kB)
    Total ROM Size (Code + RO Data + RW Data)      76764 (  74.96kB)

==============================================================================

