<html>
<body>
<pre>
<h1>µVision Build Log</h1>
<h2>Tool Versions:</h2>
IDE-Version: ¦ÌVision V5.38.0.0
Copyright (C) 2022 ARM Ltd and ARM Germany GmbH. All rights reserved.
License Information: zjk ywty, ysu, LIC=UJWP0-BE98K-637MB-2ZDKF-X8RHR-3JFXZ
 
Tool Versions:
Toolchain:       MDK-ARM Plus  Version: 5.36.0.0
Toolchain Path:  D:\MDK\ARM\ARMCC\Bin
C Compiler:      Armcc.exe V5.06 update 7 (build 960)
Assembler:       Armasm.exe V5.06 update 7 (build 960)
Linker/Locator:  ArmLink.exe V5.06 update 7 (build 960)
Library Manager: ArmAr.exe V5.06 update 7 (build 960)
Hex Converter:   FromElf.exe V5.06 update 7 (build 960)
CPU DLL:         SARMCM3.DLL V5.36.0.0
Dialog DLL:      DCM.DLL V1.17.3.0
Target DLL:      Segger\JL2CM3.dll V2.99.40.0
Dialog DLL:      TCM.DLL V1.53.0.0
 
<h2>Project:</h2>
C:\Users\26936\Desktop\2024.1.5\Hero\Project\Infantry.uvprojx
Project File Date:  12/02/2023

<h2>Output:</h2>
*** Using Compiler 'V5.06 update 7 (build 960)', folder: 'D:\MDK\ARM\ARMCC\Bin'
Build target 'Standrad'
compiling shoot_behaviour.c...
..\User\APP\robot\robot.h(59): warning:  #1295-D: Deprecated declaration robotInit - give arg types
  void robotInit();
..\User\APP\robot\robot.h(62): warning:  #1-D: last line of file ends without a newline
  #endif 
..\User\APP\shoot_task\shoot_behaviour.h(7): warning:  #1295-D: Deprecated declaration shootbehDebugEnterCondition - give arg types
  bool_t shootbehDebugEnterCondition();
..\User\APP\shoot_task\shoot_behaviour.h(8): warning:  #1295-D: Deprecated declaration shootbehDebugOutCondition - give arg types
  bool_t shootbehDebugOutCondition();
..\User\APP\shoot_task\shoot_behaviour.h(12): warning:  #1295-D: Deprecated declaration shootbehZeroForceEnterCondition - give arg types
  bool_t shootbehZeroForceEnterCondition();
..\User\APP\shoot_task\shoot_behaviour.h(13): warning:  #1295-D: Deprecated declaration shootbehZeroForceOutCondition - give arg types
  bool_t shootbehZeroForceOutCondition();
..\User\APP\shoot_task\shoot_behaviour.h(17): warning:  #1295-D: Deprecated declaration shootbehSensorEnterCondition - give arg types
  bool_t shootbehSensorEnterCondition();
..\User\APP\shoot_task\shoot_behaviour.h(18): warning:  #1295-D: Deprecated declaration shootbehSensorOutCondition - give arg types
  bool_t shootbehSensorOutCondition();
..\User\APP\shoot_task\shoot_behaviour.h(23): warning:  #1295-D: Deprecated declaration shootbehbeat_rotateEnterCondition - give arg types
  bool_t shootbehbeat_rotateEnterCondition();
..\User\APP\shoot_task\shoot_behaviour.h(24): warning:  #1295-D: Deprecated declaration shootbehbeat_rotateOutCondition - give arg types
  bool_t shootbehbeat_rotateOutCondition();
..\User\APP\shoot_task\shoot_behaviour.h(28): warning:  #1295-D: Deprecated declaration shootbehbeat_guardEnterCondition - give arg types
  bool_t shootbehbeat_guardEnterCondition();
..\User\APP\shoot_task\shoot_behaviour.h(29): warning:  #1295-D: Deprecated declaration shootbehbeat_guardOutCondition - give arg types
  bool_t shootbehbeat_guardOutCondition();
..\User\APP\shoot_task\shoot_behaviour.h(34): warning:  #1295-D: Deprecated declaration shootbehPositionEnterCondition - give arg types
  bool_t shootbehPositionEnterCondition();
..\User\APP\shoot_task\shoot_behaviour.h(35): warning:  #1295-D: Deprecated declaration shootbehPositionOutCondition - give arg types
  bool_t shootbehPositionOutCondition();
..\User\APP\shoot_task\shoot_behaviour.h(39): warning:  #1295-D: Deprecated declaration shootbehSpeedEnterCondition - give arg types
  bool_t shootbehSpeedEnterCondition();
..\User\APP\shoot_task\shoot_behaviour.h(40): warning:  #1295-D: Deprecated declaration shootbehSpeedOutCondition - give arg types
  bool_t shootbehSpeedOutCondition();
..\User\APP\shoot_task\shoot_behaviour.h(44): warning:  #1295-D: Deprecated declaration shootbehFirOffEnterCondition - give arg types
  bool_t shootbehFirOffEnterCondition();
..\User\APP\shoot_task\shoot_behaviour.h(45): warning:  #1295-D: Deprecated declaration shootbehFirOffOutCondition - give arg types
  bool_t shootbehFirOffOutCondition();
..\User\USER_LIB\pid.h(49): warning:  #1-D: last line of file ends without a newline
  #endif
..\User\APP\gimbal_task\gimbal_task.h(214): warning:  #1-D: last line of file ends without a newline
  #endif
..\User\APP\shoot_task\shoot_task.h(187): warning:  #1295-D: Deprecated declaration shootInit - give arg types
  void shootInit();
..\User\APP\shoot_task\shoot_task.h(188): warning:  #1295-D: Deprecated declaration shootReset - give arg types
  void shootReset();
..\User\APP\shoot_task\shoot_task.h(196): warning:  #1-D: last line of file ends without a newline
  #endif
..\User\APP\oscillography_task\oscillography.h(15): warning:  #1-D: last line of file ends without a newline
  #endif
..\User\APP\chassis_task\chassis_task.h(174): warning:  #1295-D: Deprecated declaration chassisTaskInit - give arg types
  void chassisTaskInit();
..\User\APP\gimbal_task\gimbal_behaviour.h(5): warning:  #1295-D: Deprecated declaration gimbalDebugBehaviourEnterCondition - give arg types
  bool_t gimbalDebugBehaviourEnterCondition();
..\User\APP\gimbal_task\gimbal_behaviour.h(6): warning:  #1295-D: Deprecated declaration gimbalDebugBehaviourOutCondition - give arg types
  bool_t gimbalDebugBehaviourOutCondition();
..\User\APP\gimbal_task\gimbal_behaviour.h(9): warning:  #1295-D: Deprecated declaration gimbalMidBehaviourEnterCondition - give arg types
  bool_t gimbalMidBehaviourEnterCondition();
..\User\APP\gimbal_task\gimbal_behaviour.h(10): warning:  #1295-D: Deprecated declaration gimbalMidBehaviourOutCondition - give arg types
  bool_t gimbalMidBehaviourOutCondition();
..\User\APP\gimbal_task\gimbal_behaviour.h(14): warning:  #1295-D: Deprecated declaration gimbalZeroForceBehaviourEnterCondition - give arg types
  bool_t gimbalZeroForceBehaviourEnterCondition();
..\User\APP\gimbal_task\gimbal_behaviour.h(15): warning:  #1295-D: Deprecated declaration gimbalZeroForceBehaviourOutCondition - give arg types
  bool_t gimbalZeroForceBehaviourOutCondition();
..\User\APP\gimbal_task\gimbal_behaviour.h(18): warning:  #1295-D: Deprecated declaration gimbalInitBehaviourEnterCondition - give arg types
  bool_t gimbalInitBehaviourEnterCondition();
..\User\APP\gimbal_task\gimbal_behaviour.h(19): warning:  #1295-D: Deprecated declaration gimbalInitBehaviourOutCondition - give arg types
  bool_t gimbalInitBehaviourOutCondition();
..\User\APP\gimbal_task\gimbal_behaviour.h(23): warning:  #1295-D: Deprecated declaration gimbalNormalBehaviourEnterCondition - give arg types
  bool_t gimbalNormalBehaviourEnterCondition();
..\User\APP\gimbal_task\gimbal_behaviour.h(24): warning:  #1295-D: Deprecated declaration gimbalNormalBehaviourOutCondition - give arg types
  bool_t gimbalNormalBehaviourOutCondition();
..\User\APP\gimbal_task\gimbal_behaviour.h(27): warning:  #1295-D: Deprecated declaration gimbalTurnBehaviourEnterCondition - give arg types
  bool_t gimbalTurnBehaviourEnterCondition();
..\User\APP\gimbal_task\gimbal_behaviour.h(28): warning:  #1295-D: Deprecated declaration gimbalTurnBehaviourOutCondition - give arg types
  bool_t gimbalTurnBehaviourOutCondition();
..\User\APP\gimbal_task\gimbal_behaviour.h(31): warning:  #1295-D: Deprecated declaration gimbalAutoBehaviourEnterCondition - give arg types
  bool_t gimbalAutoBehaviourEnterCondition();
..\User\APP\gimbal_task\gimbal_behaviour.h(32): warning:  #1295-D: Deprecated declaration gimbalAutoBehaviourOutCondition - give arg types
  bool_t gimbalAutoBehaviourOutCondition();
..\User\APP\gimbal_task\gimbal_behaviour.h(36): warning:  #1295-D: Deprecated declaration gimbalSmallBuffBehaviourEnterCondition - give arg types
  bool_t gimbalSmallBuffBehaviourEnterCondition();
..\User\APP\gimbal_task\gimbal_behaviour.h(37): warning:  #1295-D: Deprecated declaration gimbalSmallBuffBehaviourOutCondition - give arg types
  bool_t gimbalSmallBuffBehaviourOutCondition();
..\User\APP\gimbal_task\gimbal_behaviour.h(41): warning:  #1295-D: Deprecated declaration gimbalBigBuffBehaviourEnterCondition - give arg types
  bool_t gimbalBigBuffBehaviourEnterCondition();
..\User\APP\gimbal_task\gimbal_behaviour.h(42): warning:  #1295-D: Deprecated declaration gimbalBigBuffBehaviourOutCondition - give arg types
  bool_t gimbalBigBuffBehaviourOutCondition();
..\User\APP\gimbal_task\gimbal_behaviour.h(50): warning:  #1-D: last line of file ends without a newline
  #endif
..\User\APP\shoot_task\shoot_behaviour.c(44): warning:  #1035-D: single-precision operand implicitly converted to double-precision
  		*plateExp		 = (float)RC_CH3_LUD_OFFSET/660.0 * 40;
..\User\APP\shoot_task\shoot_behaviour.c: 45 warnings, 0 errors
linking...
Program Size: Code=70908 RO-data=4236 RW-data=732 ZI-data=139460  
FromELF: creating hex file...
".\Objects\Infantry.axf" - 0 Error(s), 45 Warning(s).

<h2>Software Packages used:</h2>

Package Vendor: Keil
                http://www.keil.com/pack/Keil.STM32F4xx_DFP.2.15.0.pack
                Keil.STM32F4xx_DFP.2.15.0
                STMicroelectronics STM32F4 Series Device Support, Drivers and Examples

<h2>Collection of Component include folders:</h2>
  D:/MDK/ARM/Keil/STM32F4xx_DFP/2.15.0/Drivers/CMSIS/Device/ST/STM32F4xx/Include

<h2>Collection of Component Files used:</h2>
Build Time Elapsed:  00:00:02
</pre>
</body>
</html>
