<!doctype html public "-//w3c//dtd html 4.0 transitional//en">
<html><head>
<title>Static Call Graph - [.\Objects\Infantry.axf]</title></head>
<body><HR>
<H1>Static Call Graph for image .\Objects\Infantry.axf</H1><HR>
<BR><P>#&#060CALLGRAPH&#062# ARM Linker, 5060960: Last Updated: Sun Jan 07 21:47:47 2024
<BR><P>
<H3>Maximum Stack Usage =        360 bytes + Unknown(Cycles, Untraceable Function Pointers)</H3><H3>
Call chain for Maximum Stack Depth:</H3>
INS_task &rArr; imu_EulerAngleUpdate &rArr; __hardfp_atan2 &rArr; atan &rArr; __hardfp_atan &rArr; __kernel_poly &rArr; __aeabi_dmul &rArr; _double_epilogue &rArr; _double_round
<P>
<H3>
Mutually Recursive functions
</H3> <LI><a href="#[1a9]">Vision_Info_Rev</a>&nbsp;&nbsp;&nbsp;&rArr;&nbsp;&nbsp;&nbsp;<a href="#[1a9]">Vision_Info_Rev</a><BR>
 <LI><a href="#[1d]">ADC_IRQHandler</a>&nbsp;&nbsp;&nbsp;&rArr;&nbsp;&nbsp;&nbsp;<a href="#[1d]">ADC_IRQHandler</a><BR>
</UL>
<P>
<H3>
Function Pointers
</H3><UL>
 <LI><a href="#[1d]">ADC_IRQHandler</a> from startup_stm32f427xx.o(.text) referenced from startup_stm32f427xx.o(RESET)
 <LI><a href="#[5]">BusFault_Handler</a> from stm32f4xx_it.o(.text) referenced from startup_stm32f427xx.o(RESET)
 <LI><a href="#[1f]">CAN1_RX0_IRQHandler</a> from can.o(.text) referenced from startup_stm32f427xx.o(RESET)
 <LI><a href="#[20]">CAN1_RX1_IRQHandler</a> from startup_stm32f427xx.o(.text) referenced from startup_stm32f427xx.o(RESET)
 <LI><a href="#[21]">CAN1_SCE_IRQHandler</a> from startup_stm32f427xx.o(.text) referenced from startup_stm32f427xx.o(RESET)
 <LI><a href="#[1e]">CAN1_TX_IRQHandler</a> from startup_stm32f427xx.o(.text) referenced from startup_stm32f427xx.o(RESET)
 <LI><a href="#[f0]">CAN1_Timer_Callback</a> from timer_send_task.o(.text) referenced from timer_send_task.o(.text)
 <LI><a href="#[4b]">CAN2_RX0_IRQHandler</a> from can.o(.text) referenced from startup_stm32f427xx.o(RESET)
 <LI><a href="#[4c]">CAN2_RX1_IRQHandler</a> from startup_stm32f427xx.o(.text) referenced from startup_stm32f427xx.o(RESET)
 <LI><a href="#[4d]">CAN2_SCE_IRQHandler</a> from startup_stm32f427xx.o(.text) referenced from startup_stm32f427xx.o(RESET)
 <LI><a href="#[4a]">CAN2_TX_IRQHandler</a> from startup_stm32f427xx.o(.text) referenced from startup_stm32f427xx.o(RESET)
 <LI><a href="#[f3]">CAN2_Timer_Callback</a> from timer_send_task.o(.text) referenced from timer_send_task.o(.text)
 <LI><a href="#[59]">DCMI_IRQHandler</a> from startup_stm32f427xx.o(.text) referenced from startup_stm32f427xx.o(RESET)
 <LI><a href="#[16]">DMA1_Stream0_IRQHandler</a> from startup_stm32f427xx.o(.text) referenced from startup_stm32f427xx.o(RESET)
 <LI><a href="#[17]">DMA1_Stream1_IRQHandler</a> from startup_stm32f427xx.o(.text) referenced from startup_stm32f427xx.o(RESET)
 <LI><a href="#[18]">DMA1_Stream2_IRQHandler</a> from startup_stm32f427xx.o(.text) referenced from startup_stm32f427xx.o(RESET)
 <LI><a href="#[19]">DMA1_Stream3_IRQHandler</a> from startup_stm32f427xx.o(.text) referenced from startup_stm32f427xx.o(RESET)
 <LI><a href="#[1a]">DMA1_Stream4_IRQHandler</a> from startup_stm32f427xx.o(.text) referenced from startup_stm32f427xx.o(RESET)
 <LI><a href="#[1b]">DMA1_Stream5_IRQHandler</a> from startup_stm32f427xx.o(.text) referenced from startup_stm32f427xx.o(RESET)
 <LI><a href="#[1c]">DMA1_Stream6_IRQHandler</a> from startup_stm32f427xx.o(.text) referenced from startup_stm32f427xx.o(RESET)
 <LI><a href="#[3a]">DMA1_Stream7_IRQHandler</a> from startup_stm32f427xx.o(.text) referenced from startup_stm32f427xx.o(RESET)
 <LI><a href="#[62]">DMA2D_IRQHandler</a> from startup_stm32f427xx.o(.text) referenced from startup_stm32f427xx.o(RESET)
 <LI><a href="#[43]">DMA2_Stream0_IRQHandler</a> from startup_stm32f427xx.o(.text) referenced from startup_stm32f427xx.o(RESET)
 <LI><a href="#[44]">DMA2_Stream1_IRQHandler</a> from startup_stm32f427xx.o(.text) referenced from startup_stm32f427xx.o(RESET)
 <LI><a href="#[45]">DMA2_Stream2_IRQHandler</a> from startup_stm32f427xx.o(.text) referenced from startup_stm32f427xx.o(RESET)
 <LI><a href="#[46]">DMA2_Stream3_IRQHandler</a> from startup_stm32f427xx.o(.text) referenced from startup_stm32f427xx.o(RESET)
 <LI><a href="#[47]">DMA2_Stream4_IRQHandler</a> from startup_stm32f427xx.o(.text) referenced from startup_stm32f427xx.o(RESET)
 <LI><a href="#[4f]">DMA2_Stream5_IRQHandler</a> from startup_stm32f427xx.o(.text) referenced from startup_stm32f427xx.o(RESET)
 <LI><a href="#[50]">DMA2_Stream6_IRQHandler</a> from startup_stm32f427xx.o(.text) referenced from startup_stm32f427xx.o(RESET)
 <LI><a href="#[51]">DMA2_Stream7_IRQHandler</a> from startup_stm32f427xx.o(.text) referenced from startup_stm32f427xx.o(RESET)
 <LI><a href="#[8]">DebugMon_Handler</a> from stm32f4xx_it.o(.text) referenced from startup_stm32f427xx.o(RESET)
 <LI><a href="#[8f]">DetectTask</a> from detect_task.o(.text) referenced from start_task.o(.text)
 <LI><a href="#[48]">ETH_IRQHandler</a> from startup_stm32f427xx.o(.text) referenced from startup_stm32f427xx.o(RESET)
 <LI><a href="#[49]">ETH_WKUP_IRQHandler</a> from startup_stm32f427xx.o(.text) referenced from startup_stm32f427xx.o(RESET)
 <LI><a href="#[11]">EXTI0_IRQHandler</a> from startup_stm32f427xx.o(.text) referenced from startup_stm32f427xx.o(RESET)
 <LI><a href="#[33]">EXTI15_10_IRQHandler</a> from startup_stm32f427xx.o(.text) referenced from startup_stm32f427xx.o(RESET)
 <LI><a href="#[12]">EXTI1_IRQHandler</a> from startup_stm32f427xx.o(.text) referenced from startup_stm32f427xx.o(RESET)
 <LI><a href="#[13]">EXTI2_IRQHandler</a> from startup_stm32f427xx.o(.text) referenced from startup_stm32f427xx.o(RESET)
 <LI><a href="#[14]">EXTI3_IRQHandler</a> from startup_stm32f427xx.o(.text) referenced from startup_stm32f427xx.o(RESET)
 <LI><a href="#[15]">EXTI4_IRQHandler</a> from startup_stm32f427xx.o(.text) referenced from startup_stm32f427xx.o(RESET)
 <LI><a href="#[22]">EXTI9_5_IRQHandler</a> from startup_stm32f427xx.o(.text) referenced from startup_stm32f427xx.o(RESET)
 <LI><a href="#[f]">FLASH_IRQHandler</a> from startup_stm32f427xx.o(.text) referenced from startup_stm32f427xx.o(RESET)
 <LI><a href="#[3b]">FMC_IRQHandler</a> from startup_stm32f427xx.o(.text) referenced from startup_stm32f427xx.o(RESET)
 <LI><a href="#[5b]">FPU_IRQHandler</a> from startup_stm32f427xx.o(.text) referenced from startup_stm32f427xx.o(RESET)
 <LI><a href="#[5a]">HASH_RNG_IRQHandler</a> from startup_stm32f427xx.o(.text) referenced from startup_stm32f427xx.o(RESET)
 <LI><a href="#[3]">HardFault_Handler</a> from stm32f4xx_it.o(.text) referenced from startup_stm32f427xx.o(RESET)
 <LI><a href="#[2b]">I2C1_ER_IRQHandler</a> from startup_stm32f427xx.o(.text) referenced from startup_stm32f427xx.o(RESET)
 <LI><a href="#[2a]">I2C1_EV_IRQHandler</a> from startup_stm32f427xx.o(.text) referenced from startup_stm32f427xx.o(RESET)
 <LI><a href="#[2d]">I2C2_ER_IRQHandler</a> from startup_stm32f427xx.o(.text) referenced from startup_stm32f427xx.o(RESET)
 <LI><a href="#[2c]">I2C2_EV_IRQHandler</a> from startup_stm32f427xx.o(.text) referenced from startup_stm32f427xx.o(RESET)
 <LI><a href="#[54]">I2C3_ER_IRQHandler</a> from startup_stm32f427xx.o(.text) referenced from startup_stm32f427xx.o(RESET)
 <LI><a href="#[53]">I2C3_EV_IRQHandler</a> from startup_stm32f427xx.o(.text) referenced from startup_stm32f427xx.o(RESET)
 <LI><a href="#[8b]">INS_task</a> from ins_task.o(.text) referenced from start_task.o(.text)
 <LI><a href="#[4]">MemManage_Handler</a> from stm32f4xx_it.o(.text) referenced from startup_stm32f427xx.o(RESET)
 <LI><a href="#[2]">NMI_Handler</a> from stm32f4xx_it.o(.text) referenced from startup_stm32f427xx.o(RESET)
 <LI><a href="#[4e]">OTG_FS_IRQHandler</a> from startup_stm32f427xx.o(.text) referenced from startup_stm32f427xx.o(RESET)
 <LI><a href="#[35]">OTG_FS_WKUP_IRQHandler</a> from startup_stm32f427xx.o(.text) referenced from startup_stm32f427xx.o(RESET)
 <LI><a href="#[56]">OTG_HS_EP1_IN_IRQHandler</a> from startup_stm32f427xx.o(.text) referenced from startup_stm32f427xx.o(RESET)
 <LI><a href="#[55]">OTG_HS_EP1_OUT_IRQHandler</a> from startup_stm32f427xx.o(.text) referenced from startup_stm32f427xx.o(RESET)
 <LI><a href="#[58]">OTG_HS_IRQHandler</a> from startup_stm32f427xx.o(.text) referenced from startup_stm32f427xx.o(RESET)
 <LI><a href="#[57]">OTG_HS_WKUP_IRQHandler</a> from startup_stm32f427xx.o(.text) referenced from startup_stm32f427xx.o(RESET)
 <LI><a href="#[c]">PVD_IRQHandler</a> from startup_stm32f427xx.o(.text) referenced from startup_stm32f427xx.o(RESET)
 <LI><a href="#[9]">PendSV_Handler</a> from port.o(.emb_text) referenced from startup_stm32f427xx.o(RESET)
 <LI><a href="#[10]">RCC_IRQHandler</a> from startup_stm32f427xx.o(.text) referenced from startup_stm32f427xx.o(RESET)
 <LI><a href="#[88]">RC_data_is_error</a> from remote_control.o(.text) referenced from detect_task.o(.text)
 <LI><a href="#[34]">RTC_Alarm_IRQHandler</a> from startup_stm32f427xx.o(.text) referenced from startup_stm32f427xx.o(RESET)
 <LI><a href="#[e]">RTC_WKUP_IRQHandler</a> from startup_stm32f427xx.o(.text) referenced from startup_stm32f427xx.o(RESET)
 <LI><a href="#[1]">Reset_Handler</a> from startup_stm32f427xx.o(.text) referenced from startup_stm32f427xx.o(RESET)
 <LI><a href="#[61]">SAI1_IRQHandler</a> from startup_stm32f427xx.o(.text) referenced from startup_stm32f427xx.o(RESET)
 <LI><a href="#[3c]">SDIO_IRQHandler</a> from startup_stm32f427xx.o(.text) referenced from startup_stm32f427xx.o(RESET)
 <LI><a href="#[2e]">SPI1_IRQHandler</a> from startup_stm32f427xx.o(.text) referenced from startup_stm32f427xx.o(RESET)
 <LI><a href="#[2f]">SPI2_IRQHandler</a> from startup_stm32f427xx.o(.text) referenced from startup_stm32f427xx.o(RESET)
 <LI><a href="#[3e]">SPI3_IRQHandler</a> from startup_stm32f427xx.o(.text) referenced from startup_stm32f427xx.o(RESET)
 <LI><a href="#[5e]">SPI4_IRQHandler</a> from startup_stm32f427xx.o(.text) referenced from startup_stm32f427xx.o(RESET)
 <LI><a href="#[5f]">SPI5_IRQHandler</a> from startup_stm32f427xx.o(.text) referenced from startup_stm32f427xx.o(RESET)
 <LI><a href="#[60]">SPI6_IRQHandler</a> from startup_stm32f427xx.o(.text) referenced from startup_stm32f427xx.o(RESET)
 <LI><a href="#[7]">SVC_Handler</a> from port.o(.emb_text) referenced from startup_stm32f427xx.o(RESET)
 <LI><a href="#[a]">SysTick_Handler</a> from freertos_middleware.o(.text) referenced from startup_stm32f427xx.o(RESET)
 <LI><a href="#[97]">SystemInit</a> from system_stm32f4xx.o(.text) referenced from startup_stm32f427xx.o(.text)
 <LI><a href="#[d]">TAMP_STAMP_IRQHandler</a> from startup_stm32f427xx.o(.text) referenced from startup_stm32f427xx.o(RESET)
 <LI><a href="#[23]">TIM1_BRK_TIM9_IRQHandler</a> from startup_stm32f427xx.o(.text) referenced from startup_stm32f427xx.o(RESET)
 <LI><a href="#[26]">TIM1_CC_IRQHandler</a> from startup_stm32f427xx.o(.text) referenced from startup_stm32f427xx.o(RESET)
 <LI><a href="#[25]">TIM1_TRG_COM_TIM11_IRQHandler</a> from startup_stm32f427xx.o(.text) referenced from startup_stm32f427xx.o(RESET)
 <LI><a href="#[24]">TIM1_UP_TIM10_IRQHandler</a> from startup_stm32f427xx.o(.text) referenced from startup_stm32f427xx.o(RESET)
 <LI><a href="#[27]">TIM2_IRQHandler</a> from startup_stm32f427xx.o(.text) referenced from startup_stm32f427xx.o(RESET)
 <LI><a href="#[28]">TIM3_IRQHandler</a> from freertos_middleware.o(.text) referenced from startup_stm32f427xx.o(RESET)
 <LI><a href="#[29]">TIM4_IRQHandler</a> from startup_stm32f427xx.o(.text) referenced from startup_stm32f427xx.o(RESET)
 <LI><a href="#[3d]">TIM5_IRQHandler</a> from startup_stm32f427xx.o(.text) referenced from startup_stm32f427xx.o(RESET)
 <LI><a href="#[41]">TIM6_DAC_IRQHandler</a> from startup_stm32f427xx.o(.text) referenced from startup_stm32f427xx.o(RESET)
 <LI><a href="#[42]">TIM7_IRQHandler</a> from startup_stm32f427xx.o(.text) referenced from startup_stm32f427xx.o(RESET)
 <LI><a href="#[36]">TIM8_BRK_TIM12_IRQHandler</a> from startup_stm32f427xx.o(.text) referenced from startup_stm32f427xx.o(RESET)
 <LI><a href="#[39]">TIM8_CC_IRQHandler</a> from startup_stm32f427xx.o(.text) referenced from startup_stm32f427xx.o(RESET)
 <LI><a href="#[38]">TIM8_TRG_COM_TIM14_IRQHandler</a> from startup_stm32f427xx.o(.text) referenced from startup_stm32f427xx.o(RESET)
 <LI><a href="#[37]">TIM8_UP_TIM13_IRQHandler</a> from startup_stm32f427xx.o(.text) referenced from startup_stm32f427xx.o(RESET)
 <LI><a href="#[3f]">UART4_IRQHandler</a> from startup_stm32f427xx.o(.text) referenced from startup_stm32f427xx.o(RESET)
 <LI><a href="#[40]">UART5_IRQHandler</a> from startup_stm32f427xx.o(.text) referenced from startup_stm32f427xx.o(RESET)
 <LI><a href="#[5c]">UART7_IRQHandler</a> from uart7.o(.text) referenced from startup_stm32f427xx.o(RESET)
 <LI><a href="#[5d]">UART8_IRQHandler</a> from startup_stm32f427xx.o(.text) referenced from startup_stm32f427xx.o(RESET)
 <LI><a href="#[30]">USART1_IRQHandler</a> from remote_control.o(.text) referenced from startup_stm32f427xx.o(RESET)
 <LI><a href="#[31]">USART2_IRQHandler</a> from usart2.o(.text) referenced from startup_stm32f427xx.o(RESET)
 <LI><a href="#[32]">USART3_IRQHandler</a> from usart3_dma.o(.text) referenced from startup_stm32f427xx.o(RESET)
 <LI><a href="#[52]">USART6_IRQHandler</a> from usart6.o(.text) referenced from startup_stm32f427xx.o(RESET)
 <LI><a href="#[6]">UsageFault_Handler</a> from stm32f4xx_it.o(.text) referenced from startup_stm32f427xx.o(RESET)
 <LI><a href="#[f4]">Vision_Timer_Callback</a> from timer_send_task.o(.text) referenced from timer_send_task.o(.text)
 <LI><a href="#[b]">WWDG_IRQHandler</a> from startup_stm32f427xx.o(.text) referenced from startup_stm32f427xx.o(RESET)
 <LI><a href="#[98]">__main</a> from entry.o(.ARM.Collect$$$$00000000) referenced from startup_stm32f427xx.o(.text)
 <LI><a href="#[99]">_sputc</a> from printf3.o(i._sputc) referenced from printf3.o(i.__0sprintf$3)
 <LI><a href="#[93]">boardB_link_Task</a> from boardb_link.o(.text) referenced from start_task.o(.text)
 <LI><a href="#[92]">buzzer_task</a> from test_task.o(.text) referenced from start_task.o(.text)
 <LI><a href="#[70]">chassisAloneHandleFun</a> from chassis_behaviour.o(.text) referenced from chassis_task.o(.text)
 <LI><a href="#[64]">chassisDebugHandleFun</a> from chassis_behaviour.o(.text) referenced from chassis_task.o(.text)
 <LI><a href="#[73]">chassisFollowHandleFun</a> from chassis_behaviour.o(.text) referenced from chassis_task.o(.text)
 <LI><a href="#[6a]">chassisInitHandleFun</a> from chassis_behaviour.o(.text) referenced from chassis_task.o(.text)
 <LI><a href="#[6d]">chassisRotateHandleFun</a> from chassis_behaviour.o(.text) referenced from chassis_task.o(.text)
 <LI><a href="#[8d]">chassisTask</a> from chassis_task.o(.text) referenced from start_task.o(.text)
 <LI><a href="#[72]">enterChassisAloneCondition</a> from chassis_behaviour.o(.text) referenced from chassis_task.o(.text)
 <LI><a href="#[66]">enterChassisDebugCondition</a> from chassis_behaviour.o(.text) referenced from chassis_task.o(.text)
 <LI><a href="#[75]">enterChassisFollowCondition</a> from chassis_behaviour.o(.text) referenced from chassis_task.o(.text)
 <LI><a href="#[6c]">enterChassisInitCondition</a> from chassis_behaviour.o(.text) referenced from chassis_task.o(.text)
 <LI><a href="#[6f]">enterChassisRotateCondition</a> from chassis_behaviour.o(.text) referenced from chassis_task.o(.text)
 <LI><a href="#[69]">enterZeroForceCondition</a> from chassis_behaviour.o(.text) referenced from chassis_task.o(.text)
 <LI><a href="#[77]">gimbalDebugBehaviourEnterCondition</a> from gimbal_behaviour.o(.text) referenced from gimbal_task.o(.text)
 <LI><a href="#[78]">gimbalDebugBehaviourHandleFun</a> from gimbal_behaviour.o(.text) referenced from gimbal_task.o(.text)
 <LI><a href="#[76]">gimbalDebugBehaviourOutCondition</a> from gimbal_behaviour.o(.text) referenced from gimbal_task.o(.text)
 <LI><a href="#[7d]">gimbalInitBehaviourEnterCondition</a> from gimbal_behaviour.o(.text) referenced from gimbal_task.o(.text)
 <LI><a href="#[7e]">gimbalInitBehaviourHandleFun</a> from gimbal_behaviour.o(.text) referenced from gimbal_task.o(.text)
 <LI><a href="#[7c]">gimbalInitBehaviourOutCondition</a> from gimbal_behaviour.o(.text) referenced from gimbal_task.o(.text)
 <LI><a href="#[80]">gimbalNormalBehaviourEnterCondition</a> from gimbal_behaviour.o(.text) referenced from gimbal_task.o(.text)
 <LI><a href="#[81]">gimbalNormalBehaviourHandleFun</a> from gimbal_behaviour.o(.text) referenced from gimbal_task.o(.text)
 <LI><a href="#[7f]">gimbalNormalBehaviourOutCondition</a> from gimbal_behaviour.o(.text) referenced from gimbal_task.o(.text)
 <LI><a href="#[8c]">gimbalTask</a> from gimbal_task.o(.text) referenced from start_task.o(.text)
 <LI><a href="#[7a]">gimbalZeroForceBehaviourEnterCondition</a> from gimbal_behaviour.o(.text) referenced from gimbal_task.o(.text)
 <LI><a href="#[7b]">gimbalZeroForceBehaviourHandleFun</a> from gimbal_behaviour.o(.text) referenced from gimbal_task.o(.text)
 <LI><a href="#[79]">gimbalZeroForceBehaviourOutCondition</a> from gimbal_behaviour.o(.text) referenced from gimbal_task.o(.text)
 <LI><a href="#[91]">led_task</a> from test_task.o(.text) referenced from start_task.o(.text)
 <LI><a href="#[63]">main</a> from main.o(.text) referenced from entry9a.o(.ARM.Collect$$$$0000000B)
 <LI><a href="#[90]">oscillography_task</a> from oscillography.o(.text) referenced from start_task.o(.text)
 <LI><a href="#[71]">outChassisAloneCondition</a> from chassis_behaviour.o(.text) referenced from chassis_task.o(.text)
 <LI><a href="#[65]">outChassisDebugCondition</a> from chassis_behaviour.o(.text) referenced from chassis_task.o(.text)
 <LI><a href="#[74]">outChassisFollowCondition</a> from chassis_behaviour.o(.text) referenced from chassis_task.o(.text)
 <LI><a href="#[6b]">outChassisInitCondition</a> from chassis_behaviour.o(.text) referenced from chassis_task.o(.text)
 <LI><a href="#[6e]">outChassisRotateCondition</a> from chassis_behaviour.o(.text) referenced from chassis_task.o(.text)
 <LI><a href="#[68]">outZeroForceCondition</a> from chassis_behaviour.o(.text) referenced from chassis_task.o(.text)
 <LI><a href="#[95]">prvIdleTask</a> from tasks.o(.text) referenced from tasks.o(.text)
 <LI><a href="#[94]">prvTaskExitError</a> from port.o(.text) referenced from port.o(.text)
 <LI><a href="#[96]">prvTimerTask</a> from timers.o(.text) referenced from timers.o(.text)
 <LI><a href="#[8e]">shootTask</a> from shoot_task.o(.text) referenced from start_task.o(.text)
 <LI><a href="#[83]">shootbehDebugEnterCondition</a> from shoot_behaviour.o(.text) referenced from shoot_task.o(.text)
 <LI><a href="#[84]">shootbehDebugHandleFun</a> from shoot_behaviour.o(.text) referenced from shoot_task.o(.text)
 <LI><a href="#[82]">shootbehDebugOutCondition</a> from shoot_behaviour.o(.text) referenced from shoot_task.o(.text)
 <LI><a href="#[86]">shootbehZeroForceEnterCondition</a> from shoot_behaviour.o(.text) referenced from shoot_task.o(.text)
 <LI><a href="#[87]">shootbehZeroForceHandleFun</a> from shoot_behaviour.o(.text) referenced from shoot_task.o(.text)
 <LI><a href="#[85]">shootbehZeroForceOutCondition</a> from shoot_behaviour.o(.text) referenced from shoot_task.o(.text)
 <LI><a href="#[89]">slove_RC_lost</a> from remote_control.o(.text) referenced from detect_task.o(.text)
 <LI><a href="#[8a]">slove_data_error</a> from remote_control.o(.text) referenced from detect_task.o(.text)
 <LI><a href="#[10b]">start_task</a> from start_task.o(.text) referenced from start_task.o(.text)
 <LI><a href="#[67]">zeroForceHandleFun</a> from chassis_behaviour.o(.text) referenced from chassis_task.o(.text)
</UL>
<P>
<H3>
Global Symbols
</H3>
<P><STRONG><a name="[98]"></a>__main</STRONG> (Thumb, 0 bytes, Stack size unknown bytes, entry.o(.ARM.Collect$$$$00000000))
<BR>[Address Reference Count : 1]<UL><LI> startup_stm32f427xx.o(.text)
</UL>
<P><STRONG><a name="[26b]"></a>_main_stk</STRONG> (Thumb, 0 bytes, Stack size unknown bytes, entry2.o(.ARM.Collect$$$$00000001))

<P><STRONG><a name="[9a]"></a>_main_scatterload</STRONG> (Thumb, 0 bytes, Stack size unknown bytes, entry5.o(.ARM.Collect$$$$00000004))
<BR><BR>[Calls]<UL><LI><a href="#[9b]">&gt;&gt;</a>&nbsp;&nbsp;&nbsp;__scatterload
</UL>

<P><STRONG><a name="[24c]"></a>__main_after_scatterload</STRONG> (Thumb, 0 bytes, Stack size unknown bytes, entry5.o(.ARM.Collect$$$$00000004))
<BR><BR>[Called By]<UL><LI><a href="#[9b]">&gt;&gt;</a>&nbsp;&nbsp;&nbsp;__scatterload
</UL>

<P><STRONG><a name="[26c]"></a>_main_clock</STRONG> (Thumb, 0 bytes, Stack size unknown bytes, entry7b.o(.ARM.Collect$$$$00000008))

<P><STRONG><a name="[26d]"></a>_main_cpp_init</STRONG> (Thumb, 0 bytes, Stack size unknown bytes, entry8b.o(.ARM.Collect$$$$0000000A))

<P><STRONG><a name="[26e]"></a>_main_init</STRONG> (Thumb, 0 bytes, Stack size unknown bytes, entry9a.o(.ARM.Collect$$$$0000000B))

<P><STRONG><a name="[26f]"></a>__rt_lib_shutdown_fini</STRONG> (Thumb, 0 bytes, Stack size unknown bytes, entry12b.o(.ARM.Collect$$$$0000000E))

<P><STRONG><a name="[270]"></a>__rt_final_cpp</STRONG> (Thumb, 0 bytes, Stack size unknown bytes, entry10a.o(.ARM.Collect$$$$0000000F))

<P><STRONG><a name="[271]"></a>__rt_final_exit</STRONG> (Thumb, 0 bytes, Stack size unknown bytes, entry11a.o(.ARM.Collect$$$$00000011))

<P><STRONG><a name="[7]"></a>SVC_Handler</STRONG> (Thumb, 28 bytes, Stack size 0 bytes, port.o(.emb_text))
<BR>[Address Reference Count : 1]<UL><LI> startup_stm32f427xx.o(RESET)
</UL>
<P><STRONG><a name="[1c5]"></a>__asm___6_port_c_39a90d8d__prvStartFirstTask</STRONG> (Thumb, 28 bytes, Stack size 0 bytes, port.o(.emb_text))
<BR><BR>[Called By]<UL><LI><a href="#[1c2]">&gt;&gt;</a>&nbsp;&nbsp;&nbsp;xPortStartScheduler
</UL>

<P><STRONG><a name="[1c4]"></a>__asm___6_port_c_39a90d8d__prvEnableVFP</STRONG> (Thumb, 16 bytes, Stack size 0 bytes, port.o(.emb_text))
<BR><BR>[Called By]<UL><LI><a href="#[1c2]">&gt;&gt;</a>&nbsp;&nbsp;&nbsp;xPortStartScheduler
</UL>

<P><STRONG><a name="[9]"></a>PendSV_Handler</STRONG> (Thumb, 88 bytes, Stack size 0 bytes, port.o(.emb_text))
<BR><BR>[Calls]<UL><LI><a href="#[9c]">&gt;&gt;</a>&nbsp;&nbsp;&nbsp;vTaskSwitchContext
</UL>
<BR>[Address Reference Count : 1]<UL><LI> startup_stm32f427xx.o(RESET)
</UL>
<P><STRONG><a name="[1c8]"></a>vPortGetIPSR</STRONG> (Thumb, 6 bytes, Stack size 0 bytes, port.o(.emb_text))
<BR><BR>[Called By]<UL><LI><a href="#[1c7]">&gt;&gt;</a>&nbsp;&nbsp;&nbsp;vPortValidateInterruptPriority
</UL>

<P><STRONG><a name="[12f]"></a>robotInit</STRONG> (Thumb, 12 bytes, Stack size 0 bytes, robot.o(.text))
<BR><BR>[Called By]<UL><LI><a href="#[63]">&gt;&gt;</a>&nbsp;&nbsp;&nbsp;main
</UL>

<P><STRONG><a name="[9d]"></a>chassisCanbuscCtrlMotors</STRONG> (Thumb, 70 bytes, Stack size 32 bytes, chassis_task.o(.text))
<BR><BR>[Stack]<UL><LI>Max Depth = 224<LI>Call Chain = chassisCanbuscCtrlMotors &rArr; djiMotorCurrentSendQueue &rArr; xQueueGenericSend &rArr; prvUnlockQueue &rArr; prvNotifyQueueSetContainer &rArr; prvCopyDataToQueue &rArr; xTaskPriorityDisinherit
</UL>
<BR>[Calls]<UL><LI><a href="#[9e]">&gt;&gt;</a>&nbsp;&nbsp;&nbsp;toe_is_error
<LI><a href="#[9f]">&gt;&gt;</a>&nbsp;&nbsp;&nbsp;djiMotorCurrentSendQueue
</UL>
<BR>[Called By]<UL><LI><a href="#[8d]">&gt;&gt;</a>&nbsp;&nbsp;&nbsp;chassisTask
</UL>

<P><STRONG><a name="[bb]"></a>chassisPowerLimt</STRONG> (Thumb, 72 bytes, Stack size 0 bytes, chassis_task.o(.text))
<BR><BR>[Called By]<UL><LI><a href="#[8d]">&gt;&gt;</a>&nbsp;&nbsp;&nbsp;chassisTask
</UL>

<P><STRONG><a name="[a0]"></a>chassisPidCalc</STRONG> (Thumb, 1156 bytes, Stack size 64 bytes, chassis_task.o(.text))
<BR><BR>[Stack]<UL><LI>Max Depth = 304<LI>Call Chain = chassisPidCalc &rArr; __hardfp_sin &rArr; __ieee754_rem_pio2 &rArr; __aeabi_dsub &rArr; __aeabi_dadd &rArr; _double_epilogue &rArr; _double_round
</UL>
<BR>[Calls]<UL><LI><a href="#[ab]">&gt;&gt;</a>&nbsp;&nbsp;&nbsp;f_abs
<LI><a href="#[a1]">&gt;&gt;</a>&nbsp;&nbsp;&nbsp;__aeabi_f2d
<LI><a href="#[a7]">&gt;&gt;</a>&nbsp;&nbsp;&nbsp;__aeabi_dsub
<LI><a href="#[a3]">&gt;&gt;</a>&nbsp;&nbsp;&nbsp;__aeabi_dmul
<LI><a href="#[a2]">&gt;&gt;</a>&nbsp;&nbsp;&nbsp;__aeabi_ddiv
<LI><a href="#[a8]">&gt;&gt;</a>&nbsp;&nbsp;&nbsp;__aeabi_dadd
<LI><a href="#[a4]">&gt;&gt;</a>&nbsp;&nbsp;&nbsp;__aeabi_d2f
<LI><a href="#[a9]">&gt;&gt;</a>&nbsp;&nbsp;&nbsp;RAMP_float
<LI><a href="#[aa]">&gt;&gt;</a>&nbsp;&nbsp;&nbsp;PID_Calc
<LI><a href="#[a5]">&gt;&gt;</a>&nbsp;&nbsp;&nbsp;__hardfp_sin
<LI><a href="#[a6]">&gt;&gt;</a>&nbsp;&nbsp;&nbsp;__hardfp_cos
</UL>
<BR>[Called By]<UL><LI><a href="#[8d]">&gt;&gt;</a>&nbsp;&nbsp;&nbsp;chassisTask
</UL>

<P><STRONG><a name="[ac]"></a>chassisSpeedLimit</STRONG> (Thumb, 228 bytes, Stack size 8 bytes, chassis_task.o(.text))
<BR><BR>[Stack]<UL><LI>Max Depth = 8<LI>Call Chain = chassisSpeedLimit
</UL>
<BR>[Calls]<UL><LI><a href="#[ad]">&gt;&gt;</a>&nbsp;&nbsp;&nbsp;fp32_constrain
</UL>
<BR>[Called By]<UL><LI><a href="#[8d]">&gt;&gt;</a>&nbsp;&nbsp;&nbsp;chassisTask
</UL>

<P><STRONG><a name="[ae]"></a>chassisFeedBackUpdate</STRONG> (Thumb, 92 bytes, Stack size 8 bytes, chassis_task.o(.text))
<BR><BR>[Stack]<UL><LI>Max Depth = 8<LI>Call Chain = chassisFeedBackUpdate
</UL>
<BR>[Calls]<UL><LI><a href="#[af]">&gt;&gt;</a>&nbsp;&nbsp;&nbsp;KalmanFilter
</UL>
<BR>[Called By]<UL><LI><a href="#[8d]">&gt;&gt;</a>&nbsp;&nbsp;&nbsp;chassisTask
</UL>

<P><STRONG><a name="[b9]"></a>chassisModeChangeHandle</STRONG> (Thumb, 54 bytes, Stack size 0 bytes, chassis_task.o(.text))
<BR><BR>[Called By]<UL><LI><a href="#[8d]">&gt;&gt;</a>&nbsp;&nbsp;&nbsp;chassisTask
</UL>

<P><STRONG><a name="[b1]"></a>chassisBehaviorChange</STRONG> (Thumb, 70 bytes, Stack size 8 bytes, chassis_task.o(.text))
<BR><BR>[Stack]<UL><LI>Max Depth = 8<LI>Call Chain = chassisBehaviorChange
</UL>
<BR>[Called By]<UL><LI><a href="#[b0]">&gt;&gt;</a>&nbsp;&nbsp;&nbsp;chassisBehaviorSelect
</UL>

<P><STRONG><a name="[b0]"></a>chassisBehaviorSelect</STRONG> (Thumb, 94 bytes, Stack size 8 bytes, chassis_task.o(.text))
<BR><BR>[Stack]<UL><LI>Max Depth = 16<LI>Call Chain = chassisBehaviorSelect &rArr; chassisBehaviorChange
</UL>
<BR>[Calls]<UL><LI><a href="#[b1]">&gt;&gt;</a>&nbsp;&nbsp;&nbsp;chassisBehaviorChange
</UL>
<BR>[Called By]<UL><LI><a href="#[8d]">&gt;&gt;</a>&nbsp;&nbsp;&nbsp;chassisTask
</UL>

<P><STRONG><a name="[b6]"></a>chassisBehaviourInit</STRONG> (Thumb, 44 bytes, Stack size 20 bytes, chassis_task.o(.text))
<BR><BR>[Stack]<UL><LI>Max Depth = 20<LI>Call Chain = chassisBehaviourInit
</UL>
<BR>[Called By]<UL><LI><a href="#[b2]">&gt;&gt;</a>&nbsp;&nbsp;&nbsp;chassisTaskInit
</UL>

<P><STRONG><a name="[b2]"></a>chassisTaskInit</STRONG> (Thumb, 650 bytes, Stack size 24 bytes, chassis_task.o(.text))
<BR><BR>[Stack]<UL><LI>Max Depth = 44<LI>Call Chain = chassisTaskInit &rArr; chassisBehaviourInit
</UL>
<BR>[Calls]<UL><LI><a href="#[b3]">&gt;&gt;</a>&nbsp;&nbsp;&nbsp;get_remote_control_point
<LI><a href="#[b4]">&gt;&gt;</a>&nbsp;&nbsp;&nbsp;PIDInit
<LI><a href="#[b5]">&gt;&gt;</a>&nbsp;&nbsp;&nbsp;KalmanCreate
<LI><a href="#[b6]">&gt;&gt;</a>&nbsp;&nbsp;&nbsp;chassisBehaviourInit
</UL>
<BR>[Called By]<UL><LI><a href="#[8d]">&gt;&gt;</a>&nbsp;&nbsp;&nbsp;chassisTask
</UL>

<P><STRONG><a name="[8d]"></a>chassisTask</STRONG> (Thumb, 442 bytes, Stack size 8 bytes, chassis_task.o(.text))
<BR><BR>[Stack]<UL><LI>Max Depth = 312<LI>Call Chain = chassisTask &rArr; chassisPidCalc &rArr; __hardfp_sin &rArr; __ieee754_rem_pio2 &rArr; __aeabi_dsub &rArr; __aeabi_dadd &rArr; _double_epilogue &rArr; _double_round
</UL>
<BR>[Calls]<UL><LI><a href="#[b8]">&gt;&gt;</a>&nbsp;&nbsp;&nbsp;xTaskGetTickCount
<LI><a href="#[bc]">&gt;&gt;</a>&nbsp;&nbsp;&nbsp;vTaskDelayUntil
<LI><a href="#[b7]">&gt;&gt;</a>&nbsp;&nbsp;&nbsp;vTaskDelay
<LI><a href="#[ba]">&gt;&gt;</a>&nbsp;&nbsp;&nbsp;rcDataCopy
<LI><a href="#[b2]">&gt;&gt;</a>&nbsp;&nbsp;&nbsp;chassisTaskInit
<LI><a href="#[b0]">&gt;&gt;</a>&nbsp;&nbsp;&nbsp;chassisBehaviorSelect
<LI><a href="#[b9]">&gt;&gt;</a>&nbsp;&nbsp;&nbsp;chassisModeChangeHandle
<LI><a href="#[ae]">&gt;&gt;</a>&nbsp;&nbsp;&nbsp;chassisFeedBackUpdate
<LI><a href="#[ac]">&gt;&gt;</a>&nbsp;&nbsp;&nbsp;chassisSpeedLimit
<LI><a href="#[a0]">&gt;&gt;</a>&nbsp;&nbsp;&nbsp;chassisPidCalc
<LI><a href="#[bb]">&gt;&gt;</a>&nbsp;&nbsp;&nbsp;chassisPowerLimt
<LI><a href="#[9d]">&gt;&gt;</a>&nbsp;&nbsp;&nbsp;chassisCanbuscCtrlMotors
</UL>
<BR>[Address Reference Count : 1]<UL><LI> start_task.o(.text)
</UL>
<P><STRONG><a name="[66]"></a>enterChassisDebugCondition</STRONG> (Thumb, 4 bytes, Stack size 0 bytes, chassis_behaviour.o(.text))
<BR>[Address Reference Count : 1]<UL><LI> chassis_task.o(.text)
</UL>
<P><STRONG><a name="[65]"></a>outChassisDebugCondition</STRONG> (Thumb, 4 bytes, Stack size 0 bytes, chassis_behaviour.o(.text))
<BR>[Address Reference Count : 1]<UL><LI> chassis_task.o(.text)
</UL>
<P><STRONG><a name="[64]"></a>chassisDebugHandleFun</STRONG> (Thumb, 238 bytes, Stack size 48 bytes, chassis_behaviour.o(.text))
<BR><BR>[Stack]<UL><LI>Max Depth = 136<LI>Call Chain = chassisDebugHandleFun &rArr; __aeabi_dmul &rArr; _double_epilogue &rArr; _double_round
</UL>
<BR>[Calls]<UL><LI><a href="#[bd]">&gt;&gt;</a>&nbsp;&nbsp;&nbsp;__aeabi_i2d
<LI><a href="#[9e]">&gt;&gt;</a>&nbsp;&nbsp;&nbsp;toe_is_error
<LI><a href="#[a3]">&gt;&gt;</a>&nbsp;&nbsp;&nbsp;__aeabi_dmul
<LI><a href="#[a2]">&gt;&gt;</a>&nbsp;&nbsp;&nbsp;__aeabi_ddiv
<LI><a href="#[a4]">&gt;&gt;</a>&nbsp;&nbsp;&nbsp;__aeabi_d2f
</UL>
<BR>[Address Reference Count : 1]<UL><LI> chassis_task.o(.text)
</UL>
<P><STRONG><a name="[69]"></a>enterZeroForceCondition</STRONG> (Thumb, 78 bytes, Stack size 8 bytes, chassis_behaviour.o(.text))
<BR><BR>[Stack]<UL><LI>Max Depth = 8<LI>Call Chain = enterZeroForceCondition
</UL>
<BR>[Calls]<UL><LI><a href="#[9e]">&gt;&gt;</a>&nbsp;&nbsp;&nbsp;toe_is_error
</UL>
<BR>[Called By]<UL><LI><a href="#[68]">&gt;&gt;</a>&nbsp;&nbsp;&nbsp;outZeroForceCondition
</UL>
<BR>[Address Reference Count : 1]<UL><LI> chassis_task.o(.text)
</UL>
<P><STRONG><a name="[68]"></a>outZeroForceCondition</STRONG> (Thumb, 16 bytes, Stack size 8 bytes, chassis_behaviour.o(.text))
<BR><BR>[Stack]<UL><LI>Max Depth = 16<LI>Call Chain = outZeroForceCondition &rArr; enterZeroForceCondition
</UL>
<BR>[Calls]<UL><LI><a href="#[69]">&gt;&gt;</a>&nbsp;&nbsp;&nbsp;enterZeroForceCondition
</UL>
<BR>[Address Reference Count : 1]<UL><LI> chassis_task.o(.text)
</UL>
<P><STRONG><a name="[67]"></a>zeroForceHandleFun</STRONG> (Thumb, 34 bytes, Stack size 0 bytes, chassis_behaviour.o(.text))
<BR>[Address Reference Count : 1]<UL><LI> chassis_task.o(.text)
</UL>
<P><STRONG><a name="[6c]"></a>enterChassisInitCondition</STRONG> (Thumb, 34 bytes, Stack size 0 bytes, chassis_behaviour.o(.text))
<BR><BR>[Called By]<UL><LI><a href="#[6b]">&gt;&gt;</a>&nbsp;&nbsp;&nbsp;outChassisInitCondition
</UL>
<BR>[Address Reference Count : 1]<UL><LI> chassis_task.o(.text)
</UL>
<P><STRONG><a name="[6b]"></a>outChassisInitCondition</STRONG> (Thumb, 16 bytes, Stack size 4 bytes, chassis_behaviour.o(.text))
<BR><BR>[Stack]<UL><LI>Max Depth = 4<LI>Call Chain = outChassisInitCondition
</UL>
<BR>[Calls]<UL><LI><a href="#[6c]">&gt;&gt;</a>&nbsp;&nbsp;&nbsp;enterChassisInitCondition
</UL>
<BR>[Address Reference Count : 1]<UL><LI> chassis_task.o(.text)
</UL>
<P><STRONG><a name="[6a]"></a>chassisInitHandleFun</STRONG> (Thumb, 42 bytes, Stack size 12 bytes, chassis_behaviour.o(.text))
<BR><BR>[Stack]<UL><LI>Max Depth = 12<LI>Call Chain = chassisInitHandleFun
</UL>
<BR>[Address Reference Count : 1]<UL><LI> chassis_task.o(.text)
</UL>
<P><STRONG><a name="[6f]"></a>enterChassisRotateCondition</STRONG> (Thumb, 44 bytes, Stack size 0 bytes, chassis_behaviour.o(.text))
<BR>[Address Reference Count : 1]<UL><LI> chassis_task.o(.text)
</UL>
<P><STRONG><a name="[6e]"></a>outChassisRotateCondition</STRONG> (Thumb, 44 bytes, Stack size 0 bytes, chassis_behaviour.o(.text))
<BR>[Address Reference Count : 1]<UL><LI> chassis_task.o(.text)
</UL>
<P><STRONG><a name="[6d]"></a>chassisRotateHandleFun</STRONG> (Thumb, 570 bytes, Stack size 64 bytes, chassis_behaviour.o(.text))
<BR><BR>[Stack]<UL><LI>Max Depth = 304<LI>Call Chain = chassisRotateHandleFun &rArr; __hardfp_cos &rArr; __ieee754_rem_pio2 &rArr; __aeabi_dsub &rArr; __aeabi_dadd &rArr; _double_epilogue &rArr; _double_round
</UL>
<BR>[Calls]<UL><LI><a href="#[bd]">&gt;&gt;</a>&nbsp;&nbsp;&nbsp;__aeabi_i2d
<LI><a href="#[a1]">&gt;&gt;</a>&nbsp;&nbsp;&nbsp;__aeabi_f2d
<LI><a href="#[a3]">&gt;&gt;</a>&nbsp;&nbsp;&nbsp;__aeabi_dmul
<LI><a href="#[a2]">&gt;&gt;</a>&nbsp;&nbsp;&nbsp;__aeabi_ddiv
<LI><a href="#[a8]">&gt;&gt;</a>&nbsp;&nbsp;&nbsp;__aeabi_dadd
<LI><a href="#[a4]">&gt;&gt;</a>&nbsp;&nbsp;&nbsp;__aeabi_d2f
<LI><a href="#[a6]">&gt;&gt;</a>&nbsp;&nbsp;&nbsp;__hardfp_cos
</UL>
<BR>[Address Reference Count : 1]<UL><LI> chassis_task.o(.text)
</UL>
<P><STRONG><a name="[72]"></a>enterChassisAloneCondition</STRONG> (Thumb, 18 bytes, Stack size 0 bytes, chassis_behaviour.o(.text))
<BR>[Address Reference Count : 1]<UL><LI> chassis_task.o(.text)
</UL>
<P><STRONG><a name="[71]"></a>outChassisAloneCondition</STRONG> (Thumb, 18 bytes, Stack size 0 bytes, chassis_behaviour.o(.text))
<BR>[Address Reference Count : 1]<UL><LI> chassis_task.o(.text)
</UL>
<P><STRONG><a name="[70]"></a>chassisAloneHandleFun</STRONG> (Thumb, 324 bytes, Stack size 64 bytes, chassis_behaviour.o(.text))
<BR><BR>[Stack]<UL><LI>Max Depth = 152<LI>Call Chain = chassisAloneHandleFun &rArr; __aeabi_dmul &rArr; _double_epilogue &rArr; _double_round
</UL>
<BR>[Calls]<UL><LI><a href="#[bd]">&gt;&gt;</a>&nbsp;&nbsp;&nbsp;__aeabi_i2d
<LI><a href="#[a1]">&gt;&gt;</a>&nbsp;&nbsp;&nbsp;__aeabi_f2d
<LI><a href="#[a3]">&gt;&gt;</a>&nbsp;&nbsp;&nbsp;__aeabi_dmul
<LI><a href="#[a2]">&gt;&gt;</a>&nbsp;&nbsp;&nbsp;__aeabi_ddiv
<LI><a href="#[a8]">&gt;&gt;</a>&nbsp;&nbsp;&nbsp;__aeabi_dadd
<LI><a href="#[a4]">&gt;&gt;</a>&nbsp;&nbsp;&nbsp;__aeabi_d2f
</UL>
<BR>[Address Reference Count : 1]<UL><LI> chassis_task.o(.text)
</UL>
<P><STRONG><a name="[75]"></a>enterChassisFollowCondition</STRONG> (Thumb, 4 bytes, Stack size 0 bytes, chassis_behaviour.o(.text))
<BR>[Address Reference Count : 1]<UL><LI> chassis_task.o(.text)
</UL>
<P><STRONG><a name="[74]"></a>outChassisFollowCondition</STRONG> (Thumb, 4 bytes, Stack size 0 bytes, chassis_behaviour.o(.text))
<BR>[Address Reference Count : 1]<UL><LI> chassis_task.o(.text)
</UL>
<P><STRONG><a name="[73]"></a>chassisFollowHandleFun</STRONG> (Thumb, 478 bytes, Stack size 72 bytes, chassis_behaviour.o(.text))
<BR><BR>[Stack]<UL><LI>Max Depth = 192<LI>Call Chain = chassisFollowHandleFun &rArr; PID_Calc &rArr; __aeabi_dmul &rArr; _double_epilogue &rArr; _double_round
</UL>
<BR>[Calls]<UL><LI><a href="#[be]">&gt;&gt;</a>&nbsp;&nbsp;&nbsp;loop_ramp_float
<LI><a href="#[bd]">&gt;&gt;</a>&nbsp;&nbsp;&nbsp;__aeabi_i2d
<LI><a href="#[a1]">&gt;&gt;</a>&nbsp;&nbsp;&nbsp;__aeabi_f2d
<LI><a href="#[a3]">&gt;&gt;</a>&nbsp;&nbsp;&nbsp;__aeabi_dmul
<LI><a href="#[a2]">&gt;&gt;</a>&nbsp;&nbsp;&nbsp;__aeabi_ddiv
<LI><a href="#[a8]">&gt;&gt;</a>&nbsp;&nbsp;&nbsp;__aeabi_dadd
<LI><a href="#[a4]">&gt;&gt;</a>&nbsp;&nbsp;&nbsp;__aeabi_d2f
<LI><a href="#[a9]">&gt;&gt;</a>&nbsp;&nbsp;&nbsp;RAMP_float
<LI><a href="#[aa]">&gt;&gt;</a>&nbsp;&nbsp;&nbsp;PID_Calc
</UL>
<BR>[Address Reference Count : 1]<UL><LI> chassis_task.o(.text)
</UL>
<P><STRONG><a name="[bf]"></a>GimbalPidCalc</STRONG> (Thumb, 552 bytes, Stack size 24 bytes, gimbal_task.o(.text))
<BR><BR>[Stack]<UL><LI>Max Depth = 144<LI>Call Chain = GimbalPidCalc &rArr; PID_Calc &rArr; __aeabi_dmul &rArr; _double_epilogue &rArr; _double_round
</UL>
<BR>[Calls]<UL><LI><a href="#[aa]">&gt;&gt;</a>&nbsp;&nbsp;&nbsp;PID_Calc
</UL>
<BR>[Called By]<UL><LI><a href="#[8c]">&gt;&gt;</a>&nbsp;&nbsp;&nbsp;gimbalTask
</UL>

<P><STRONG><a name="[c0]"></a>gimbalAngleLimit</STRONG> (Thumb, 502 bytes, Stack size 40 bytes, gimbal_task.o(.text))
<BR><BR>[Stack]<UL><LI>Max Depth = 40<LI>Call Chain = gimbalAngleLimit
</UL>
<BR>[Calls]<UL><LI><a href="#[c1]">&gt;&gt;</a>&nbsp;&nbsp;&nbsp;loop_fp32_constrain
<LI><a href="#[ad]">&gt;&gt;</a>&nbsp;&nbsp;&nbsp;fp32_constrain
</UL>
<BR>[Called By]<UL><LI><a href="#[8c]">&gt;&gt;</a>&nbsp;&nbsp;&nbsp;gimbalTask
</UL>

<P><STRONG><a name="[c2]"></a>gimbalFeedbackUpdate</STRONG> (Thumb, 148 bytes, Stack size 8 bytes, gimbal_task.o(.text))
<BR><BR>[Stack]<UL><LI>Max Depth = 8<LI>Call Chain = gimbalFeedbackUpdate
</UL>
<BR>[Calls]<UL><LI><a href="#[c3]">&gt;&gt;</a>&nbsp;&nbsp;&nbsp;motor_ecd_to_angle_change
</UL>
<BR>[Called By]<UL><LI><a href="#[8c]">&gt;&gt;</a>&nbsp;&nbsp;&nbsp;gimbalTask
<LI><a href="#[c7]">&gt;&gt;</a>&nbsp;&nbsp;&nbsp;gimbalInit
</UL>

<P><STRONG><a name="[ca]"></a>gimbalMotorCtrlChangeHandle</STRONG> (Thumb, 174 bytes, Stack size 0 bytes, gimbal_task.o(.text))
<BR><BR>[Called By]<UL><LI><a href="#[8c]">&gt;&gt;</a>&nbsp;&nbsp;&nbsp;gimbalTask
</UL>

<P><STRONG><a name="[c5]"></a>gimbalBehaviourChange</STRONG> (Thumb, 112 bytes, Stack size 8 bytes, gimbal_task.o(.text))
<BR><BR>[Stack]<UL><LI>Max Depth = 8<LI>Call Chain = gimbalBehaviourChange
</UL>
<BR>[Called By]<UL><LI><a href="#[79]">&gt;&gt;</a>&nbsp;&nbsp;&nbsp;gimbalZeroForceBehaviourOutCondition
<LI><a href="#[c4]">&gt;&gt;</a>&nbsp;&nbsp;&nbsp;gimbalBehaviourSelect
</UL>

<P><STRONG><a name="[c4]"></a>gimbalBehaviourSelect</STRONG> (Thumb, 160 bytes, Stack size 8 bytes, gimbal_task.o(.text))
<BR><BR>[Stack]<UL><LI>Max Depth = 16<LI>Call Chain = gimbalBehaviourSelect &rArr; gimbalBehaviourChange
</UL>
<BR>[Calls]<UL><LI><a href="#[c5]">&gt;&gt;</a>&nbsp;&nbsp;&nbsp;gimbalBehaviourChange
</UL>
<BR>[Called By]<UL><LI><a href="#[8c]">&gt;&gt;</a>&nbsp;&nbsp;&nbsp;gimbalTask
</UL>

<P><STRONG><a name="[c9]"></a>gimbalBehaviourInit</STRONG> (Thumb, 32 bytes, Stack size 20 bytes, gimbal_task.o(.text))
<BR><BR>[Stack]<UL><LI>Max Depth = 20<LI>Call Chain = gimbalBehaviourInit
</UL>
<BR>[Called By]<UL><LI><a href="#[c7]">&gt;&gt;</a>&nbsp;&nbsp;&nbsp;gimbalInit
</UL>

<P><STRONG><a name="[c6]"></a>gimbalPidInit</STRONG> (Thumb, 368 bytes, Stack size 8 bytes, gimbal_task.o(.text))
<BR><BR>[Stack]<UL><LI>Max Depth = 8<LI>Call Chain = gimbalPidInit
</UL>
<BR>[Calls]<UL><LI><a href="#[b4]">&gt;&gt;</a>&nbsp;&nbsp;&nbsp;PIDInit
</UL>
<BR>[Called By]<UL><LI><a href="#[c7]">&gt;&gt;</a>&nbsp;&nbsp;&nbsp;gimbalInit
</UL>

<P><STRONG><a name="[c7]"></a>gimbalInit</STRONG> (Thumb, 336 bytes, Stack size 24 bytes, gimbal_task.o(.text))
<BR><BR>[Stack]<UL><LI>Max Depth = 44<LI>Call Chain = gimbalInit &rArr; gimbalBehaviourInit
</UL>
<BR>[Calls]<UL><LI><a href="#[c8]">&gt;&gt;</a>&nbsp;&nbsp;&nbsp;motorSpeedCalcInit
<LI><a href="#[c6]">&gt;&gt;</a>&nbsp;&nbsp;&nbsp;gimbalPidInit
<LI><a href="#[c9]">&gt;&gt;</a>&nbsp;&nbsp;&nbsp;gimbalBehaviourInit
<LI><a href="#[c2]">&gt;&gt;</a>&nbsp;&nbsp;&nbsp;gimbalFeedbackUpdate
<LI><a href="#[b8]">&gt;&gt;</a>&nbsp;&nbsp;&nbsp;xTaskGetTickCount
<LI><a href="#[ba]">&gt;&gt;</a>&nbsp;&nbsp;&nbsp;rcDataCopy
<LI><a href="#[b3]">&gt;&gt;</a>&nbsp;&nbsp;&nbsp;get_remote_control_point
</UL>
<BR>[Called By]<UL><LI><a href="#[8c]">&gt;&gt;</a>&nbsp;&nbsp;&nbsp;gimbalTask
</UL>

<P><STRONG><a name="[8c]"></a>gimbalTask</STRONG> (Thumb, 428 bytes, Stack size 8 bytes, gimbal_task.o(.text))
<BR><BR>[Stack]<UL><LI>Max Depth = 152<LI>Call Chain = gimbalTask &rArr; GimbalPidCalc &rArr; PID_Calc &rArr; __aeabi_dmul &rArr; _double_epilogue &rArr; _double_round
</UL>
<BR>[Calls]<UL><LI><a href="#[c7]">&gt;&gt;</a>&nbsp;&nbsp;&nbsp;gimbalInit
<LI><a href="#[c4]">&gt;&gt;</a>&nbsp;&nbsp;&nbsp;gimbalBehaviourSelect
<LI><a href="#[ca]">&gt;&gt;</a>&nbsp;&nbsp;&nbsp;gimbalMotorCtrlChangeHandle
<LI><a href="#[c2]">&gt;&gt;</a>&nbsp;&nbsp;&nbsp;gimbalFeedbackUpdate
<LI><a href="#[c0]">&gt;&gt;</a>&nbsp;&nbsp;&nbsp;gimbalAngleLimit
<LI><a href="#[bf]">&gt;&gt;</a>&nbsp;&nbsp;&nbsp;GimbalPidCalc
<LI><a href="#[b8]">&gt;&gt;</a>&nbsp;&nbsp;&nbsp;xTaskGetTickCount
<LI><a href="#[bc]">&gt;&gt;</a>&nbsp;&nbsp;&nbsp;vTaskDelayUntil
<LI><a href="#[b7]">&gt;&gt;</a>&nbsp;&nbsp;&nbsp;vTaskDelay
<LI><a href="#[ba]">&gt;&gt;</a>&nbsp;&nbsp;&nbsp;rcDataCopy
</UL>
<BR>[Address Reference Count : 1]<UL><LI> start_task.o(.text)
</UL>
<P><STRONG><a name="[cb]"></a>GIMBAL_CanbusCtrlMotors</STRONG> (Thumb, 106 bytes, Stack size 40 bytes, gimbal_task.o(.text))
<BR><BR>[Stack]<UL><LI>Max Depth = 232<LI>Call Chain = GIMBAL_CanbusCtrlMotors &rArr; djiMotorCurrentSendQueue &rArr; xQueueGenericSend &rArr; prvUnlockQueue &rArr; prvNotifyQueueSetContainer &rArr; prvCopyDataToQueue &rArr; xTaskPriorityDisinherit
</UL>
<BR>[Calls]<UL><LI><a href="#[9e]">&gt;&gt;</a>&nbsp;&nbsp;&nbsp;toe_is_error
<LI><a href="#[9f]">&gt;&gt;</a>&nbsp;&nbsp;&nbsp;djiMotorCurrentSendQueue
</UL>
<BR>[Called By]<UL><LI><a href="#[8e]">&gt;&gt;</a>&nbsp;&nbsp;&nbsp;shootTask
</UL>

<P><STRONG><a name="[76]"></a>gimbalDebugBehaviourOutCondition</STRONG> (Thumb, 4 bytes, Stack size 0 bytes, gimbal_behaviour.o(.text))
<BR>[Address Reference Count : 1]<UL><LI> gimbal_task.o(.text)
</UL>
<P><STRONG><a name="[77]"></a>gimbalDebugBehaviourEnterCondition</STRONG> (Thumb, 4 bytes, Stack size 0 bytes, gimbal_behaviour.o(.text))
<BR>[Address Reference Count : 1]<UL><LI> gimbal_task.o(.text)
</UL>
<P><STRONG><a name="[78]"></a>gimbalDebugBehaviourHandleFun</STRONG> (Thumb, 208 bytes, Stack size 40 bytes, gimbal_behaviour.o(.text))
<BR><BR>[Stack]<UL><LI>Max Depth = 128<LI>Call Chain = gimbalDebugBehaviourHandleFun &rArr; __aeabi_dmul &rArr; _double_epilogue &rArr; _double_round
</UL>
<BR>[Calls]<UL><LI><a href="#[9e]">&gt;&gt;</a>&nbsp;&nbsp;&nbsp;toe_is_error
<LI><a href="#[a1]">&gt;&gt;</a>&nbsp;&nbsp;&nbsp;__aeabi_f2d
<LI><a href="#[a3]">&gt;&gt;</a>&nbsp;&nbsp;&nbsp;__aeabi_dmul
<LI><a href="#[a2]">&gt;&gt;</a>&nbsp;&nbsp;&nbsp;__aeabi_ddiv
<LI><a href="#[a4]">&gt;&gt;</a>&nbsp;&nbsp;&nbsp;__aeabi_d2f
</UL>
<BR>[Address Reference Count : 1]<UL><LI> gimbal_task.o(.text)
</UL>
<P><STRONG><a name="[272]"></a>gimbalMidBehaviourOutCondition</STRONG> (Thumb, 4 bytes, Stack size 0 bytes, gimbal_behaviour.o(.text), UNUSED)

<P><STRONG><a name="[273]"></a>gimbalMidBehaviourEnterCondition</STRONG> (Thumb, 4 bytes, Stack size 0 bytes, gimbal_behaviour.o(.text), UNUSED)

<P><STRONG><a name="[cc]"></a>gimbalMidBehaviourHandleFun</STRONG> (Thumb, 118 bytes, Stack size 48 bytes, gimbal_behaviour.o(.text), UNUSED)
<BR><BR>[Calls]<UL><LI><a href="#[bd]">&gt;&gt;</a>&nbsp;&nbsp;&nbsp;__aeabi_i2d
<LI><a href="#[9e]">&gt;&gt;</a>&nbsp;&nbsp;&nbsp;toe_is_error
<LI><a href="#[a1]">&gt;&gt;</a>&nbsp;&nbsp;&nbsp;__aeabi_f2d
<LI><a href="#[a2]">&gt;&gt;</a>&nbsp;&nbsp;&nbsp;__aeabi_ddiv
<LI><a href="#[a8]">&gt;&gt;</a>&nbsp;&nbsp;&nbsp;__aeabi_dadd
<LI><a href="#[a4]">&gt;&gt;</a>&nbsp;&nbsp;&nbsp;__aeabi_d2f
</UL>

<P><STRONG><a name="[7a]"></a>gimbalZeroForceBehaviourEnterCondition</STRONG> (Thumb, 102 bytes, Stack size 8 bytes, gimbal_behaviour.o(.text))
<BR><BR>[Stack]<UL><LI>Max Depth = 8<LI>Call Chain = gimbalZeroForceBehaviourEnterCondition
</UL>
<BR>[Calls]<UL><LI><a href="#[9e]">&gt;&gt;</a>&nbsp;&nbsp;&nbsp;toe_is_error
</UL>
<BR>[Called By]<UL><LI><a href="#[79]">&gt;&gt;</a>&nbsp;&nbsp;&nbsp;gimbalZeroForceBehaviourOutCondition
</UL>
<BR>[Address Reference Count : 1]<UL><LI> gimbal_task.o(.text)
</UL>
<P><STRONG><a name="[79]"></a>gimbalZeroForceBehaviourOutCondition</STRONG> (Thumb, 20 bytes, Stack size 8 bytes, gimbal_behaviour.o(.text))
<BR><BR>[Stack]<UL><LI>Max Depth = 16<LI>Call Chain = gimbalZeroForceBehaviourOutCondition &rArr; gimbalZeroForceBehaviourEnterCondition
</UL>
<BR>[Calls]<UL><LI><a href="#[7a]">&gt;&gt;</a>&nbsp;&nbsp;&nbsp;gimbalZeroForceBehaviourEnterCondition
<LI><a href="#[c5]">&gt;&gt;</a>&nbsp;&nbsp;&nbsp;gimbalBehaviourChange
</UL>
<BR>[Address Reference Count : 1]<UL><LI> gimbal_task.o(.text)
</UL>
<P><STRONG><a name="[7b]"></a>gimbalZeroForceBehaviourHandleFun</STRONG> (Thumb, 76 bytes, Stack size 40 bytes, gimbal_behaviour.o(.text))
<BR><BR>[Stack]<UL><LI>Max Depth = 128<LI>Call Chain = gimbalZeroForceBehaviourHandleFun &rArr; __aeabi_dmul &rArr; _double_epilogue &rArr; _double_round
</UL>
<BR>[Calls]<UL><LI><a href="#[bd]">&gt;&gt;</a>&nbsp;&nbsp;&nbsp;__aeabi_i2d
<LI><a href="#[a3]">&gt;&gt;</a>&nbsp;&nbsp;&nbsp;__aeabi_dmul
<LI><a href="#[a2]">&gt;&gt;</a>&nbsp;&nbsp;&nbsp;__aeabi_ddiv
<LI><a href="#[a4]">&gt;&gt;</a>&nbsp;&nbsp;&nbsp;__aeabi_d2f
</UL>
<BR>[Address Reference Count : 1]<UL><LI> gimbal_task.o(.text)
</UL>
<P><STRONG><a name="[7d]"></a>gimbalInitBehaviourEnterCondition</STRONG> (Thumb, 30 bytes, Stack size 0 bytes, gimbal_behaviour.o(.text))
<BR>[Address Reference Count : 1]<UL><LI> gimbal_task.o(.text)
</UL>
<P><STRONG><a name="[7c]"></a>gimbalInitBehaviourOutCondition</STRONG> (Thumb, 26 bytes, Stack size 0 bytes, gimbal_behaviour.o(.text))
<BR>[Address Reference Count : 1]<UL><LI> gimbal_task.o(.text)
</UL>
<P><STRONG><a name="[7e]"></a>gimbalInitBehaviourHandleFun</STRONG> (Thumb, 586 bytes, Stack size 16 bytes, gimbal_behaviour.o(.text))
<BR><BR>[Stack]<UL><LI>Max Depth = 16<LI>Call Chain = gimbalInitBehaviourHandleFun
</UL>
<BR>[Calls]<UL><LI><a href="#[be]">&gt;&gt;</a>&nbsp;&nbsp;&nbsp;loop_ramp_float
<LI><a href="#[ab]">&gt;&gt;</a>&nbsp;&nbsp;&nbsp;f_abs
</UL>
<BR>[Address Reference Count : 1]<UL><LI> gimbal_task.o(.text)
</UL>
<P><STRONG><a name="[80]"></a>gimbalNormalBehaviourEnterCondition</STRONG> (Thumb, 4 bytes, Stack size 0 bytes, gimbal_behaviour.o(.text))
<BR>[Address Reference Count : 1]<UL><LI> gimbal_task.o(.text)
</UL>
<P><STRONG><a name="[7f]"></a>gimbalNormalBehaviourOutCondition</STRONG> (Thumb, 4 bytes, Stack size 0 bytes, gimbal_behaviour.o(.text))
<BR>[Address Reference Count : 1]<UL><LI> gimbal_task.o(.text)
</UL>
<P><STRONG><a name="[81]"></a>gimbalNormalBehaviourHandleFun</STRONG> (Thumb, 470 bytes, Stack size 56 bytes, gimbal_behaviour.o(.text))
<BR><BR>[Stack]<UL><LI>Max Depth = 144<LI>Call Chain = gimbalNormalBehaviourHandleFun &rArr; __aeabi_dmul &rArr; _double_epilogue &rArr; _double_round
</UL>
<BR>[Calls]<UL><LI><a href="#[cd]">&gt;&gt;</a>&nbsp;&nbsp;&nbsp;s16_abs
<LI><a href="#[bd]">&gt;&gt;</a>&nbsp;&nbsp;&nbsp;__aeabi_i2d
<LI><a href="#[a1]">&gt;&gt;</a>&nbsp;&nbsp;&nbsp;__aeabi_f2d
<LI><a href="#[a3]">&gt;&gt;</a>&nbsp;&nbsp;&nbsp;__aeabi_dmul
<LI><a href="#[a8]">&gt;&gt;</a>&nbsp;&nbsp;&nbsp;__aeabi_dadd
<LI><a href="#[a4]">&gt;&gt;</a>&nbsp;&nbsp;&nbsp;__aeabi_d2f
</UL>
<BR>[Address Reference Count : 1]<UL><LI> gimbal_task.o(.text)
</UL>
<P><STRONG><a name="[ce]"></a>plateBackSpeed</STRONG> (Thumb, 214 bytes, Stack size 24 bytes, shoot_task.o(.text))
<BR><BR>[Stack]<UL><LI>Max Depth = 24<LI>Call Chain = plateBackSpeed
</UL>
<BR>[Calls]<UL><LI><a href="#[ab]">&gt;&gt;</a>&nbsp;&nbsp;&nbsp;f_abs
</UL>
<BR>[Called By]<UL><LI><a href="#[cf]">&gt;&gt;</a>&nbsp;&nbsp;&nbsp;shootPidCalc
</UL>

<P><STRONG><a name="[d0]"></a>motor_ecd_to_angle_change</STRONG> (Thumb, 48 bytes, Stack size 0 bytes, shoot_task.o(.text))
<BR><BR>[Called By]<UL><LI><a href="#[cf]">&gt;&gt;</a>&nbsp;&nbsp;&nbsp;shootPidCalc
</UL>

<P><STRONG><a name="[cf]"></a>shootPidCalc</STRONG> (Thumb, 498 bytes, Stack size 16 bytes, shoot_task.o(.text))
<BR><BR>[Stack]<UL><LI>Max Depth = 136<LI>Call Chain = shootPidCalc &rArr; PID_Calc &rArr; __aeabi_dmul &rArr; _double_epilogue &rArr; _double_round
</UL>
<BR>[Calls]<UL><LI><a href="#[d1]">&gt;&gt;</a>&nbsp;&nbsp;&nbsp;abs_limit
<LI><a href="#[d0]">&gt;&gt;</a>&nbsp;&nbsp;&nbsp;motor_ecd_to_angle_change
<LI><a href="#[ce]">&gt;&gt;</a>&nbsp;&nbsp;&nbsp;plateBackSpeed
<LI><a href="#[aa]">&gt;&gt;</a>&nbsp;&nbsp;&nbsp;PID_Calc
</UL>
<BR>[Called By]<UL><LI><a href="#[8e]">&gt;&gt;</a>&nbsp;&nbsp;&nbsp;shootTask
</UL>

<P><STRONG><a name="[de]"></a>shootHeatLimt</STRONG> (Thumb, 102 bytes, Stack size 0 bytes, shoot_task.o(.text))
<BR><BR>[Called By]<UL><LI><a href="#[8e]">&gt;&gt;</a>&nbsp;&nbsp;&nbsp;shootTask
</UL>

<P><STRONG><a name="[d2]"></a>shootFeedbackUpdata</STRONG> (Thumb, 144 bytes, Stack size 24 bytes, shoot_task.o(.text))
<BR><BR>[Stack]<UL><LI>Max Depth = 112<LI>Call Chain = shootFeedbackUpdata &rArr; __aeabi_dmul &rArr; _double_epilogue &rArr; _double_round
</UL>
<BR>[Calls]<UL><LI><a href="#[a1]">&gt;&gt;</a>&nbsp;&nbsp;&nbsp;__aeabi_f2d
<LI><a href="#[a3]">&gt;&gt;</a>&nbsp;&nbsp;&nbsp;__aeabi_dmul
<LI><a href="#[a4]">&gt;&gt;</a>&nbsp;&nbsp;&nbsp;__aeabi_d2f
<LI><a href="#[af]">&gt;&gt;</a>&nbsp;&nbsp;&nbsp;KalmanFilter
</UL>
<BR>[Called By]<UL><LI><a href="#[8e]">&gt;&gt;</a>&nbsp;&nbsp;&nbsp;shootTask
</UL>

<P><STRONG><a name="[dd]"></a>shootCtrlChangeHandle</STRONG> (Thumb, 170 bytes, Stack size 0 bytes, shoot_task.o(.text))
<BR><BR>[Called By]<UL><LI><a href="#[8e]">&gt;&gt;</a>&nbsp;&nbsp;&nbsp;shootTask
</UL>

<P><STRONG><a name="[d4]"></a>shootPlateReset</STRONG> (Thumb, 54 bytes, Stack size 0 bytes, shoot_task.o(.text))
<BR><BR>[Called By]<UL><LI><a href="#[d7]">&gt;&gt;</a>&nbsp;&nbsp;&nbsp;shootInit
<LI><a href="#[d3]">&gt;&gt;</a>&nbsp;&nbsp;&nbsp;shootBehChange
</UL>

<P><STRONG><a name="[d3]"></a>shootBehChange</STRONG> (Thumb, 82 bytes, Stack size 8 bytes, shoot_task.o(.text))
<BR><BR>[Stack]<UL><LI>Max Depth = 8<LI>Call Chain = shootBehChange
</UL>
<BR>[Calls]<UL><LI><a href="#[d4]">&gt;&gt;</a>&nbsp;&nbsp;&nbsp;shootPlateReset
</UL>
<BR>[Called By]<UL><LI><a href="#[d7]">&gt;&gt;</a>&nbsp;&nbsp;&nbsp;shootInit
<LI><a href="#[d5]">&gt;&gt;</a>&nbsp;&nbsp;&nbsp;shootBehaviourSelect
</UL>

<P><STRONG><a name="[d5]"></a>shootBehaviourSelect</STRONG> (Thumb, 108 bytes, Stack size 8 bytes, shoot_task.o(.text))
<BR><BR>[Stack]<UL><LI>Max Depth = 16<LI>Call Chain = shootBehaviourSelect &rArr; shootBehChange
</UL>
<BR>[Calls]<UL><LI><a href="#[d3]">&gt;&gt;</a>&nbsp;&nbsp;&nbsp;shootBehChange
</UL>
<BR>[Called By]<UL><LI><a href="#[8e]">&gt;&gt;</a>&nbsp;&nbsp;&nbsp;shootTask
</UL>

<P><STRONG><a name="[dc]"></a>shootBehInit</STRONG> (Thumb, 52 bytes, Stack size 24 bytes, shoot_task.o(.text))
<BR><BR>[Stack]<UL><LI>Max Depth = 24<LI>Call Chain = shootBehInit
</UL>
<BR>[Called By]<UL><LI><a href="#[d7]">&gt;&gt;</a>&nbsp;&nbsp;&nbsp;shootInit
</UL>

<P><STRONG><a name="[d6]"></a>shootPidInit</STRONG> (Thumb, 188 bytes, Stack size 8 bytes, shoot_task.o(.text))
<BR><BR>[Stack]<UL><LI>Max Depth = 8<LI>Call Chain = shootPidInit
</UL>
<BR>[Calls]<UL><LI><a href="#[b4]">&gt;&gt;</a>&nbsp;&nbsp;&nbsp;PIDInit
</UL>
<BR>[Called By]<UL><LI><a href="#[d7]">&gt;&gt;</a>&nbsp;&nbsp;&nbsp;shootInit
</UL>

<P><STRONG><a name="[d7]"></a>shootInit</STRONG> (Thumb, 214 bytes, Stack size 32 bytes, shoot_task.o(.text))
<BR><BR>[Stack]<UL><LI>Max Depth = 56<LI>Call Chain = shootInit &rArr; shootBehInit
</UL>
<BR>[Calls]<UL><LI><a href="#[d8]">&gt;&gt;</a>&nbsp;&nbsp;&nbsp;motorInit
<LI><a href="#[d9]">&gt;&gt;</a>&nbsp;&nbsp;&nbsp;TIM_SetCompare4
<LI><a href="#[db]">&gt;&gt;</a>&nbsp;&nbsp;&nbsp;Electricpush_on
<LI><a href="#[da]">&gt;&gt;</a>&nbsp;&nbsp;&nbsp;Electricpush2_off
<LI><a href="#[d6]">&gt;&gt;</a>&nbsp;&nbsp;&nbsp;shootPidInit
<LI><a href="#[dc]">&gt;&gt;</a>&nbsp;&nbsp;&nbsp;shootBehInit
<LI><a href="#[d3]">&gt;&gt;</a>&nbsp;&nbsp;&nbsp;shootBehChange
<LI><a href="#[d4]">&gt;&gt;</a>&nbsp;&nbsp;&nbsp;shootPlateReset
<LI><a href="#[b3]">&gt;&gt;</a>&nbsp;&nbsp;&nbsp;get_remote_control_point
<LI><a href="#[b5]">&gt;&gt;</a>&nbsp;&nbsp;&nbsp;KalmanCreate
</UL>
<BR>[Called By]<UL><LI><a href="#[8e]">&gt;&gt;</a>&nbsp;&nbsp;&nbsp;shootTask
</UL>

<P><STRONG><a name="[8e]"></a>shootTask</STRONG> (Thumb, 178 bytes, Stack size 16 bytes, shoot_task.o(.text))
<BR><BR>[Stack]<UL><LI>Max Depth = 248<LI>Call Chain = shootTask &rArr; GIMBAL_CanbusCtrlMotors &rArr; djiMotorCurrentSendQueue &rArr; xQueueGenericSend &rArr; prvUnlockQueue &rArr; prvNotifyQueueSetContainer &rArr; prvCopyDataToQueue &rArr; xTaskPriorityDisinherit
</UL>
<BR>[Calls]<UL><LI><a href="#[d7]">&gt;&gt;</a>&nbsp;&nbsp;&nbsp;shootInit
<LI><a href="#[d5]">&gt;&gt;</a>&nbsp;&nbsp;&nbsp;shootBehaviourSelect
<LI><a href="#[dd]">&gt;&gt;</a>&nbsp;&nbsp;&nbsp;shootCtrlChangeHandle
<LI><a href="#[d2]">&gt;&gt;</a>&nbsp;&nbsp;&nbsp;shootFeedbackUpdata
<LI><a href="#[de]">&gt;&gt;</a>&nbsp;&nbsp;&nbsp;shootHeatLimt
<LI><a href="#[cf]">&gt;&gt;</a>&nbsp;&nbsp;&nbsp;shootPidCalc
<LI><a href="#[cb]">&gt;&gt;</a>&nbsp;&nbsp;&nbsp;GIMBAL_CanbusCtrlMotors
<LI><a href="#[b8]">&gt;&gt;</a>&nbsp;&nbsp;&nbsp;xTaskGetTickCount
<LI><a href="#[bc]">&gt;&gt;</a>&nbsp;&nbsp;&nbsp;vTaskDelayUntil
<LI><a href="#[b7]">&gt;&gt;</a>&nbsp;&nbsp;&nbsp;vTaskDelay
<LI><a href="#[ba]">&gt;&gt;</a>&nbsp;&nbsp;&nbsp;rcDataCopy
</UL>
<BR>[Address Reference Count : 1]<UL><LI> start_task.o(.text)
</UL>
<P><STRONG><a name="[83]"></a>shootbehDebugEnterCondition</STRONG> (Thumb, 4 bytes, Stack size 0 bytes, shoot_behaviour.o(.text))
<BR>[Address Reference Count : 1]<UL><LI> shoot_task.o(.text)
</UL>
<P><STRONG><a name="[82]"></a>shootbehDebugOutCondition</STRONG> (Thumb, 4 bytes, Stack size 0 bytes, shoot_behaviour.o(.text))
<BR>[Address Reference Count : 1]<UL><LI> shoot_task.o(.text)
</UL>
<P><STRONG><a name="[84]"></a>shootbehDebugHandleFun</STRONG> (Thumb, 220 bytes, Stack size 40 bytes, shoot_behaviour.o(.text))
<BR><BR>[Stack]<UL><LI>Max Depth = 128<LI>Call Chain = shootbehDebugHandleFun &rArr; __aeabi_dmul &rArr; _double_epilogue &rArr; _double_round
</UL>
<BR>[Calls]<UL><LI><a href="#[df]">&gt;&gt;</a>&nbsp;&nbsp;&nbsp;Electricpush_off
<LI><a href="#[db]">&gt;&gt;</a>&nbsp;&nbsp;&nbsp;Electricpush_on
<LI><a href="#[a1]">&gt;&gt;</a>&nbsp;&nbsp;&nbsp;__aeabi_f2d
<LI><a href="#[a3]">&gt;&gt;</a>&nbsp;&nbsp;&nbsp;__aeabi_dmul
<LI><a href="#[a2]">&gt;&gt;</a>&nbsp;&nbsp;&nbsp;__aeabi_ddiv
<LI><a href="#[a4]">&gt;&gt;</a>&nbsp;&nbsp;&nbsp;__aeabi_d2f
<LI><a href="#[a9]">&gt;&gt;</a>&nbsp;&nbsp;&nbsp;RAMP_float
</UL>
<BR>[Address Reference Count : 1]<UL><LI> shoot_task.o(.text)
</UL>
<P><STRONG><a name="[86]"></a>shootbehZeroForceEnterCondition</STRONG> (Thumb, 42 bytes, Stack size 8 bytes, shoot_behaviour.o(.text))
<BR><BR>[Stack]<UL><LI>Max Depth = 8<LI>Call Chain = shootbehZeroForceEnterCondition
</UL>
<BR>[Calls]<UL><LI><a href="#[9e]">&gt;&gt;</a>&nbsp;&nbsp;&nbsp;toe_is_error
</UL>
<BR>[Called By]<UL><LI><a href="#[85]">&gt;&gt;</a>&nbsp;&nbsp;&nbsp;shootbehZeroForceOutCondition
</UL>
<BR>[Address Reference Count : 1]<UL><LI> shoot_task.o(.text)
</UL>
<P><STRONG><a name="[85]"></a>shootbehZeroForceOutCondition</STRONG> (Thumb, 16 bytes, Stack size 8 bytes, shoot_behaviour.o(.text))
<BR><BR>[Stack]<UL><LI>Max Depth = 16<LI>Call Chain = shootbehZeroForceOutCondition &rArr; shootbehZeroForceEnterCondition
</UL>
<BR>[Calls]<UL><LI><a href="#[86]">&gt;&gt;</a>&nbsp;&nbsp;&nbsp;shootbehZeroForceEnterCondition
</UL>
<BR>[Address Reference Count : 1]<UL><LI> shoot_task.o(.text)
</UL>
<P><STRONG><a name="[87]"></a>shootbehZeroForceHandleFun</STRONG> (Thumb, 38 bytes, Stack size 16 bytes, shoot_behaviour.o(.text))
<BR><BR>[Stack]<UL><LI>Max Depth = 24<LI>Call Chain = shootbehZeroForceHandleFun &rArr; Electricpush_on
</UL>
<BR>[Calls]<UL><LI><a href="#[db]">&gt;&gt;</a>&nbsp;&nbsp;&nbsp;Electricpush_on
</UL>
<BR>[Address Reference Count : 1]<UL><LI> shoot_task.o(.text)
</UL>
<P><STRONG><a name="[e0]"></a>remote_control_init</STRONG> (Thumb, 16 bytes, Stack size 8 bytes, remote_control.o(.text))
<BR><BR>[Stack]<UL><LI>Max Depth = 156<LI>Call Chain = remote_control_init &rArr; RC_Init &rArr; USART_Init &rArr; RCC_GetClocksFreq
</UL>
<BR>[Calls]<UL><LI><a href="#[e1]">&gt;&gt;</a>&nbsp;&nbsp;&nbsp;RC_Init
</UL>
<BR>[Called By]<UL><LI><a href="#[11a]">&gt;&gt;</a>&nbsp;&nbsp;&nbsp;BSP_Init
</UL>

<P><STRONG><a name="[b3]"></a>get_remote_control_point</STRONG> (Thumb, 4 bytes, Stack size 0 bytes, remote_control.o(.text))
<BR><BR>[Called By]<UL><LI><a href="#[d7]">&gt;&gt;</a>&nbsp;&nbsp;&nbsp;shootInit
<LI><a href="#[c7]">&gt;&gt;</a>&nbsp;&nbsp;&nbsp;gimbalInit
<LI><a href="#[b2]">&gt;&gt;</a>&nbsp;&nbsp;&nbsp;chassisTaskInit
</UL>

<P><STRONG><a name="[88]"></a>RC_data_is_error</STRONG> (Thumb, 146 bytes, Stack size 8 bytes, remote_control.o(.text))
<BR><BR>[Stack]<UL><LI>Max Depth = 8<LI>Call Chain = RC_data_is_error
</UL>
<BR>[Calls]<UL><LI><a href="#[e2]">&gt;&gt;</a>&nbsp;&nbsp;&nbsp;RC_abs
</UL>
<BR>[Address Reference Count : 1]<UL><LI> detect_task.o(.text)
</UL>
<P><STRONG><a name="[89]"></a>slove_RC_lost</STRONG> (Thumb, 10 bytes, Stack size 8 bytes, remote_control.o(.text))
<BR><BR>[Stack]<UL><LI>Max Depth = 16<LI>Call Chain = slove_RC_lost &rArr; RC_restart
</UL>
<BR>[Calls]<UL><LI><a href="#[e3]">&gt;&gt;</a>&nbsp;&nbsp;&nbsp;RC_restart
</UL>
<BR>[Address Reference Count : 1]<UL><LI> detect_task.o(.text)
</UL>
<P><STRONG><a name="[8a]"></a>slove_data_error</STRONG> (Thumb, 10 bytes, Stack size 8 bytes, remote_control.o(.text))
<BR><BR>[Stack]<UL><LI>Max Depth = 16<LI>Call Chain = slove_data_error &rArr; RC_restart
</UL>
<BR>[Calls]<UL><LI><a href="#[e3]">&gt;&gt;</a>&nbsp;&nbsp;&nbsp;RC_restart
</UL>
<BR>[Address Reference Count : 1]<UL><LI> detect_task.o(.text)
</UL>
<P><STRONG><a name="[30]"></a>USART1_IRQHandler</STRONG> (Thumb, 216 bytes, Stack size 8 bytes, remote_control.o(.text))
<BR><BR>[Stack]<UL><LI>Max Depth = 24<LI>Call Chain = USART1_IRQHandler &rArr; USART_GetITStatus
</UL>
<BR>[Calls]<UL><LI><a href="#[e5]">&gt;&gt;</a>&nbsp;&nbsp;&nbsp;USART_ReceiveData
<LI><a href="#[e4]">&gt;&gt;</a>&nbsp;&nbsp;&nbsp;USART_GetITStatus
<LI><a href="#[ec]">&gt;&gt;</a>&nbsp;&nbsp;&nbsp;DetectHook
<LI><a href="#[e9]">&gt;&gt;</a>&nbsp;&nbsp;&nbsp;DMA_SetCurrDataCounter
<LI><a href="#[e6]">&gt;&gt;</a>&nbsp;&nbsp;&nbsp;DMA_GetCurrentMemoryTarget
<LI><a href="#[e8]">&gt;&gt;</a>&nbsp;&nbsp;&nbsp;DMA_GetCurrDataCounter
<LI><a href="#[e7]">&gt;&gt;</a>&nbsp;&nbsp;&nbsp;DMA_Cmd
<LI><a href="#[ea]">&gt;&gt;</a>&nbsp;&nbsp;&nbsp;DMA_ClearFlag
<LI><a href="#[eb]">&gt;&gt;</a>&nbsp;&nbsp;&nbsp;SBUS_TO_RC
</UL>
<BR>[Address Reference Count : 1]<UL><LI> startup_stm32f427xx.o(RESET)
</UL>
<P><STRONG><a name="[ba]"></a>rcDataCopy</STRONG> (Thumb, 72 bytes, Stack size 0 bytes, remote_control.o(.text))
<BR><BR>[Called By]<UL><LI><a href="#[8e]">&gt;&gt;</a>&nbsp;&nbsp;&nbsp;shootTask
<LI><a href="#[8c]">&gt;&gt;</a>&nbsp;&nbsp;&nbsp;gimbalTask
<LI><a href="#[c7]">&gt;&gt;</a>&nbsp;&nbsp;&nbsp;gimbalInit
<LI><a href="#[8d]">&gt;&gt;</a>&nbsp;&nbsp;&nbsp;chassisTask
</UL>

<P><STRONG><a name="[19f]"></a>upComputer_dataRecieve</STRONG> (Thumb, 10 bytes, Stack size 20 bytes, oscillography.o(.text))
<BR><BR>[Stack]<UL><LI>Max Depth = 20<LI>Call Chain = upComputer_dataRecieve
</UL>
<BR>[Called By]<UL><LI><a href="#[31]">&gt;&gt;</a>&nbsp;&nbsp;&nbsp;USART2_IRQHandler
</UL>

<P><STRONG><a name="[ed]"></a>oscillography_sendData</STRONG> (Thumb, 68 bytes, Stack size 40 bytes, oscillography.o(.text))
<BR><BR>[Stack]<UL><LI>Max Depth = 104<LI>Call Chain = oscillography_sendData &rArr; Send_data8 &rArr; USART2_Send_Buf &rArr; USART2_Send_Data
</UL>
<BR>[Calls]<UL><LI><a href="#[ee]">&gt;&gt;</a>&nbsp;&nbsp;&nbsp;Send_data8
</UL>
<BR>[Called By]<UL><LI><a href="#[90]">&gt;&gt;</a>&nbsp;&nbsp;&nbsp;oscillography_task
</UL>

<P><STRONG><a name="[90]"></a>oscillography_task</STRONG> (Thumb, 210 bytes, Stack size 0 bytes, oscillography.o(.text))
<BR><BR>[Stack]<UL><LI>Max Depth = 104<LI>Call Chain = oscillography_task &rArr; oscillography_sendData &rArr; Send_data8 &rArr; USART2_Send_Buf &rArr; USART2_Send_Data
</UL>
<BR>[Calls]<UL><LI><a href="#[b7]">&gt;&gt;</a>&nbsp;&nbsp;&nbsp;vTaskDelay
<LI><a href="#[ef]">&gt;&gt;</a>&nbsp;&nbsp;&nbsp;USART2_Init
<LI><a href="#[ed]">&gt;&gt;</a>&nbsp;&nbsp;&nbsp;oscillography_sendData
</UL>
<BR>[Address Reference Count : 1]<UL><LI> start_task.o(.text)
</UL>
<P><STRONG><a name="[f0]"></a>CAN1_Timer_Callback</STRONG> (Thumb, 38 bytes, Stack size 32 bytes, timer_send_task.o(.text))
<BR><BR>[Stack]<UL><LI>Max Depth = 176<LI>Call Chain = CAN1_Timer_Callback &rArr; xQueueGenericReceive &rArr; prvUnlockQueue &rArr; prvNotifyQueueSetContainer &rArr; prvCopyDataToQueue &rArr; xTaskPriorityDisinherit
</UL>
<BR>[Calls]<UL><LI><a href="#[f2]">&gt;&gt;</a>&nbsp;&nbsp;&nbsp;xQueueGenericReceive
<LI><a href="#[f1]">&gt;&gt;</a>&nbsp;&nbsp;&nbsp;CAN_Transmit
</UL>
<BR>[Address Reference Count : 1]<UL><LI> timer_send_task.o(.text)
</UL>
<P><STRONG><a name="[f3]"></a>CAN2_Timer_Callback</STRONG> (Thumb, 38 bytes, Stack size 32 bytes, timer_send_task.o(.text))
<BR><BR>[Stack]<UL><LI>Max Depth = 176<LI>Call Chain = CAN2_Timer_Callback &rArr; xQueueGenericReceive &rArr; prvUnlockQueue &rArr; prvNotifyQueueSetContainer &rArr; prvCopyDataToQueue &rArr; xTaskPriorityDisinherit
</UL>
<BR>[Calls]<UL><LI><a href="#[f2]">&gt;&gt;</a>&nbsp;&nbsp;&nbsp;xQueueGenericReceive
<LI><a href="#[f1]">&gt;&gt;</a>&nbsp;&nbsp;&nbsp;CAN_Transmit
</UL>
<BR>[Address Reference Count : 1]<UL><LI> timer_send_task.o(.text)
</UL>
<P><STRONG><a name="[f4]"></a>Vision_Timer_Callback</STRONG> (Thumb, 18 bytes, Stack size 8 bytes, timer_send_task.o(.text))
<BR><BR>[Stack]<UL><LI>Max Depth = 340<LI>Call Chain = Vision_Timer_Callback &rArr; Vision_Rm2021_Cm0x0001_Send_Queue &rArr; Vision_Info_Send &rArr; Append_CRC8_Check_Sum &rArr; Get_CRC8_Check_Sum
</UL>
<BR>[Calls]<UL><LI><a href="#[f5]">&gt;&gt;</a>&nbsp;&nbsp;&nbsp;Vision_Rm2021_Cm0x0001_Send_Queue
</UL>
<BR>[Address Reference Count : 1]<UL><LI> timer_send_task.o(.text)
</UL>
<P><STRONG><a name="[f6]"></a>timerSendCreate</STRONG> (Thumb, 210 bytes, Stack size 16 bytes, timer_send_task.o(.text))
<BR><BR>[Stack]<UL><LI>Max Depth = 200<LI>Call Chain = timerSendCreate &rArr; xTimerGenericCommand &rArr; xQueueGenericSend &rArr; prvUnlockQueue &rArr; prvNotifyQueueSetContainer &rArr; prvCopyDataToQueue &rArr; xTaskPriorityDisinherit
</UL>
<BR>[Calls]<UL><LI><a href="#[b8]">&gt;&gt;</a>&nbsp;&nbsp;&nbsp;xTaskGetTickCount
<LI><a href="#[fa]">&gt;&gt;</a>&nbsp;&nbsp;&nbsp;xTimerGenericCommand
<LI><a href="#[f9]">&gt;&gt;</a>&nbsp;&nbsp;&nbsp;xTimerCreate
<LI><a href="#[f8]">&gt;&gt;</a>&nbsp;&nbsp;&nbsp;xQueueGenericCreate
<LI><a href="#[fb]">&gt;&gt;</a>&nbsp;&nbsp;&nbsp;vPortExitCritical
<LI><a href="#[f7]">&gt;&gt;</a>&nbsp;&nbsp;&nbsp;vPortEnterCritical
</UL>
<BR>[Called By]<UL><LI><a href="#[63]">&gt;&gt;</a>&nbsp;&nbsp;&nbsp;main
</UL>

<P><STRONG><a name="[8b]"></a>INS_task</STRONG> (Thumb, 720 bytes, Stack size 64 bytes, ins_task.o(.text))
<BR><BR>[Stack]<UL><LI>Max Depth = 360<LI>Call Chain = INS_task &rArr; imu_EulerAngleUpdate &rArr; __hardfp_atan2 &rArr; atan &rArr; __hardfp_atan &rArr; __kernel_poly &rArr; __aeabi_dmul &rArr; _double_epilogue &rArr; _double_round
</UL>
<BR>[Calls]<UL><LI><a href="#[b8]">&gt;&gt;</a>&nbsp;&nbsp;&nbsp;xTaskGetTickCount
<LI><a href="#[bc]">&gt;&gt;</a>&nbsp;&nbsp;&nbsp;vTaskDelayUntil
<LI><a href="#[b7]">&gt;&gt;</a>&nbsp;&nbsp;&nbsp;vTaskDelay
<LI><a href="#[a1]">&gt;&gt;</a>&nbsp;&nbsp;&nbsp;__aeabi_f2d
<LI><a href="#[a7]">&gt;&gt;</a>&nbsp;&nbsp;&nbsp;__aeabi_dsub
<LI><a href="#[a2]">&gt;&gt;</a>&nbsp;&nbsp;&nbsp;__aeabi_ddiv
<LI><a href="#[a4]">&gt;&gt;</a>&nbsp;&nbsp;&nbsp;__aeabi_d2f
<LI><a href="#[101]">&gt;&gt;</a>&nbsp;&nbsp;&nbsp;imu_ahrsCalculate_IMUonly
<LI><a href="#[102]">&gt;&gt;</a>&nbsp;&nbsp;&nbsp;imu_EulerAngleUpdate
<LI><a href="#[fc]">&gt;&gt;</a>&nbsp;&nbsp;&nbsp;datatrans
<LI><a href="#[ff]">&gt;&gt;</a>&nbsp;&nbsp;&nbsp;__aeabi_ui2d
<LI><a href="#[fd]">&gt;&gt;</a>&nbsp;&nbsp;&nbsp;IMU_Update_Data
<LI><a href="#[fe]">&gt;&gt;</a>&nbsp;&nbsp;&nbsp;IMU_Handle_Data
<LI><a href="#[100]">&gt;&gt;</a>&nbsp;&nbsp;&nbsp;AHRS_init
</UL>
<BR>[Address Reference Count : 1]<UL><LI> start_task.o(.text)
</UL>
<P><STRONG><a name="[8f]"></a>DetectTask</STRONG> (Thumb, 732 bytes, Stack size 0 bytes, detect_task.o(.text))
<BR><BR>[Stack]<UL><LI>Max Depth = 88<LI>Call Chain = DetectTask &rArr; DetectInit
</UL>
<BR>[Calls]<UL><LI><a href="#[b8]">&gt;&gt;</a>&nbsp;&nbsp;&nbsp;xTaskGetTickCount
<LI><a href="#[b7]">&gt;&gt;</a>&nbsp;&nbsp;&nbsp;vTaskDelay
<LI><a href="#[10a]">&gt;&gt;</a>&nbsp;&nbsp;&nbsp;uxTaskGetStackHighWaterMark
<LI><a href="#[108]">&gt;&gt;</a>&nbsp;&nbsp;&nbsp;flow_led_on
<LI><a href="#[109]">&gt;&gt;</a>&nbsp;&nbsp;&nbsp;flow_led_off
<LI><a href="#[106]">&gt;&gt;</a>&nbsp;&nbsp;&nbsp;DetectInit
<LI><a href="#[103]">&gt;&gt;</a>&nbsp;&nbsp;&nbsp;DetectDisplay
</UL>
<BR>[Address Reference Count : 1]<UL><LI> start_task.o(.text)
</UL>
<P><STRONG><a name="[9e]"></a>toe_is_error</STRONG> (Thumb, 20 bytes, Stack size 0 bytes, detect_task.o(.text))
<BR><BR>[Called By]<UL><LI><a href="#[86]">&gt;&gt;</a>&nbsp;&nbsp;&nbsp;shootbehZeroForceEnterCondition
<LI><a href="#[cc]">&gt;&gt;</a>&nbsp;&nbsp;&nbsp;gimbalMidBehaviourHandleFun
<LI><a href="#[7a]">&gt;&gt;</a>&nbsp;&nbsp;&nbsp;gimbalZeroForceBehaviourEnterCondition
<LI><a href="#[78]">&gt;&gt;</a>&nbsp;&nbsp;&nbsp;gimbalDebugBehaviourHandleFun
<LI><a href="#[cb]">&gt;&gt;</a>&nbsp;&nbsp;&nbsp;GIMBAL_CanbusCtrlMotors
<LI><a href="#[69]">&gt;&gt;</a>&nbsp;&nbsp;&nbsp;enterZeroForceCondition
<LI><a href="#[64]">&gt;&gt;</a>&nbsp;&nbsp;&nbsp;chassisDebugHandleFun
<LI><a href="#[9d]">&gt;&gt;</a>&nbsp;&nbsp;&nbsp;chassisCanbuscCtrlMotors
</UL>

<P><STRONG><a name="[ec]"></a>DetectHook</STRONG> (Thumb, 288 bytes, Stack size 8 bytes, detect_task.o(.text))
<BR><BR>[Stack]<UL><LI>Max Depth = 8<LI>Call Chain = DetectHook
</UL>
<BR>[Calls]<UL><LI><a href="#[b8]">&gt;&gt;</a>&nbsp;&nbsp;&nbsp;xTaskGetTickCount
</UL>
<BR>[Called By]<UL><LI><a href="#[30]">&gt;&gt;</a>&nbsp;&nbsp;&nbsp;USART1_IRQHandler
<LI><a href="#[32]">&gt;&gt;</a>&nbsp;&nbsp;&nbsp;USART3_IRQHandler
<LI><a href="#[4b]">&gt;&gt;</a>&nbsp;&nbsp;&nbsp;CAN2_RX0_IRQHandler
<LI><a href="#[1f]">&gt;&gt;</a>&nbsp;&nbsp;&nbsp;CAN1_RX0_IRQHandler
</UL>

<P><STRONG><a name="[274]"></a>getErrorListPoint</STRONG> (Thumb, 4 bytes, Stack size 0 bytes, detect_task.o(.text), UNUSED)

<P><STRONG><a name="[91]"></a>led_task</STRONG> (Thumb, 12 bytes, Stack size 0 bytes, test_task.o(.text))
<BR><BR>[Stack]<UL><LI>Max Depth = 56<LI>Call Chain = led_task &rArr; vTaskDelay &rArr; xTaskResumeAll &rArr; xTaskIncrementTick
</UL>
<BR>[Calls]<UL><LI><a href="#[b7]">&gt;&gt;</a>&nbsp;&nbsp;&nbsp;vTaskDelay
</UL>
<BR>[Address Reference Count : 1]<UL><LI> start_task.o(.text)
</UL>
<P><STRONG><a name="[92]"></a>buzzer_task</STRONG> (Thumb, 20 bytes, Stack size 0 bytes, test_task.o(.text))
<BR><BR>[Stack]<UL><LI>Max Depth = 56<LI>Call Chain = buzzer_task &rArr; vTaskDelay &rArr; xTaskResumeAll &rArr; xTaskIncrementTick
</UL>
<BR>[Calls]<UL><LI><a href="#[b7]">&gt;&gt;</a>&nbsp;&nbsp;&nbsp;vTaskDelay
</UL>
<BR>[Address Reference Count : 1]<UL><LI> start_task.o(.text)
</UL>
<P><STRONG><a name="[10b]"></a>start_task</STRONG> (Thumb, 216 bytes, Stack size 16 bytes, start_task.o(.text))
<BR><BR>[Stack]<UL><LI>Max Depth = 152<LI>Call Chain = start_task &rArr; xTaskCreate &rArr; pvPortMalloc &rArr; xTaskResumeAll &rArr; xTaskIncrementTick
</UL>
<BR>[Calls]<UL><LI><a href="#[10c]">&gt;&gt;</a>&nbsp;&nbsp;&nbsp;xTaskCreate
<LI><a href="#[10d]">&gt;&gt;</a>&nbsp;&nbsp;&nbsp;vTaskDelete
<LI><a href="#[fb]">&gt;&gt;</a>&nbsp;&nbsp;&nbsp;vPortExitCritical
<LI><a href="#[f7]">&gt;&gt;</a>&nbsp;&nbsp;&nbsp;vPortEnterCritical
</UL>
<BR>[Address Reference Count : 1]<UL><LI> start_task.o(.text)
</UL>
<P><STRONG><a name="[10e]"></a>startTask</STRONG> (Thumb, 26 bytes, Stack size 16 bytes, start_task.o(.text))
<BR><BR>[Stack]<UL><LI>Max Depth = 152<LI>Call Chain = startTask &rArr; xTaskCreate &rArr; pvPortMalloc &rArr; xTaskResumeAll &rArr; xTaskIncrementTick
</UL>
<BR>[Calls]<UL><LI><a href="#[10c]">&gt;&gt;</a>&nbsp;&nbsp;&nbsp;xTaskCreate
</UL>
<BR>[Called By]<UL><LI><a href="#[63]">&gt;&gt;</a>&nbsp;&nbsp;&nbsp;main
</UL>

<P><STRONG><a name="[1c3]"></a>vPortSetupTimerInterrupt</STRONG> (Thumb, 2 bytes, Stack size 0 bytes, freertos_middleware.o(.text))
<BR><BR>[Called By]<UL><LI><a href="#[1c2]">&gt;&gt;</a>&nbsp;&nbsp;&nbsp;xPortStartScheduler
</UL>

<P><STRONG><a name="[a]"></a>SysTick_Handler</STRONG> (Thumb, 16 bytes, Stack size 8 bytes, freertos_middleware.o(.text))
<BR><BR>[Stack]<UL><LI>Max Depth = 40<LI>Call Chain = SysTick_Handler &rArr; xPortSysTickHandler &rArr; xTaskIncrementTick
</UL>
<BR>[Calls]<UL><LI><a href="#[10f]">&gt;&gt;</a>&nbsp;&nbsp;&nbsp;xTaskGetSchedulerState
<LI><a href="#[110]">&gt;&gt;</a>&nbsp;&nbsp;&nbsp;xPortSysTickHandler
</UL>
<BR>[Address Reference Count : 1]<UL><LI> startup_stm32f427xx.o(RESET)
</UL>
<P><STRONG><a name="[275]"></a>ConfigureTimeForRunTimeStats</STRONG> (Thumb, 10 bytes, Stack size 0 bytes, freertos_middleware.o(.text), UNUSED)

<P><STRONG><a name="[28]"></a>TIM3_IRQHandler</STRONG> (Thumb, 40 bytes, Stack size 8 bytes, freertos_middleware.o(.text))
<BR><BR>[Stack]<UL><LI>Max Depth = 20<LI>Call Chain = TIM3_IRQHandler &rArr; TIM_GetITStatus
</UL>
<BR>[Calls]<UL><LI><a href="#[111]">&gt;&gt;</a>&nbsp;&nbsp;&nbsp;TIM_GetITStatus
<LI><a href="#[112]">&gt;&gt;</a>&nbsp;&nbsp;&nbsp;TIM_ClearFlag
</UL>
<BR>[Address Reference Count : 1]<UL><LI> startup_stm32f427xx.o(RESET)
</UL>
<P><STRONG><a name="[276]"></a>boardB_link_Init</STRONG> (Thumb, 12 bytes, Stack size 0 bytes, boardb_link.o(.text), UNUSED)

<P><STRONG><a name="[277]"></a>boardB_link_Debug</STRONG> (Thumb, 2 bytes, Stack size 0 bytes, boardb_link.o(.text), UNUSED)

<P><STRONG><a name="[113]"></a>SendToBoardB_aboutFire</STRONG> (Thumb, 50 bytes, Stack size 32 bytes, boardb_link.o(.text))
<BR><BR>[Stack]<UL><LI>Max Depth = 40<LI>Call Chain = SendToBoardB_aboutFire &rArr; CAN_Transmit
</UL>
<BR>[Calls]<UL><LI><a href="#[f1]">&gt;&gt;</a>&nbsp;&nbsp;&nbsp;CAN_Transmit
</UL>
<BR>[Called By]<UL><LI><a href="#[93]">&gt;&gt;</a>&nbsp;&nbsp;&nbsp;boardB_link_Task
</UL>

<P><STRONG><a name="[114]"></a>SendToBoardB_aboutChassis</STRONG> (Thumb, 86 bytes, Stack size 40 bytes, boardb_link.o(.text))
<BR><BR>[Stack]<UL><LI>Max Depth = 48<LI>Call Chain = SendToBoardB_aboutChassis &rArr; CAN_Transmit
</UL>
<BR>[Calls]<UL><LI><a href="#[f1]">&gt;&gt;</a>&nbsp;&nbsp;&nbsp;CAN_Transmit
</UL>
<BR>[Called By]<UL><LI><a href="#[93]">&gt;&gt;</a>&nbsp;&nbsp;&nbsp;boardB_link_Task
</UL>

<P><STRONG><a name="[115]"></a>SendToBoardB_aboutAngle</STRONG> (Thumb, 126 bytes, Stack size 40 bytes, boardb_link.o(.text))
<BR><BR>[Stack]<UL><LI>Max Depth = 48<LI>Call Chain = SendToBoardB_aboutAngle &rArr; CAN_Transmit
</UL>
<BR>[Calls]<UL><LI><a href="#[f1]">&gt;&gt;</a>&nbsp;&nbsp;&nbsp;CAN_Transmit
</UL>
<BR>[Called By]<UL><LI><a href="#[93]">&gt;&gt;</a>&nbsp;&nbsp;&nbsp;boardB_link_Task
</UL>

<P><STRONG><a name="[93]"></a>boardB_link_Task</STRONG> (Thumb, 194 bytes, Stack size 8 bytes, boardb_link.o(.text))
<BR><BR>[Stack]<UL><LI>Max Depth = 80<LI>Call Chain = boardB_link_Task &rArr; vTaskDelayUntil &rArr; xTaskResumeAll &rArr; xTaskIncrementTick
</UL>
<BR>[Calls]<UL><LI><a href="#[b8]">&gt;&gt;</a>&nbsp;&nbsp;&nbsp;xTaskGetTickCount
<LI><a href="#[bc]">&gt;&gt;</a>&nbsp;&nbsp;&nbsp;vTaskDelayUntil
<LI><a href="#[b7]">&gt;&gt;</a>&nbsp;&nbsp;&nbsp;vTaskDelay
<LI><a href="#[116]">&gt;&gt;</a>&nbsp;&nbsp;&nbsp;CAN1_SendBoardB_AboutCapacitior
<LI><a href="#[115]">&gt;&gt;</a>&nbsp;&nbsp;&nbsp;SendToBoardB_aboutAngle
<LI><a href="#[114]">&gt;&gt;</a>&nbsp;&nbsp;&nbsp;SendToBoardB_aboutChassis
<LI><a href="#[113]">&gt;&gt;</a>&nbsp;&nbsp;&nbsp;SendToBoardB_aboutFire
</UL>
<BR>[Address Reference Count : 1]<UL><LI> start_task.o(.text)
</UL>
<P><STRONG><a name="[278]"></a>Game_State_Recieve</STRONG> (Thumb, 10 bytes, Stack size 0 bytes, boardb_link.o(.text), UNUSED)

<P><STRONG><a name="[279]"></a>Robot_State_Recieve</STRONG> (Thumb, 42 bytes, Stack size 0 bytes, boardb_link.o(.text), UNUSED)

<P><STRONG><a name="[27a]"></a>Robot_Power_Recieve</STRONG> (Thumb, 56 bytes, Stack size 0 bytes, boardb_link.o(.text), UNUSED)

<P><STRONG><a name="[27b]"></a>Robot_ShootHeat_Recieve</STRONG> (Thumb, 44 bytes, Stack size 0 bytes, boardb_link.o(.text), UNUSED)

<P><STRONG><a name="[27c]"></a>Robot_HURT_Recieve</STRONG> (Thumb, 12 bytes, Stack size 0 bytes, boardb_link.o(.text), UNUSED)

<P><STRONG><a name="[27d]"></a>Robot_ShootSpeed_Recieve</STRONG> (Thumb, 32 bytes, Stack size 0 bytes, boardb_link.o(.text), UNUSED)

<P><STRONG><a name="[190]"></a>getMessage_102</STRONG> (Thumb, 38 bytes, Stack size 0 bytes, boardb_link.o(.text))
<BR><BR>[Called By]<UL><LI><a href="#[1f]">&gt;&gt;</a>&nbsp;&nbsp;&nbsp;CAN1_RX0_IRQHandler
</UL>

<P><STRONG><a name="[191]"></a>getMessage_103</STRONG> (Thumb, 36 bytes, Stack size 0 bytes, boardb_link.o(.text))
<BR><BR>[Called By]<UL><LI><a href="#[1f]">&gt;&gt;</a>&nbsp;&nbsp;&nbsp;CAN1_RX0_IRQHandler
</UL>

<P><STRONG><a name="[192]"></a>getMessage_104</STRONG> (Thumb, 44 bytes, Stack size 0 bytes, boardb_link.o(.text))
<BR><BR>[Called By]<UL><LI><a href="#[1f]">&gt;&gt;</a>&nbsp;&nbsp;&nbsp;CAN1_RX0_IRQHandler
</UL>

<P><STRONG><a name="[117]"></a>Restart_UsrInterFace</STRONG> (Thumb, 42 bytes, Stack size 24 bytes, boardb_link.o(.text), UNUSED)
<BR><BR>[Calls]<UL><LI><a href="#[f1]">&gt;&gt;</a>&nbsp;&nbsp;&nbsp;CAN_Transmit
</UL>

<P><STRONG><a name="[118]"></a>SendToBoardB_aboutShoot</STRONG> (Thumb, 50 bytes, Stack size 32 bytes, boardb_link.o(.text), UNUSED)
<BR><BR>[Calls]<UL><LI><a href="#[f1]">&gt;&gt;</a>&nbsp;&nbsp;&nbsp;CAN_Transmit
</UL>

<P><STRONG><a name="[119]"></a>SendToBoardB_aboutGongdan</STRONG> (Thumb, 44 bytes, Stack size 32 bytes, boardb_link.o(.text), UNUSED)
<BR><BR>[Calls]<UL><LI><a href="#[f1]">&gt;&gt;</a>&nbsp;&nbsp;&nbsp;CAN_Transmit
</UL>

<P><STRONG><a name="[11a]"></a>BSP_Init</STRONG> (Thumb, 120 bytes, Stack size 8 bytes, main.o(.text))
<BR><BR>[Stack]<UL><LI>Max Depth = 172<LI>Call Chain = BSP_Init &rArr; USART6_Init &rArr; USART_Init &rArr; RCC_GetClocksFreq
</UL>
<BR>[Calls]<UL><LI><a href="#[e0]">&gt;&gt;</a>&nbsp;&nbsp;&nbsp;remote_control_init
<LI><a href="#[d9]">&gt;&gt;</a>&nbsp;&nbsp;&nbsp;TIM_SetCompare4
<LI><a href="#[122]">&gt;&gt;</a>&nbsp;&nbsp;&nbsp;uart7_init
<LI><a href="#[124]">&gt;&gt;</a>&nbsp;&nbsp;&nbsp;power_ctrl_configuration
<LI><a href="#[11e]">&gt;&gt;</a>&nbsp;&nbsp;&nbsp;led_configuration
<LI><a href="#[127]">&gt;&gt;</a>&nbsp;&nbsp;&nbsp;laser_configuration
<LI><a href="#[12a]">&gt;&gt;</a>&nbsp;&nbsp;&nbsp;exti_init
<LI><a href="#[11c]">&gt;&gt;</a>&nbsp;&nbsp;&nbsp;delay_init
<LI><a href="#[12d]">&gt;&gt;</a>&nbsp;&nbsp;&nbsp;USART6_Init
<LI><a href="#[123]">&gt;&gt;</a>&nbsp;&nbsp;&nbsp;USART3_Init
<LI><a href="#[126]">&gt;&gt;</a>&nbsp;&nbsp;&nbsp;TIM_SetCompare3
<LI><a href="#[125]">&gt;&gt;</a>&nbsp;&nbsp;&nbsp;TIM8_Init
<LI><a href="#[128]">&gt;&gt;</a>&nbsp;&nbsp;&nbsp;TIM3_Init
<LI><a href="#[12b]">&gt;&gt;</a>&nbsp;&nbsp;&nbsp;TIM12_Init
<LI><a href="#[11f]">&gt;&gt;</a>&nbsp;&nbsp;&nbsp;Spi5_Init
<LI><a href="#[11b]">&gt;&gt;</a>&nbsp;&nbsp;&nbsp;NVIC_PriorityGroupConfig
<LI><a href="#[120]">&gt;&gt;</a>&nbsp;&nbsp;&nbsp;MPU6500_Init
<LI><a href="#[121]">&gt;&gt;</a>&nbsp;&nbsp;&nbsp;IST8310_Init
<LI><a href="#[11d]">&gt;&gt;</a>&nbsp;&nbsp;&nbsp;Electricpush_IO_Init
<LI><a href="#[12c]">&gt;&gt;</a>&nbsp;&nbsp;&nbsp;CAN2_Init
<LI><a href="#[129]">&gt;&gt;</a>&nbsp;&nbsp;&nbsp;CAN1_Init
</UL>
<BR>[Called By]<UL><LI><a href="#[63]">&gt;&gt;</a>&nbsp;&nbsp;&nbsp;main
</UL>

<P><STRONG><a name="[63]"></a>main</STRONG> (Thumb, 30 bytes, Stack size 0 bytes, main.o(.text))
<BR><BR>[Stack]<UL><LI>Max Depth = 200<LI>Call Chain = main &rArr; timerSendCreate &rArr; xTimerGenericCommand &rArr; xQueueGenericSend &rArr; prvUnlockQueue &rArr; prvNotifyQueueSetContainer &rArr; prvCopyDataToQueue &rArr; xTaskPriorityDisinherit
</UL>
<BR>[Calls]<UL><LI><a href="#[12f]">&gt;&gt;</a>&nbsp;&nbsp;&nbsp;robotInit
<LI><a href="#[130]">&gt;&gt;</a>&nbsp;&nbsp;&nbsp;vTaskStartScheduler
<LI><a href="#[12e]">&gt;&gt;</a>&nbsp;&nbsp;&nbsp;delay_ms
<LI><a href="#[11a]">&gt;&gt;</a>&nbsp;&nbsp;&nbsp;BSP_Init
<LI><a href="#[10e]">&gt;&gt;</a>&nbsp;&nbsp;&nbsp;startTask
<LI><a href="#[f6]">&gt;&gt;</a>&nbsp;&nbsp;&nbsp;timerSendCreate
</UL>
<BR>[Address Reference Count : 1]<UL><LI> entry9a.o(.ARM.Collect$$$$0000000B)
</UL>
<P><STRONG><a name="[2]"></a>NMI_Handler</STRONG> (Thumb, 2 bytes, Stack size 0 bytes, stm32f4xx_it.o(.text))
<BR>[Address Reference Count : 1]<UL><LI> startup_stm32f427xx.o(RESET)
</UL>
<P><STRONG><a name="[3]"></a>HardFault_Handler</STRONG> (Thumb, 4 bytes, Stack size 0 bytes, stm32f4xx_it.o(.text))
<BR>[Address Reference Count : 1]<UL><LI> startup_stm32f427xx.o(RESET)
</UL>
<P><STRONG><a name="[4]"></a>MemManage_Handler</STRONG> (Thumb, 4 bytes, Stack size 0 bytes, stm32f4xx_it.o(.text))
<BR>[Address Reference Count : 1]<UL><LI> startup_stm32f427xx.o(RESET)
</UL>
<P><STRONG><a name="[5]"></a>BusFault_Handler</STRONG> (Thumb, 4 bytes, Stack size 0 bytes, stm32f4xx_it.o(.text))
<BR>[Address Reference Count : 1]<UL><LI> startup_stm32f427xx.o(RESET)
</UL>
<P><STRONG><a name="[6]"></a>UsageFault_Handler</STRONG> (Thumb, 4 bytes, Stack size 0 bytes, stm32f4xx_it.o(.text))
<BR>[Address Reference Count : 1]<UL><LI> startup_stm32f427xx.o(RESET)
</UL>
<P><STRONG><a name="[8]"></a>DebugMon_Handler</STRONG> (Thumb, 2 bytes, Stack size 0 bytes, stm32f4xx_it.o(.text))
<BR>[Address Reference Count : 1]<UL><LI> startup_stm32f427xx.o(RESET)
</UL>
<P><STRONG><a name="[120]"></a>MPU6500_Init</STRONG> (Thumb, 124 bytes, Stack size 8 bytes, imu_onboard.o(.text))
<BR><BR>[Stack]<UL><LI>Max Depth = 72<LI>Call Chain = MPU6500_Init &rArr; smartDelayMs &rArr; vTaskDelay &rArr; xTaskResumeAll &rArr; xTaskIncrementTick
</UL>
<BR>[Calls]<UL><LI><a href="#[132]">&gt;&gt;</a>&nbsp;&nbsp;&nbsp;smartDelayMs
<LI><a href="#[131]">&gt;&gt;</a>&nbsp;&nbsp;&nbsp;MPU6500_Write_Reg
<LI><a href="#[133]">&gt;&gt;</a>&nbsp;&nbsp;&nbsp;MPU6500_Read_Reg
</UL>
<BR>[Called By]<UL><LI><a href="#[11a]">&gt;&gt;</a>&nbsp;&nbsp;&nbsp;BSP_Init
</UL>

<P><STRONG><a name="[121]"></a>IST8310_Init</STRONG> (Thumb, 130 bytes, Stack size 16 bytes, imu_onboard.o(.text))
<BR><BR>[Stack]<UL><LI>Max Depth = 96<LI>Call Chain = IST8310_Init &rArr; IST8310_Reg_Read_By_MPU &rArr; smartDelayMs &rArr; vTaskDelay &rArr; xTaskResumeAll &rArr; xTaskIncrementTick
</UL>
<BR>[Calls]<UL><LI><a href="#[132]">&gt;&gt;</a>&nbsp;&nbsp;&nbsp;smartDelayMs
<LI><a href="#[135]">&gt;&gt;</a>&nbsp;&nbsp;&nbsp;IST8310_Reg_Write_By_MPU
<LI><a href="#[136]">&gt;&gt;</a>&nbsp;&nbsp;&nbsp;IST8310_Reg_Read_By_MPU
<LI><a href="#[137]">&gt;&gt;</a>&nbsp;&nbsp;&nbsp;IST8310_Auto_Update
<LI><a href="#[134]">&gt;&gt;</a>&nbsp;&nbsp;&nbsp;GPIO_WriteBit
</UL>
<BR>[Called By]<UL><LI><a href="#[11a]">&gt;&gt;</a>&nbsp;&nbsp;&nbsp;BSP_Init
</UL>

<P><STRONG><a name="[fd]"></a>IMU_Update_Data</STRONG> (Thumb, 182 bytes, Stack size 8 bytes, imu_onboard.o(.text))
<BR><BR>[Stack]<UL><LI>Max Depth = 40<LI>Call Chain = IMU_Update_Data &rArr; MPU6500_Read_Regs &rArr; SPI5_ReadWriteByte
</UL>
<BR>[Calls]<UL><LI><a href="#[138]">&gt;&gt;</a>&nbsp;&nbsp;&nbsp;MPU6500_Read_Regs
</UL>
<BR>[Called By]<UL><LI><a href="#[8b]">&gt;&gt;</a>&nbsp;&nbsp;&nbsp;INS_task
</UL>

<P><STRONG><a name="[fe]"></a>IMU_Handle_Data</STRONG> (Thumb, 542 bytes, Stack size 8 bytes, imu_onboard.o(.text))
<BR><BR>[Stack]<UL><LI>Max Depth = 8<LI>Call Chain = IMU_Handle_Data
</UL>
<BR>[Called By]<UL><LI><a href="#[8b]">&gt;&gt;</a>&nbsp;&nbsp;&nbsp;INS_task
</UL>

<P><STRONG><a name="[13a]"></a>inv_sqrt</STRONG> (Thumb, 106 bytes, Stack size 0 bytes, imu_onboard.o(.text))
<BR><BR>[Called By]<UL><LI><a href="#[139]">&gt;&gt;</a>&nbsp;&nbsp;&nbsp;imu_ahrsCalculate
<LI><a href="#[101]">&gt;&gt;</a>&nbsp;&nbsp;&nbsp;imu_ahrsCalculate_IMUonly
</UL>

<P><STRONG><a name="[139]"></a>imu_ahrsCalculate</STRONG> (Thumb, 1626 bytes, Stack size 216 bytes, imu_onboard.o(.text), UNUSED)
<BR><BR>[Calls]<UL><LI><a href="#[a1]">&gt;&gt;</a>&nbsp;&nbsp;&nbsp;__aeabi_f2d
<LI><a href="#[a4]">&gt;&gt;</a>&nbsp;&nbsp;&nbsp;__aeabi_d2f
<LI><a href="#[13a]">&gt;&gt;</a>&nbsp;&nbsp;&nbsp;inv_sqrt
<LI><a href="#[13b]">&gt;&gt;</a>&nbsp;&nbsp;&nbsp;__hardfp_sqrt
</UL>

<P><STRONG><a name="[101]"></a>imu_ahrsCalculate_IMUonly</STRONG> (Thumb, 850 bytes, Stack size 100 bytes, imu_onboard.o(.text))
<BR><BR>[Stack]<UL><LI>Max Depth = 100<LI>Call Chain = imu_ahrsCalculate_IMUonly
</UL>
<BR>[Calls]<UL><LI><a href="#[13a]">&gt;&gt;</a>&nbsp;&nbsp;&nbsp;inv_sqrt
</UL>
<BR>[Called By]<UL><LI><a href="#[8b]">&gt;&gt;</a>&nbsp;&nbsp;&nbsp;INS_task
</UL>

[...]
</UL>
<BR>[Calls]<UL><LI><a href="#[1c9]">&gt;&gt;</a>&nbsp;&nbsp;&nbsp;xQueueGenericReset
</UL>
<BR>[Called By]<UL><LI><a href="#[f8]">&gt;&gt;</a>&nbsp;&nbsp;&nbsp;xQueueGenericCreate
</UL>

<P><STRONG><a name="[1cd]"></a>prvCopyDataToQueue</STRONG> (Thumb, 124 bytes, Stack size 24 bytes, queue.o(.text))
<BR><BR>[Stack]<UL><LI>Max Depth = 40<LI>Call Chain = prvCopyDataToQueue &rArr; xTaskPriorityDisinherit
</UL>
<BR>[Calls]<UL><LI><a href="#[1ce]">&gt;&gt;</a>&nbsp;&nbsp;&nbsp;xTaskPriorityDisinherit
<LI><a href="#[1aa]">&gt;&gt;</a>&nbsp;&nbsp;&nbsp;__aeabi_memcpy
</UL>
<BR>[Called By]<UL><LI><a href="#[197]">&gt;&gt;</a>&nbsp;&nbsp;&nbsp;xQueueGenericSend
<LI><a href="#[1e0]">&gt;&gt;</a>&nbsp;&nbsp;&nbsp;xQueueGenericSendFromISR
<LI><a href="#[1cf]">&gt;&gt;</a>&nbsp;&nbsp;&nbsp;prvNotifyQueueSetContainer
</UL>

<P><STRONG><a name="[1cf]"></a>prvNotifyQueueSetContainer</STRONG> (Thumb, 144 bytes, Stack size 32 bytes, queue.o(.text))
<BR><BR>[Stack]<UL><LI>Max Depth = 72<LI>Call Chain = prvNotifyQueueSetContainer &rArr; prvCopyDataToQueue &rArr; xTaskPriorityDisinherit
</UL>
<BR>[Calls]<UL><LI><a href="#[1ca]">&gt;&gt;</a>&nbsp;&nbsp;&nbsp;xTaskRemoveFromEventList
<LI><a href="#[1cd]">&gt;&gt;</a>&nbsp;&nbsp;&nbsp;prvCopyDataToQueue
</UL>
<BR>[Called By]<UL><LI><a href="#[197]">&gt;&gt;</a>&nbsp;&nbsp;&nbsp;xQueueGenericSend
<LI><a href="#[1e1]">&gt;&gt;</a>&nbsp;&nbsp;&nbsp;xQueueGiveFromISR
<LI><a href="#[1e0]">&gt;&gt;</a>&nbsp;&nbsp;&nbsp;xQueueGenericSendFromISR
<LI><a href="#[1d0]">&gt;&gt;</a>&nbsp;&nbsp;&nbsp;prvUnlockQueue
</UL>

<P><STRONG><a name="[1d0]"></a>prvUnlockQueue</STRONG> (Thumb, 146 bytes, Stack size 16 bytes, queue.o(.text))
<BR><BR>[Stack]<UL><LI>Max Depth = 88<LI>Call Chain = prvUnlockQueue &rArr; prvNotifyQueueSetContainer &rArr; prvCopyDataToQueue &rArr; xTaskPriorityDisinherit
</UL>
<BR>[Calls]<UL><LI><a href="#[fb]">&gt;&gt;</a>&nbsp;&nbsp;&nbsp;vPortExitCritical
<LI><a href="#[f7]">&gt;&gt;</a>&nbsp;&nbsp;&nbsp;vPortEnterCritical
<LI><a href="#[1ca]">&gt;&gt;</a>&nbsp;&nbsp;&nbsp;xTaskRemoveFromEventList
<LI><a href="#[1d1]">&gt;&gt;</a>&nbsp;&nbsp;&nbsp;vTaskMissedYield
<LI><a href="#[1cf]">&gt;&gt;</a>&nbsp;&nbsp;&nbsp;prvNotifyQueueSetContainer
</UL>
<BR>[Called By]<UL><LI><a href="#[f2]">&gt;&gt;</a>&nbsp;&nbsp;&nbsp;xQueueGenericReceive
<LI><a href="#[197]">&gt;&gt;</a>&nbsp;&nbsp;&nbsp;xQueueGenericSend
<LI><a href="#[1e8]">&gt;&gt;</a>&nbsp;&nbsp;&nbsp;vQueueWaitForMessageRestricted
</UL>

<P><STRONG><a name="[1d2]"></a>prvIsQueueFull</STRONG> (Thumb, 30 bytes, Stack size 16 bytes, queue.o(.text))
<BR><BR>[Stack]<UL><LI>Max Depth = 16<LI>Call Chain = prvIsQueueFull
</UL>
<BR>[Calls]<UL><LI><a href="#[fb]">&gt;&gt;</a>&nbsp;&nbsp;&nbsp;vPortExitCritical
<LI><a href="#[f7]">&gt;&gt;</a>&nbsp;&nbsp;&nbsp;vPortEnterCritical
</UL>
<BR>[Called By]<UL><LI><a href="#[197]">&gt;&gt;</a>&nbsp;&nbsp;&nbsp;xQueueGenericSend
</UL>

<P><STRONG><a name="[1d6]"></a>prvInitialiseMutex</STRONG> (Thumb, 28 bytes, Stack size 8 bytes, queue.o(.text), UNUSED)
<BR><BR>[Calls]<UL><LI><a href="#[197]">&gt;&gt;</a>&nbsp;&nbsp;&nbsp;xQueueGenericSend
</UL>
<BR>[Called By]<UL><LI><a href="#[1d7]">&gt;&gt;</a>&nbsp;&nbsp;&nbsp;xQueueCreateMutex
</UL>

<P><STRONG><a name="[1da]"></a>prvIsQueueEmpty</STRONG> (Thumb, 26 bytes, Stack size 16 bytes, queue.o(.text))
<BR><BR>[Stack]<UL><LI>Max Depth = 16<LI>Call Chain = prvIsQueueEmpty
</UL>
<BR>[Calls]<UL><LI><a href="#[fb]">&gt;&gt;</a>&nbsp;&nbsp;&nbsp;vPortExitCritical
<LI><a href="#[f7]">&gt;&gt;</a>&nbsp;&nbsp;&nbsp;vPortEnterCritical
</UL>
<BR>[Called By]<UL><LI><a href="#[f2]">&gt;&gt;</a>&nbsp;&nbsp;&nbsp;xQueueGenericReceive
</UL>

<P><STRONG><a name="[1db]"></a>prvCopyDataFromQueue</STRONG> (Thumb, 42 bytes, Stack size 16 bytes, queue.o(.text))
<BR><BR>[Stack]<UL><LI>Max Depth = 16<LI>Call Chain = prvCopyDataFromQueue
</UL>
<BR>[Calls]<UL><LI><a href="#[1aa]">&gt;&gt;</a>&nbsp;&nbsp;&nbsp;__aeabi_memcpy
</UL>
<BR>[Called By]<UL><LI><a href="#[f2]">&gt;&gt;</a>&nbsp;&nbsp;&nbsp;xQueueGenericReceive
<LI><a href="#[1e3]">&gt;&gt;</a>&nbsp;&nbsp;&nbsp;xQueuePeekFromISR
<LI><a href="#[1e2]">&gt;&gt;</a>&nbsp;&nbsp;&nbsp;xQueueReceiveFromISR
</UL>

<P><STRONG><a name="[1ef]"></a>prvInitialiseTaskLists</STRONG> (Thumb, 70 bytes, Stack size 8 bytes, tasks.o(.text))
<BR><BR>[Stack]<UL><LI>Max Depth = 8<LI>Call Chain = prvInitialiseTaskLists
</UL>
<BR>[Calls]<UL><LI><a href="#[1cb]">&gt;&gt;</a>&nbsp;&nbsp;&nbsp;vListInitialise
</UL>
<BR>[Called By]<UL><LI><a href="#[1f0]">&gt;&gt;</a>&nbsp;&nbsp;&nbsp;prvAddNewTaskToReadyList
</UL>

<P><STRONG><a name="[1f0]"></a>prvAddNewTaskToReadyList</STRONG> (Thumb, 156 bytes, Stack size 8 bytes, tasks.o(.text))
<BR><BR>[Stack]<UL><LI>Max Depth = 16<LI>Call Chain = prvAddNewTaskToReadyList &rArr; prvInitialiseTaskLists
</UL>
<BR>[Calls]<UL><LI><a href="#[fb]">&gt;&gt;</a>&nbsp;&nbsp;&nbsp;vPortExitCritical
<LI><a href="#[f7]">&gt;&gt;</a>&nbsp;&nbsp;&nbsp;vPortEnterCritical
<LI><a href="#[1ef]">&gt;&gt;</a>&nbsp;&nbsp;&nbsp;prvInitialiseTaskLists
<LI><a href="#[1f1]">&gt;&gt;</a>&nbsp;&nbsp;&nbsp;vListInsertEnd
</UL>
<BR>[Called By]<UL><LI><a href="#[10c]">&gt;&gt;</a>&nbsp;&nbsp;&nbsp;xTaskCreate
</UL>

<P><STRONG><a name="[1f2]"></a>prvInitialiseNewTask</STRONG> (Thumb, 180 bytes, Stack size 40 bytes, tasks.o(.text))
<BR><BR>[Stack]<UL><LI>Max Depth = 40<LI>Call Chain = prvInitialiseNewTask
</UL>
<BR>[Calls]<UL><LI><a href="#[1f4]">&gt;&gt;</a>&nbsp;&nbsp;&nbsp;vListInitialiseItem
<LI><a href="#[1f5]">&gt;&gt;</a>&nbsp;&nbsp;&nbsp;pxPortInitialiseStack
<LI><a href="#[1f3]">&gt;&gt;</a>&nbsp;&nbsp;&nbsp;__aeabi_memset
</UL>
<BR>[Called By]<UL><LI><a href="#[10c]">&gt;&gt;</a>&nbsp;&nbsp;&nbsp;xTaskCreate
</UL>

<P><STRONG><a name="[1f8]"></a>prvResetNextTaskUnblockTime</STRONG> (Thumb, 42 bytes, Stack size 0 bytes, tasks.o(.text))
<BR><BR>[Called By]<UL><LI><a href="#[10d]">&gt;&gt;</a>&nbsp;&nbsp;&nbsp;vTaskDelete
<LI><a href="#[1ff]">&gt;&gt;</a>&nbsp;&nbsp;&nbsp;vTaskSuspend
<LI><a href="#[1c6]">&gt;&gt;</a>&nbsp;&nbsp;&nbsp;xTaskIncrementTick
<LI><a href="#[1c0]">&gt;&gt;</a>&nbsp;&nbsp;&nbsp;xTaskResumeAll
</UL>

<P><STRONG><a name="[1f6]"></a>prvDeleteTCB</STRONG> (Thumb, 18 bytes, Stack size 8 bytes, tasks.o(.text))
<BR><BR>[Stack]<UL><LI>Max Depth = 64<LI>Call Chain = prvDeleteTCB &rArr; vPortFree &rArr; xTaskResumeAll &rArr; xTaskIncrementTick
</UL>
<BR>[Calls]<UL><LI><a href="#[1c1]">&gt;&gt;</a>&nbsp;&nbsp;&nbsp;vPortFree
</UL>
<BR>[Called By]<UL><LI><a href="#[10d]">&gt;&gt;</a>&nbsp;&nbsp;&nbsp;vTaskDelete
<LI><a href="#[203]">&gt;&gt;</a>&nbsp;&nbsp;&nbsp;prvCheckTasksWaitingTermination
</UL>

<P><STRONG><a name="[1f9]"></a>prvAddCurrentTaskToDelayedList</STRONG> (Thumb, 124 bytes, Stack size 24 bytes, tasks.o(.text))
<BR><BR>[Stack]<UL><LI>Max Depth = 32<LI>Call Chain = prvAddCurrentTaskToDelayedList &rArr; vListInsert
</UL>
<BR>[Calls]<UL><LI><a href="#[1f7]">&gt;&gt;</a>&nbsp;&nbsp;&nbsp;uxListRemove
<LI><a href="#[1fa]">&gt;&gt;</a>&nbsp;&nbsp;&nbsp;vListInsert
<LI><a href="#[1f1]">&gt;&gt;</a>&nbsp;&nbsp;&nbsp;vListInsertEnd
</UL>
<BR>[Called By]<UL><LI><a href="#[bc]">&gt;&gt;</a>&nbsp;&nbsp;&nbsp;vTaskDelayUntil
<LI><a href="#[b7]">&gt;&gt;</a>&nbsp;&nbsp;&nbsp;vTaskDelay
<LI><a href="#[216]">&gt;&gt;</a>&nbsp;&nbsp;&nbsp;xTaskNotifyWait
<LI><a href="#[215]">&gt;&gt;</a>&nbsp;&nbsp;&nbsp;ulTaskNotifyTake
<LI><a href="#[1e9]">&gt;&gt;</a>&nbsp;&nbsp;&nbsp;vTaskPlaceOnEventListRestricted
<LI><a href="#[1d5]">&gt;&gt;</a>&nbsp;&nbsp;&nbsp;vTaskPlaceOnEventList
<LI><a href="#[20f]">&gt;&gt;</a>&nbsp;&nbsp;&nbsp;vTaskPlaceOnUnorderedEventList
</UL>

<P><STRONG><a name="[201]"></a>prvTaskIsTaskSuspended</STRONG> (Thumb, 80 bytes, Stack size 8 bytes, tasks.o(.text), UNUSED)
<BR><BR>[Called By]<UL><LI><a href="#[202]">&gt;&gt;</a>&nbsp;&nbsp;&nbsp;xTaskResumeFromISR
<LI><a href="#[200]">&gt;&gt;</a>&nbsp;&nbsp;&nbsp;vTaskResume
</UL>

<P><STRONG><a name="[203]"></a>prvCheckTasksWaitingTermination</STRONG> (Thumb, 86 bytes, Stack size 16 bytes, tasks.o(.text))
<BR><BR>[Stack]<UL><LI>Max Depth = 80<LI>Call Chain = prvCheckTasksWaitingTermination &rArr; prvDeleteTCB &rArr; vPortFree &rArr; xTaskResumeAll &rArr; xTaskIncrementTick
</UL>
<BR>[Calls]<UL><LI><a href="#[fb]">&gt;&gt;</a>&nbsp;&nbsp;&nbsp;vPortExitCritical
<LI><a href="#[f7]">&gt;&gt;</a>&nbsp;&nbsp;&nbsp;vPortEnterCritical
<LI><a href="#[1f6]">&gt;&gt;</a>&nbsp;&nbsp;&nbsp;prvDeleteTCB
<LI><a href="#[1f7]">&gt;&gt;</a>&nbsp;&nbsp;&nbsp;uxListRemove
<LI><a href="#[1c0]">&gt;&gt;</a>&nbsp;&nbsp;&nbsp;xTaskResumeAll
<LI><a href="#[1bd]">&gt;&gt;</a>&nbsp;&nbsp;&nbsp;vTaskSuspendAll
</UL>
<BR>[Called By]<UL><LI><a href="#[95]">&gt;&gt;</a>&nbsp;&nbsp;&nbsp;prvIdleTask
</UL>

<P><STRONG><a name="[95]"></a>prvIdleTask</STRONG> (Thumb, 32 bytes, Stack size 0 bytes, tasks.o(.text))
<BR><BR>[Stack]<UL><LI>Max Depth = 80<LI>Call Chain = prvIdleTask &rArr; prvCheckTasksWaitingTermination &rArr; prvDeleteTCB &rArr; vPortFree &rArr; xTaskResumeAll &rArr; xTaskIncrementTick
</UL>
<BR>[Calls]<UL><LI><a href="#[203]">&gt;&gt;</a>&nbsp;&nbsp;&nbsp;prvCheckTasksWaitingTermination
</UL>
<BR>[Address Reference Count : 1]<UL><LI> tasks.o(.text)
</UL>
<P><STRONG><a name="[20a]"></a>prvSearchForNameWithinSingleList</STRONG> (Thumb, 158 bytes, Stack size 24 bytes, tasks.o(.text), UNUSED)
<BR><BR>[Called By]<UL><LI><a href="#[208]">&gt;&gt;</a>&nbsp;&nbsp;&nbsp;xTaskGetHandle
</UL>

<P><STRONG><a name="[20c]"></a>prvTaskCheckFreeStackSpace</STRONG> (Thumb, 22 bytes, Stack size 0 bytes, tasks.o(.text))
<BR><BR>[Called By]<UL><LI><a href="#[10a]">&gt;&gt;</a>&nbsp;&nbsp;&nbsp;uxTaskGetStackHighWaterMark
<LI><a href="#[20b]">&gt;&gt;</a>&nbsp;&nbsp;&nbsp;vTaskGetInfo
</UL>

<P><STRONG><a name="[20d]"></a>prvListTasksWithinSingleList</STRONG> (Thumb, 106 bytes, Stack size 32 bytes, tasks.o(.text), UNUSED)
<BR><BR>[Calls]<UL><LI><a href="#[20b]">&gt;&gt;</a>&nbsp;&nbsp;&nbsp;vTaskGetInfo
</UL>
<BR>[Called By]<UL><LI><a href="#[20e]">&gt;&gt;</a>&nbsp;&nbsp;&nbsp;uxTaskGetSystemState
</UL>

<P><STRONG><a name="[211]"></a>prvWriteNameToBuffer</STRONG> (Thumb, 42 bytes, Stack size 16 bytes, tasks.o(.text), UNUSED)
<BR><BR>[Calls]<UL><LI><a href="#[212]">&gt;&gt;</a>&nbsp;&nbsp;&nbsp;strcpy
<LI><a href="#[209]">&gt;&gt;</a>&nbsp;&nbsp;&nbsp;strlen
</UL>
<BR>[Called By]<UL><LI><a href="#[213]">&gt;&gt;</a>&nbsp;&nbsp;&nbsp;vTaskList
</UL>

<P><STRONG><a name="[21b]"></a>prvInsertTimerInActiveList</STRONG> (Thumb, 80 bytes, Stack size 24 bytes, timers.o(.text))
<BR><BR>[Stack]<UL><LI>Max Depth = 32<LI>Call Chain = prvInsertTimerInActiveList &rArr; vListInsert
</UL>
<BR>[Calls]<UL><LI><a href="#[1fa]">&gt;&gt;</a>&nbsp;&nbsp;&nbsp;vListInsert
</UL>
<BR>[Called By]<UL><LI><a href="#[21f]">&gt;&gt;</a>&nbsp;&nbsp;&nbsp;prvProcessExpiredTimer
<LI><a href="#[21e]">&gt;&gt;</a>&nbsp;&nbsp;&nbsp;prvProcessReceivedCommands
</UL>

<P><STRONG><a name="[21c]"></a>prvSwitchTimerLists</STRONG> (Thumb, 150 bytes, Stack size 32 bytes, timers.o(.text))
<BR><BR>[Stack]<UL><LI>Max Depth = 216<LI>Call Chain = prvSwitchTimerLists &rArr; xTimerGenericCommand &rArr; xQueueGenericSend &rArr; prvUnlockQueue &rArr; prvNotifyQueueSetContainer &rArr; prvCopyDataToQueue &rArr; xTaskPriorityDisinherit
</UL>
<BR>[Calls]<UL><LI><a href="#[fa]">&gt;&gt;</a>&nbsp;&nbsp;&nbsp;xTimerGenericCommand
<LI><a href="#[1f7]">&gt;&gt;</a>&nbsp;&nbsp;&nbsp;uxListRemove
<LI><a href="#[1fa]">&gt;&gt;</a>&nbsp;&nbsp;&nbsp;vListInsert
</UL>
<BR>[Called By]<UL><LI><a href="#[21d]">&gt;&gt;</a>&nbsp;&nbsp;&nbsp;prvSampleTimeNow
</UL>

<P><STRONG><a name="[21d]"></a>prvSampleTimeNow</STRONG> (Thumb, 40 bytes, Stack size 16 bytes, timers.o(.text))
<BR><BR>[Stack]<UL><LI>Max Depth = 232<LI>Call Chain = prvSampleTimeNow &rArr; prvSwitchTimerLists &rArr; xTimerGenericCommand &rArr; xQueueGenericSend &rArr; prvUnlockQueue &rArr; prvNotifyQueueSetContainer &rArr; prvCopyDataToQueue &rArr; xTaskPriorityDisinherit
</UL>
<BR>[Calls]<UL><LI><a href="#[b8]">&gt;&gt;</a>&nbsp;&nbsp;&nbsp;xTaskGetTickCount
<LI><a href="#[21c]">&gt;&gt;</a>&nbsp;&nbsp;&nbsp;prvSwitchTimerLists
</UL>
<BR>[Called By]<UL><LI><a href="#[220]">&gt;&gt;</a>&nbsp;&nbsp;&nbsp;prvProcessTimerOrBlockTask
<LI><a href="#[21e]">&gt;&gt;</a>&nbsp;&nbsp;&nbsp;prvProcessReceivedCommands
</UL>

<P><STRONG><a name="[21e]"></a>prvProcessReceivedCommands</STRONG> (Thumb, 242 bytes, Stack size 40 bytes, timers.o(.text))
<BR><BR>[Stack]<UL><LI>Max Depth = 272<LI>Call Chain = prvProcessReceivedCommands &rArr; prvSampleTimeNow &rArr; prvSwitchTimerLists &rArr; xTimerGenericCommand &rArr; xQueueGenericSend &rArr; prvUnlockQueue &rArr; prvNotifyQueueSetContainer &rArr; prvCopyDataToQueue &rArr; xTaskPriorityDisinherit
</UL>
<BR>[Calls]<UL><LI><a href="#[fa]">&gt;&gt;</a>&nbsp;&nbsp;&nbsp;xTimerGenericCommand
<LI><a href="#[f2]">&gt;&gt;</a>&nbsp;&nbsp;&nbsp;xQueueGenericReceive
<LI><a href="#[21d]">&gt;&gt;</a>&nbsp;&nbsp;&nbsp;prvSampleTimeNow
<LI><a href="#[21b]">&gt;&gt;</a>&nbsp;&nbsp;&nbsp;prvInsertTimerInActiveList
<LI><a href="#[1f7]">&gt;&gt;</a>&nbsp;&nbsp;&nbsp;uxListRemove
<LI><a href="#[1c1]">&gt;&gt;</a>&nbsp;&nbsp;&nbsp;vPortFree
</UL>
<BR>[Called By]<UL><LI><a href="#[96]">&gt;&gt;</a>&nbsp;&nbsp;&nbsp;prvTimerTask
</UL>

<P><STRONG><a name="[21f]"></a>prvProcessExpiredTimer</STRONG> (Thumb, 94 bytes, Stack size 24 bytes, timers.o(.text))
<BR><BR>[Stack]<UL><LI>Max Depth = 208<LI>Call Chain = prvProcessExpiredTimer &rArr; xTimerGenericCommand &rArr; xQueueGenericSend &rArr; prvUnlockQueue &rArr; prvNotifyQueueSetContainer &rArr; prvCopyDataToQueue &rArr; xTaskPriorityDisinherit
</UL>
<BR>[Calls]<UL><LI><a href="#[fa]">&gt;&gt;</a>&nbsp;&nbsp;&nbsp;xTimerGenericCommand
<LI><a href="#[21b]">&gt;&gt;</a>&nbsp;&nbsp;&nbsp;prvInsertTimerInActiveList
<LI><a href="#[1f7]">&gt;&gt;</a>&nbsp;&nbsp;&nbsp;uxListRemove
</UL>
<BR>[Called By]<UL><LI><a href="#[220]">&gt;&gt;</a>&nbsp;&nbsp;&nbsp;prvProcessTimerOrBlockTask
</UL>

<P><STRONG><a name="[220]"></a>prvProcessTimerOrBlockTask</STRONG> (Thumb, 102 bytes, Stack size 24 bytes, timers.o(.text))
<BR><BR>[Stack]<UL><LI>Max Depth = 256<LI>Call Chain = prvProcessTimerOrBlockTask &rArr; prvSampleTimeNow &rArr; prvSwitchTimerLists &rArr; xTimerGenericCommand &rArr; xQueueGenericSend &rArr; prvUnlockQueue &rArr; prvNotifyQueueSetContainer &rArr; prvCopyDataToQueue &rArr; xTaskPriorityDisinherit
</UL>
<BR>[Calls]<UL><LI><a href="#[21f]">&gt;&gt;</a>&nbsp;&nbsp;&nbsp;prvProcessExpiredTimer
<LI><a href="#[21d]">&gt;&gt;</a>&nbsp;&nbsp;&nbsp;prvSampleTimeNow
<LI><a href="#[1e8]">&gt;&gt;</a>&nbsp;&nbsp;&nbsp;vQueueWaitForMessageRestricted
<LI><a href="#[1c0]">&gt;&gt;</a>&nbsp;&nbsp;&nbsp;xTaskResumeAll
<LI><a href="#[1bd]">&gt;&gt;</a>&nbsp;&nbsp;&nbsp;vTaskSuspendAll
</UL>
<BR>[Called By]<UL><LI><a href="#[96]">&gt;&gt;</a>&nbsp;&nbsp;&nbsp;prvTimerTask
</UL>

<P><STRONG><a name="[221]"></a>prvGetNextExpireTime</STRONG> (Thumb, 36 bytes, Stack size 0 bytes, timers.o(.text))
<BR><BR>[Called By]<UL><LI><a href="#[96]">&gt;&gt;</a>&nbsp;&nbsp;&nbsp;prvTimerTask
</UL>

<P><STRONG><a name="[96]"></a>prvTimerTask</STRONG> (Thumb, 26 bytes, Stack size 8 bytes, timers.o(.text))
<BR><BR>[Stack]<UL><LI>Max Depth = 280<LI>Call Chain = prvTimerTask &rArr; prvProcessReceivedCommands &rArr; prvSampleTimeNow &rArr; prvSwitchTimerLists &rArr; xTimerGenericCommand &rArr; xQueueGenericSend &rArr; prvUnlockQueue &rArr; prvNotifyQueueSetContainer &rArr; prvCopyDataToQueue &rArr; xTaskPriorityDisinherit
</UL>
<BR>[Calls]<UL><LI><a href="#[221]">&gt;&gt;</a>&nbsp;&nbsp;&nbsp;prvGetNextExpireTime
<LI><a href="#[220]">&gt;&gt;</a>&nbsp;&nbsp;&nbsp;prvProcessTimerOrBlockTask
<LI><a href="#[21e]">&gt;&gt;</a>&nbsp;&nbsp;&nbsp;prvProcessReceivedCommands
</UL>
<BR>[Address Reference Count : 1]<UL><LI> timers.o(.text)
</UL>
<P><STRONG><a name="[222]"></a>prvCheckForValidListAndQueue</STRONG> (Thumb, 72 bytes, Stack size 8 bytes, timers.o(.text))
<BR><BR>[Stack]<UL><LI>Max Depth = 104<LI>Call Chain = prvCheckForValidListAndQueue &rArr; xQueueGenericCreate &rArr; pvPortMalloc &rArr; xTaskResumeAll &rArr; xTaskIncrementTick
</UL>
<BR>[Calls]<UL><LI><a href="#[f8]">&gt;&gt;</a>&nbsp;&nbsp;&nbsp;xQueueGenericCreate
<LI><a href="#[fb]">&gt;&gt;</a>&nbsp;&nbsp;&nbsp;vPortExitCritical
<LI><a href="#[f7]">&gt;&gt;</a>&nbsp;&nbsp;&nbsp;vPortEnterCritical
<LI><a href="#[223]">&gt;&gt;</a>&nbsp;&nbsp;&nbsp;vQueueAddToRegistry
<LI><a href="#[1cb]">&gt;&gt;</a>&nbsp;&nbsp;&nbsp;vListInitialise
</UL>
<BR>[Called By]<UL><LI><a href="#[224]">&gt;&gt;</a>&nbsp;&nbsp;&nbsp;prvInitialiseNewTimer
<LI><a href="#[204]">&gt;&gt;</a>&nbsp;&nbsp;&nbsp;xTimerCreateTimerTask
</UL>

<P><STRONG><a name="[224]"></a>prvInitialiseNewTimer</STRONG> (Thumb, 78 bytes, Stack size 32 bytes, timers.o(.text))
<BR><BR>[Stack]<UL><LI>Max Depth = 136<LI>Call Chain = prvInitialiseNewTimer &rArr; prvCheckForValidListAndQueue &rArr; xQueueGenericCreate &rArr; pvPortMalloc &rArr; xTaskResumeAll &rArr; xTaskIncrementTick
</UL>
<BR>[Calls]<UL><LI><a href="#[222]">&gt;&gt;</a>&nbsp;&nbsp;&nbsp;prvCheckForValidListAndQueue
<LI><a href="#[1f4]">&gt;&gt;</a>&nbsp;&nbsp;&nbsp;vListInitialiseItem
</UL>
<BR>[Called By]<UL><LI><a href="#[f9]">&gt;&gt;</a>&nbsp;&nbsp;&nbsp;xTimerCreate
</UL>

<P><STRONG><a name="[22f]"></a>CheckITStatus</STRONG> (Thumb, 18 bytes, Stack size 0 bytes, stm32f4xx_can.o(.text))
<BR><BR>[Called By]<UL><LI><a href="#[18c]">&gt;&gt;</a>&nbsp;&nbsp;&nbsp;CAN_GetITStatus
</UL>

<P><STRONG><a name="[237]"></a>TI4_Config</STRONG> (Thumb, 80 bytes, Stack size 20 bytes, stm32f4xx_tim.o(.text), UNUSED)
<BR><BR>[Called By]<UL><LI><a href="#[230]">&gt;&gt;</a>&nbsp;&nbsp;&nbsp;TIM_ICInit
</UL>

<P><STRONG><a name="[235]"></a>TI3_Config</STRONG> (Thumb, 72 bytes, Stack size 20 bytes, stm32f4xx_tim.o(.text), UNUSED)
<BR><BR>[Called By]<UL><LI><a href="#[230]">&gt;&gt;</a>&nbsp;&nbsp;&nbsp;TIM_ICInit
</UL>

<P><STRONG><a name="[233]"></a>TI2_Config</STRONG> (Thumb, 90 bytes, Stack size 20 bytes, stm32f4xx_tim.o(.text), UNUSED)
<BR><BR>[Called By]<UL><LI><a href="#[23c]">&gt;&gt;</a>&nbsp;&nbsp;&nbsp;TIM_TIxExternalClockConfig
<LI><a href="#[239]">&gt;&gt;</a>&nbsp;&nbsp;&nbsp;TIM_PWMIConfig
<LI><a href="#[230]">&gt;&gt;</a>&nbsp;&nbsp;&nbsp;TIM_ICInit
</UL>

<P><STRONG><a name="[231]"></a>TI1_Config</STRONG> (Thumb, 58 bytes, Stack size 20 bytes, stm32f4xx_tim.o(.text), UNUSED)
<BR><BR>[Called By]<UL><LI><a href="#[23c]">&gt;&gt;</a>&nbsp;&nbsp;&nbsp;TIM_TIxExternalClockConfig
<LI><a href="#[239]">&gt;&gt;</a>&nbsp;&nbsp;&nbsp;TIM_PWMIConfig
<LI><a href="#[230]">&gt;&gt;</a>&nbsp;&nbsp;&nbsp;TIM_ICInit
</UL>

<P><STRONG><a name="[241]"></a>SetSysClock</STRONG> (Thumb, 272 bytes, Stack size 12 bytes, system_stm32f4xx.o(.text))
<BR><BR>[Stack]<UL><LI>Max Depth = 12<LI>Call Chain = SetSysClock
</UL>
<BR>[Called By]<UL><LI><a href="#[97]">&gt;&gt;</a>&nbsp;&nbsp;&nbsp;SystemInit
</UL>

<P><STRONG><a name="[251]"></a>angle_to_quat</STRONG> (Thumb, 364 bytes, Stack size 48 bytes, ahrs.o(i.angle_to_quat))
<BR><BR>[Stack]<UL><LI>Max Depth = 64<LI>Call Chain = angle_to_quat &rArr; AHRS_cosf
</UL>
<BR>[Calls]<UL><LI><a href="#[149]">&gt;&gt;</a>&nbsp;&nbsp;&nbsp;AHRS_cosf
<LI><a href="#[147]">&gt;&gt;</a>&nbsp;&nbsp;&nbsp;AHRS_sinf
</UL>
<BR>[Called By]<UL><LI><a href="#[100]">&gt;&gt;</a>&nbsp;&nbsp;&nbsp;AHRS_init
</UL>

<P><STRONG><a name="[253]"></a>_printf_core</STRONG> (Thumb, 436 bytes, Stack size 96 bytes, printf3.o(i._printf_core), UNUSED)
<BR><BR>[Calls]<UL><LI><a href="#[26a]">&gt;&gt;</a>&nbsp;&nbsp;&nbsp;__aeabi_uidivmod
</UL>
<BR>[Called By]<UL><LI><a href="#[252]">&gt;&gt;</a>&nbsp;&nbsp;&nbsp;__0sprintf$3
</UL>

<P><STRONG><a name="[99]"></a>_sputc</STRONG> (Thumb, 10 bytes, Stack size 0 bytes, printf3.o(i._sputc))
<BR><BR>[Called By]<UL><LI><a href="#[252]">&gt;&gt;</a>&nbsp;&nbsp;&nbsp;__0sprintf$3
</UL>
<BR>[Address Reference Count : 1]<UL><LI> printf3.o(i.__0sprintf$3)
</UL><P>
<H3>
Undefined Global Symbols
</H3><HR></body></html>
